2026-10-08T09:57:59.561Z west build --build-dir /home/ashuqullah-alizai/Documents/DECT_2020_GIT/dect_shell/build /home/ashuqullah-alizai/Documents/DECT_2020_GIT/dect_shell
2026-10-08T09:57:59.866Z [0/5] Performing build step for 'dect_shell'
2026-10-08T09:57:59.914Z [0/16] Performing build step for 'tfm'
2026-10-08T09:57:59.931Z ninja: no work to do.
2026-10-08T09:57:59.945Z [2/10] Performing install step for 'tfm'
2026-10-08T09:57:59.945Z -- Install configuration: "MinSizeRel"
2026-10-08T09:57:59.945Z [0m----- Installing platform NS -----[0m
2026-10-08T09:57:59.950Z [3/10] Completed 'tfm'
2026-10-08T09:58:00.453Z [4/10] Building C object CMakeFiles/app.dir/src/dect/common/dect_phy_api_scheduler.c.obj
2026-10-08T09:58:00.475Z [5/10] Linking C static library app/libapp.a
2026-10-08T09:58:00.604Z [6/10] Linking C executable zephyr/zephyr_pre0.elf; Logical command for additional byproducts on target: zephyr_pre0
2026-10-08T09:58:00.643Z [7/10] Generating linker.cmd
2026-10-08T09:58:00.887Z [8/10] Generating isr_tables.c, isr_tables_vt.ld, isr_tables_swi.ld
2026-10-08T09:58:01.076Z [9/10] Building C object zephyr/CMakeFiles/zephyr_final.dir/isr_tables.c.obj
2026-10-08T09:58:01.922Z [10/10] Linking C executable zephyr/zephyr.elf
2026-10-08T09:58:01.922Z Memory region         Used Size  Region Size  %age Used
2026-10-08T09:58:01.922Z            FLASH:      286880 B       960 KB     29.18%
2026-10-08T09:58:01.922Z              RAM:      139280 B     206040 B     67.60%
2026-10-08T09:58:01.922Z         IDT_LIST:          0 GB        32 KB      0.00%
2026-10-08T09:58:01.922Z Generating files from /home/ashuqullah-alizai/Documents/DECT_2020_GIT/dect_shell/build/dect_shell/zephyr/zephyr.elf for board: nrf9151_connectkit/nrf9151/ns
2026-10-08T09:58:01.926Z [2/5] No install step for 'dect_shell'
2026-10-08T09:58:01.932Z [3/5] Completed 'dect_shell'
2026-10-08T09:58:01.935Z [4/5] cd /home/ashuqullah-alizai/Documents/DECT_2020_GIT/dect_shell/build/_sysbuild && /home/ashuqullah-alizai/ncs/toolchains/911f4c5c26/usr/local/bin/cmake -E true
2026-10-08T09:58:02.141Z [5/5] Generating ../merged.hex
10-08T09:25:05.677Z -- Cache files will be written to: /home/ashuqullah-alizai/.cache/zephyr
2026-10-08T09:25:05.687Z -- Zephyr version: 4.3.99 (/home/ashuqullah-alizai/ncs/v3.3.0/zephyr)
2026-10-08T09:25:05.767Z -- Found west (found suitable version "1.5.0", minimum required is "0.14.0")
2026-10-08T09:25:06.868Z -- Board: nrf9151_connectkit, qualifiers: nrf9151/ns
2026-10-08T09:25:08.002Z -- Found host-tools: zephyr 0.17.0 (/home/ashuqullah-alizai/ncs/toolchains/911f4c5c26/opt/zephyr-sdk)
2026-10-08T09:25:08.003Z -- Found toolchain: zephyr 0.17.0 (/home/ashuqullah-alizai/ncs/toolchains/911f4c5c26/opt/zephyr-sdk)
2026-10-08T09:25:08.011Z -- Found Dtc: /home/ashuqullah-alizai/ncs/toolchains/911f4c5c26/usr/bin/dtc (found suitable version "1.5.0", minimum required is "1.4.6")
2026-10-08T09:25:08.013Z -- Found BOARD.dts: /home/ashuqullah-alizai/Documents/DECT_2020_GIT/dect_shell/boards/nrf9151_connectkit/nrf9151_connectkit_nrf9151_ns.dts
2026-10-08T09:25:08.276Z -- Generated zephyr.dts: /home/ashuqullah-alizai/Documents/DECT_2020_GIT/dect_shell/build/dect_shell/zephyr/zephyr.dts
2026-10-08T09:25:08.277Z -- Generated pickled edt: /home/ashuqullah-alizai/Documents/DECT_2020_GIT/dect_shell/build/dect_shell/zephyr/edt.pickle
2026-10-08T09:25:08.390Z -- Generated devicetree_generated.h: /home/ashuqullah-alizai/Documents/DECT_2020_GIT/dect_shell/build/dect_shell/zephyr/include/generated/zephyr/devicetree_generated.h
2026-10-08T09:25:10.774Z Parsing /home/ashuqullah-alizai/Documents/DECT_2020_GIT/dect_shell/Kconfig
2026-10-08T09:25:10.774Z Loaded configuration '/home/ashuqullah-alizai/Documents/DECT_2020_GIT/dect_shell/boards/nrf9151_connectkit/nrf9151_connectkit_nrf9151_ns_defconfig'
2026-10-08T09:25:10.774Z Merged configuration '/home/ashuqullah-alizai/Documents/DECT_2020_GIT/dect_shell/prj.conf'
2026-10-08T09:25:10.774Z Merged configuration '/home/ashuqullah-alizai/Documents/DECT_2020_GIT/dect_shell/build/dect_shell/zephyr/misc/generated/extra_kconfig_options.conf'
2026-10-08T09:25:10.775Z Merged configuration '/home/ashuqullah-alizai/Documents/DECT_2020_GIT/dect_shell/build/dect_shell/zephyr/.config.sysbuild'
2026-10-08T09:25:10.775Z Configuration saved to '/home/ashuqullah-alizai/Documents/DECT_2020_GIT/dect_shell/build/dect_shell/zephyr/.config'
2026-10-08T09:25:10.775Z Kconfig header saved to '/home/ashuqullah-alizai/Documents/DECT_2020_GIT/dect_shell/build/dect_shell/zephyr/include/generated/zephyr/autoconf.h'
2026-10-08T09:25:11.237Z -- Found GnuLd: /home/ashuqullah-alizai/ncs/toolchains/911f4c5c26/opt/zephyr-sdk/arm-zephyr-eabi/arm-zephyr-eabi/bin/ld.bfd (found version "2.38")
2026-10-08T09:25:11.312Z -- The C compiler identification is GNU 12.2.0
2026-10-08T09:25:11.389Z -- The CXX compiler identification is GNU 12.2.0
2026-10-08T09:25:11.409Z -- The ASM compiler identification is GNU
2026-10-08T09:25:11.410Z -- Found assembler: /home/ashuqullah-alizai/ncs/toolchains/911f4c5c26/opt/zephyr-sdk/arm-zephyr-eabi/bin/arm-zephyr-eabi-gcc
2026-10-08T09:25:12.182Z -- Using ccache: /home/ashuqullah-alizai/ncs/toolchains/911f4c5c26/usr/bin/ccache
2026-10-08T09:25:12.276Z -- Found gen_kobject_list: /home/ashuqullah-alizai/ncs/v3.3.0/zephyr/scripts/build/gen_kobject_list.py
2026-10-08T09:25:12.419Z -- Configuring done (6.9s)
2026-10-08T09:25:12.710Z -- Generating done (0.3s)
2026-10-08T09:25:12.710Z -- Build files have been written to: /home/ashuqullah-alizai/Documents/DECT_2020_GIT/dect_shell/build/dect_shell
2026-10-08T09:25:13.034Z Dropping partition 'nrf_modem_lib_trace' since its size is 0.
2026-10-08T09:25:13.193Z -- Configuring done (10.5s)
2026-10-08T09:25:13.202Z -- Generating done (0.0s)
2026-10-08T09:25:13.203Z -- Build files have been written to: /home/ashuqullah-alizai/Documents/DECT_2020_GIT/dect_shell/build
2026-10-08T09:25:13.216Z -- west build: building application
2026-10-08T09:25:13.233Z [1/10] Creating directories for 'dect_shell'
2026-10-08T09:25:13.236Z [2/10] No download step for 'dect_shell'
2026-10-08T09:25:13.241Z [3/10] No update step for 'dect_shell'
2026-10-08T09:25:13.245Z [4/10] No patch step for 'dect_shell'
2026-10-08T09:25:13.249Z [5/10] No configure step for 'dect_shell'
2026-10-08T09:25:13.250Z [5/10] Performing build step for 'dect_shell'
2026-10-08T09:25:13.293Z [1/349] Preparing syscall dependency handling
2026-10-08T09:25:13.293Z 
2026-10-08T09:25:13.299Z [2/349] Generating ../../zephyr/include/generated/ncs_commit.h
2026-10-08T09:25:13.300Z [3/349] Generating ../../zephyr/include/generated/zephyr_commit.h
2026-10-08T09:25:13.302Z [4/349] Generating ../../zephyr/include/generated/ncs_version.h
2026-10-08T09:25:13.315Z [5/349] Generating include/generated/zephyr/version.h
2026-10-08T09:25:13.315Z -- Zephyr version: 4.3.99 (/home/ashuqullah-alizai/ncs/v3.3.0/zephyr), build: ncs-v3.3.0
2026-10-08T09:25:13.349Z [6/349] Generating misc/generated/syscalls_subdirs.trigger
2026-10-08T09:25:14.192Z [7/349] Generating ../../tfm/CMakeCache.txt
2026-10-08T09:25:14.192Z -- Found Git: /home/ashuqullah-alizai/ncs/toolchains/911f4c5c26/usr/local/bin/git (found version "2.52.0")
2026-10-08T09:25:14.192Z -- The C compiler identification is GNU 12.2.0
2026-10-08T09:25:14.192Z -- The CXX compiler identification is GNU 12.2.0
2026-10-08T09:25:14.192Z -- The ASM compiler identification is GNU
2026-10-08T09:25:14.192Z -- Found assembler: /home/ashuqullah-alizai/ncs/toolchains/911f4c5c26/opt/zephyr-sdk/arm-zephyr-eabi/bin/arm-zephyr-eabi-gcc
2026-10-08T09:25:14.192Z -- Found Python3: /home/ashuqullah-alizai/ncs/toolchains/911f4c5c26/usr/local/bin/python3.12 (found version "3.12.4") found components: Interpreter
2026-10-08T09:25:14.192Z -- Found Python3: /home/ashuqullah-alizai/ncs/toolchains/911f4c5c26/usr/local/bin/python3.12 (found suitable version "3.12.4", minimum required is "3.10") found components: Interpreter
2026-10-08T09:25:14.192Z -- Cache files will be written to: /home/ashuqullah-alizai/.cache/zephyr
2026-10-08T09:25:14.192Z [33mCMake Warning (dev) at /home/ashuqullah-alizai/ncs/v3.3.0/nrf/modules/trusted-firmware-m/tfm_boards/nrf9120/CMakeLists.txt:24 (install):
2026-10-08T09:25:14.192Z   Policy CMP0177 is not set: install() DESTINATION paths are normalized.  Run
2026-10-08T09:25:14.192Z   "cmake --help-policy CMP0177" for policy details.  Use the cmake_policy
2026-10-08T09:25:14.192Z   command to set the policy and suppress this warning.
2026-10-08T09:25:14.192Z This warning is for project developers.  Use -Wno-dev to suppress it.
2026-10-08T09:25:14.192Z [0m
2026-10-08T09:25:14.192Z -- Configuring done (0.8s)
2026-10-08T09:25:14.192Z -- Generating done (0.1s)
2026-10-08T09:25:14.192Z -- Build files have been written to: /home/ashuqullah-alizai/Documents/DECT_2020_GIT/dect_shell/build/dect_shell/tfm
2026-10-08T09:25:14.546Z [8/349] Generating misc/generated/syscalls.json, misc/generated/struct_tags.json
2026-10-08T09:25:14.577Z [9/349] Generating include/generated/device-api-sections.ld, include/generated/device-api-sections.cmake
2026-10-08T09:25:14.627Z [10/349] Generating include/generated/zephyr/syscall_dispatch.c, include/generated/zephyr/syscall_exports_llext.c, syscall_weakdefs_llext.c, include/generated/zephyr/syscall_list.h
2026-10-08T09:25:14.632Z [11/349] Creating directories for 'tfm'
2026-10-08T09:25:14.637Z [12/349] No download step for 'tfm'
2026-10-08T09:25:14.642Z [13/349] No update step for 'tfm'
2026-10-08T09:25:14.647Z [14/349] No patch step for 'tfm'
2026-10-08T09:25:14.651Z [15/349] Generating include/generated/zephyr/driver-validation.h
2026-10-08T09:25:14.651Z [16/349] No configure step for 'tfm'
2026-10-08T09:25:14.652Z [16/349] Performing build step for 'tfm'
2026-10-08T09:25:14.714Z [1/164] Building C object platform/CMakeFiles/platform_crypto_keys.dir/ext/common/picolibc.o
2026-10-08T09:25:14.714Z [2/164] Building C object platform/CMakeFiles/platform_crypto_keys.dir/ext/common/syscalls_stub.o
2026-10-08T09:25:14.757Z [3/164] Building C object platform/CMakeFiles/platform_s.dir/home/ashuqullah-alizai/ncs/v3.3.0/nrf/modules/trusted-firmware-m/tfm_boards/common/dummy_otp.o
2026-10-08T09:25:14.762Z [4/164] Building C object platform/CMakeFiles/platform_crypto_keys.dir/__/lib/tfm_vprintf/src/tfm_vprintf.o
2026-10-08T09:25:14.772Z [5/164] Building C object platform/CMakeFiles/platform_s.dir/home/ashuqullah-alizai/ncs/v3.3.0/nrf/modules/trusted-firmware-m/tfm_boards/common/assert.o
2026-10-08T09:25:14.843Z [6/164] Building C object platform/CMakeFiles/platform_s.dir/home/ashuqullah-alizai/ncs/v3.3.0/nrf/modules/trusted-firmware-m/tfm_boards/common/dummy_provisioning.o
2026-10-08T09:25:14.859Z [7/164] Building C object platform/CMakeFiles/platform_s.dir/home/ashuqullah-alizai/ncs/v3.3.0/modules/hal/nordic/nrfx/bsp/stable/mdk/system_nrf91.o
2026-10-08T09:25:14.878Z [8/164] Building C object platform/CMakeFiles/platform_s.dir/ext/target/nordic_nrf/common/core/nrf_exception_info.o
2026-10-08T09:25:14.914Z [9/164] Building C object platform/CMakeFiles/platform_s.dir/home/ashuqullah-alizai/ncs/v3.3.0/nrf/modules/trusted-firmware-m/tfm_boards/common/tfm_hal_platform.o
2026-10-08T09:25:14.964Z [10/164] Building C object platform/CMakeFiles/platform_s.dir/ext/target/nordic_nrf/common/core/native_drivers/spu.o
2026-10-08T09:25:14.982Z [11/164] Building C object platform/CMakeFiles/platform_s.dir/ext/common/tfm_hal_spm_logdev_peripheral.o
2026-10-08T09:25:14.991Z [12/164] Building C object platform/CMakeFiles/platform_s.dir/ext/target/nordic_nrf/common/core/nrfx_glue.o
2026-10-08T09:25:15.012Z [13/164] Building C object platform/CMakeFiles/platform_s.dir/ext/target/nordic_nrf/common/core/cmsis_drivers/Driver_USART.o
2026-10-08T09:25:15.028Z [14/164] Building C object platform/CMakeFiles/platform_s.dir/ext/target/nordic_nrf/common/core/services/src/tfm_ioctl_core_s_api.o
2026-10-08T09:25:15.037Z [15/164] Building C object platform/CMakeFiles/platform_s.dir/ext/common/picolibc.o
2026-10-08T09:25:15.060Z [16/164] Linking C static library platform/libplatform_crypto_keys.a
2026-10-08T09:25:15.064Z [17/164] Building C object platform/CMakeFiles/platform_s.dir/ext/common/syscalls_stub.o
2026-10-08T09:25:15.091Z [18/164] Building C object platform/CMakeFiles/platform_s.dir/ext/target/nordic_nrf/common/core/native_drivers/mpu_armv8m_drv.o
2026-10-08T09:25:15.121Z [19/164] Building C object secure_fw/partitions/platform/CMakeFiles/tfm_psa_rot_partition_platform.dir/__/__/__/generated/secure_fw/partitions/platform/auto_generated/intermedia_tfm_platform.o
2026-10-08T09:25:15.150Z [20/164] Building C object platform/CMakeFiles/platform_s.dir/__/lib/tfm_vprintf/src/tfm_vprintf.o
2026-10-08T09:25:15.167Z [21/164] Building C object secure_fw/partitions/platform/CMakeFiles/tfm_psa_rot_partition_platform.dir/__/__/__/platform/ext/common/picolibc.o
2026-10-08T09:25:15.188Z [22/164] Building C object secure_fw/partitions/platform/CMakeFiles/tfm_psa_rot_partition_platform.dir/platform_sp.o
2026-10-08T09:25:15.191Z [23/164] Building C object secure_fw/partitions/platform/CMakeFiles/tfm_psa_rot_partition_platform.dir/__/__/__/platform/ext/common/syscalls_stub.o
2026-10-08T09:25:15.215Z [24/164] Building C object platform/CMakeFiles/platform_s.dir/ext/common/uart_stdout.o
2026-10-08T09:25:15.225Z [25/164] Building C object platform/CMakeFiles/platform_s.dir/home/ashuqullah-alizai/ncs/v3.3.0/modules/hal/nordic/nrfx/drivers/src/nrfx_nvmc.o
2026-10-08T09:25:15.230Z [26/164] Building C object platform/CMakeFiles/platform_s.dir/ext/target/nordic_nrf/common/core/services/src/tfm_platform_hal_ioctl.o
2026-10-08T09:25:15.243Z [27/164] Building C object platform/CMakeFiles/platform_s.dir/ext/common/tfm_fatal_error.o
2026-10-08T09:25:15.253Z [28/164] Building C object secure_fw/partitions/crypto/mbedcrypto/nrf_security_src/drivers/nrf_oberon/CMakeFiles/oberon_psa_driver.dir/home/ashuqullah-alizai/ncs/v3.3.0/modules/crypto/oberon-psa-crypto/oberon/drivers/oberon_helpers.o
2026-10-08T09:25:15.271Z [29/164] Building C object platform/CMakeFiles/platform_s.dir/home/ashuqullah-alizai/ncs/v3.3.0/nrf/modules/trusted-firmware-m/tfm_boards/common/tfm_hal_reset_halt.o
2026-10-08T09:25:15.290Z [30/164] Building C object secure_fw/partitions/crypto/mbedcrypto/nrf_security_src/drivers/nrf_oberon/CMakeFiles/oberon_psa_driver.dir/home/ashuqullah-alizai/ncs/v3.3.0/modules/crypto/oberon-psa-crypto/oberon/drivers/oberon_ecdsa.o
2026-10-08T09:25:15.295Z [31/164] Building C object secure_fw/partitions/platform/CMakeFiles/tfm_psa_rot_partition_platform.dir/__/__/__/lib/tfm_vprintf/src/tfm_vprintf.o
2026-10-08T09:25:15.305Z [32/164] Building C object secure_fw/partitions/crypto/mbedcrypto/nrf_security_src/drivers/nrf_oberon/CMakeFiles/oberon_psa_driver.dir/home/ashuqullah-alizai/ncs/v3.3.0/modules/crypto/oberon-psa-crypto/oberon/drivers/oberon_jpake.o
2026-10-08T09:25:15.305Z [33/164] Building C object secure_fw/partitions/crypto/mbedcrypto/nrf_security_src/drivers/nrf_oberon/CMakeFiles/oberon_psa_driver.dir/home/ashuqullah-alizai/ncs/v3.3.0/modules/crypto/oberon-psa-crypto/oberon/drivers/oberon_ec_keys.o
2026-10-08T09:25:15.308Z [34/164] Building C object secure_fw/partitions/crypto/mbedcrypto/nrf_security_src/drivers/nrf_oberon/CMakeFiles/oberon_psa_driver.dir/home/ashuqullah-alizai/ncs/v3.3.0/modules/crypto/oberon-psa-crypto/oberon/drivers/oberon_ecdh.o
2026-10-08T09:25:15.310Z [35/164] Building C object secure_fw/partitions/crypto/mbedcrypto/nrf_security_src/drivers/nrf_oberon/CMakeFiles/oberon_psa_driver.dir/home/ashuqullah-alizai/ncs/v3.3.0/modules/crypto/oberon-psa-crypto/oberon/drivers/oberon_eddsa.o
2026-10-08T09:25:15.313Z [36/164] Building C object platform/CMakeFiles/platform_s.dir/ext/common/exception_info.o
2026-10-08T09:25:15.324Z [37/164] Building C object secure_fw/partitions/crypto/mbedcrypto/nrf_security_src/drivers/nrf_oberon/CMakeFiles/oberon_psa_driver.dir/home/ashuqullah-alizai/ncs/v3.3.0/modules/crypto/oberon-psa-crypto/oberon/drivers/oberon_spake2p.o
2026-10-08T09:25:15.325Z [38/164] Building C object secure_fw/partitions/crypto/mbedcrypto/nrf_security_src/drivers/nrf_oberon/CMakeFiles/oberon_psa_driver.dir/home/ashuqullah-alizai/ncs/v3.3.0/modules/crypto/oberon-psa-crypto/oberon/drivers/oberon_srp.o
2026-10-08T09:25:15.348Z [39/164] Building C object secure_fw/partitions/crypto/mbedcrypto/nrf_security_src/drivers/nrf_oberon/CMakeFiles/oberon_psa_driver.dir/home/ashuqullah-alizai/ncs/v3.3.0/modules/crypto/oberon-psa-crypto/oberon/drivers/oberon_wpa3_sae.o
2026-10-08T09:25:15.361Z [40/164] Building C object secure_fw/partitions/crypto/mbedcrypto/nrf_security_src/drivers/nrf_oberon/CMakeFiles/oberon_psa_driver.dir/home/ashuqullah-alizai/ncs/v3.3.0/modules/crypto/oberon-psa-crypto/oberon/drivers/oberon_ml_kem.o
2026-10-08T09:25:15.391Z [41/164] Building C object secure_fw/partitions/crypto/mbedcrypto/nrf_security_src/drivers/nrf_oberon/CMakeFiles/oberon_psa_driver.dir/home/ashuqullah-alizai/ncs/v3.3.0/modules/crypto/oberon-psa-crypto/oberon/drivers/oberon_ml_dsa.o
2026-10-08T09:25:15.405Z [42/164] Building C object platform/CMakeFiles/platform_s.dir/home/ashuqullah-alizai/ncs/v3.3.0/nrf/modules/trusted-firmware-m/tfm_boards/common/ns_fault_service.o
2026-10-08T09:25:15.410Z [43/164] Building C object platform/CMakeFiles/platform_s.dir/home/ashuqullah-alizai/ncs/v3.3.0/nrf/modules/trusted-firmware-m/tfm_boards/src/tfm_platform_system.o
2026-10-08T09:25:15.415Z [44/164] Building C object secure_fw/partitions/crypto/mbedcrypto/nrf_security_src/core/nrf_oberon/CMakeFiles/psa_core.dir/home/ashuqullah-alizai/ncs/v3.3.0/modules/crypto/oberon-psa-crypto/library/platform_util.o
2026-10-08T09:25:15.425Z [45/164] Building C object secure_fw/partitions/crypto/mbedcrypto/nrf_security_src/core/nrf_oberon/CMakeFiles/psa_core.dir/home/ashuqullah-alizai/ncs/v3.3.0/modules/crypto/oberon-psa-crypto/library/platform.o
2026-10-08T09:25:15.433Z [46/164] Building C object secure_fw/partitions/crypto/mbedcrypto/nrf_security_src/core/nrf_oberon/CMakeFiles/psa_core.dir/home/ashuqullah-alizai/ncs/v3.3.0/modules/crypto/oberon-psa-crypto/library/psa_crypto_storage.o
2026-10-08T09:25:15.436Z [47/164] Building C object secure_fw/partitions/crypto/mbedcrypto/nrf_security_src/core/nrf_oberon/CMakeFiles/psa_core.dir/home/ashuqullah-alizai/ncs/v3.3.0/modules/crypto/oberon-psa-crypto/library/psa_crypto_client.o
2026-10-08T09:25:15.476Z [48/164] Building C object secure_fw/partitions/crypto/mbedcrypto/nrf_security_src/CMakeFiles/mbedcrypto_base.dir/home/ashuqullah-alizai/ncs/v3.3.0/modules/crypto/mbedtls/library/bignum_core.o
2026-10-08T09:25:15.490Z [49/164] Building C object secure_fw/partitions/crypto/mbedcrypto/nrf_security_src/CMakeFiles/mbedcrypto_base.dir/home/ashuqullah-alizai/ncs/v3.3.0/modules/crypto/mbedtls/library/bignum.o
2026-10-08T09:25:15.500Z [50/164] Building C object secure_fw/partitions/crypto/mbedcrypto/nrf_security_src/CMakeFiles/mbedcrypto_base.dir/home/ashuqullah-alizai/ncs/v3.3.0/modules/crypto/mbedtls/library/nist_kw.o
2026-10-08T09:25:15.503Z [51/164] Building C object secure_fw/partitions/crypto/mbedcrypto/nrf_security_src/drivers/nrf_oberon/CMakeFiles/oberon_psa_driver.dir/home/ashuqullah-alizai/ncs/v3.3.0/modules/crypto/oberon-psa-crypto/oberon/drivers/oberon_rsa.o
2026-10-08T09:25:15.513Z [52/164] Building C object secure_fw/partitions/crypto/mbedcrypto/nrf_security_src/drivers/nrf_oberon/CMakeFiles/oberon_psa_driver.dir/home/ashuqullah-alizai/ncs/v3.3.0/modules/crypto/oberon-psa-crypto/oberon/drivers/oberon_lms.o
2026-10-08T09:25:15.542Z [53/164] Building C object secure_fw/partitions/crypto/mbedcrypto/nrf_security_src/CMakeFiles/mbedcrypto_base.dir/home/ashuqullah-alizai/ncs/v3.3.0/modules/crypto/mbedtls/library/padlock.o
2026-10-08T09:25:15.552Z [54/164] Building C object secure_fw/partitions/crypto/mbedcrypto/nrf_security_src/drivers/nrf_oberon/CMakeFiles/oberon_psa_driver.dir/home/ashuqullah-alizai/ncs/v3.3.0/modules/crypto/oberon-psa-crypto/oberon/drivers/oberon_xmss.o
2026-10-08T09:25:15.556Z [55/164] Building C object secure_fw/partitions/crypto/mbedcrypto/nrf_security_src/CMakeFiles/mbedcrypto_base.dir/home/ashuqullah-alizai/ncs/v3.3.0/modules/crypto/mbedtls/library/version.o
2026-10-08T09:25:15.589Z [56/164] Building C object secure_fw/partitions/crypto/mbedcrypto/nrf_security_src/core/nrf_oberon/CMakeFiles/psa_core.dir/home/ashuqullah-alizai/ncs/v3.3.0/modules/crypto/oberon-psa-crypto/library/psa_crypto_slot_management.o
2026-10-08T09:25:15.592Z [57/164] Building C object platform/CMakeFiles/platform_s.dir/home/ashuqullah-alizai/ncs/v3.3.0/nrf/modules/trusted-firmware-m/tfm_boards/src/tfm_ioctl_s_api.o
2026-10-08T09:25:15.595Z [58/164] Building C object secure_fw/partitions/crypto/mbedcrypto/nrf_security_src/CMakeFiles/nrf_security_utils.dir/utils/nrf_security_mutexes.o
2026-10-08T09:25:15.609Z [59/164] Building C object secure_fw/partitions/crypto/mbedcrypto/nrf_security_src/CMakeFiles/mbedcrypto_base.dir/home/ashuqullah-alizai/ncs/v3.3.0/modules/crypto/mbedtls/library/asn1write.o
2026-10-08T09:25:15.619Z [60/164] Building C object secure_fw/partitions/crypto/mbedcrypto/nrf_security_src/CMakeFiles/mbedcrypto_base.dir/home/ashuqullah-alizai/ncs/v3.3.0/modules/crypto/mbedtls/library/base64.o
2026-10-08T09:25:15.637Z [61/164] Building C object secure_fw/partitions/crypto/mbedcrypto/nrf_security_src/CMakeFiles/mbedcrypto_base.dir/home/ashuqullah-alizai/ncs/v3.3.0/modules/crypto/mbedtls/library/constant_time.o
2026-10-08T09:25:15.637Z [62/164] Building C object secure_fw/partitions/crypto/mbedcrypto/nrf_security_src/CMakeFiles/mbedcrypto_base.dir/home/ashuqullah-alizai/ncs/v3.3.0/modules/crypto/mbedtls/library/asn1parse.o
2026-10-08T09:25:15.717Z [63/164] Building C object secure_fw/partitions/crypto/mbedcrypto/nrf_security_src/CMakeFiles/mbedcrypto_base.dir/home/ashuqullah-alizai/ncs/v3.3.0/modules/crypto/mbedtls/library/oid.o
2026-10-08T09:25:15.729Z [64/164] Building C object secure_fw/partitions/crypto/mbedcrypto/nrf_security_src/core/nrf_oberon/CMakeFiles/psa_core.dir/home/ashuqullah-alizai/ncs/v3.3.0/nrf/subsys/nrf_security/src/psa_crypto_driver_wrappers.o
2026-10-08T09:25:15.742Z [65/164] Building C object platform/CMakeFiles/platform_s.dir/home/ashuqullah-alizai/ncs/v3.3.0/modules/hal/nordic/nrfx/drivers/src/nrfx_uarte.o
2026-10-08T09:25:15.779Z [66/164] Linking C static library platform/libplatform_s.a
2026-10-08T09:25:15.806Z [67/164] Building C object secure_fw/partitions/crypto/mbedcrypto/nrf_security_src/CMakeFiles/nrf_security_utils.dir/utils/nrf_security_core.o
2026-10-08T09:25:15.808Z [68/164] Linking C static library secure_fw/partitions/platform/libtfm_psa_rot_partition_platform.a
2026-10-08T09:25:15.816Z [69/164] Building C object secure_fw/partitions/crypto/mbedcrypto/nrf_security_src/CMakeFiles/nrf_security_utils.dir/utils/nrf_security_events.o
2026-10-08T09:25:15.833Z [70/164] Linking C static library secure_fw/partitions/crypto/mbedcrypto/nrf_security_src/drivers/nrf_oberon/liboberon_psa_driver.a
2026-10-08T09:25:15.854Z [71/164] Building C object secure_fw/partitions/crypto/mbedcrypto/nrf_security_src/CMakeFiles/crypto_service_mbedcrypto.dir/home/ashuqullah-alizai/ncs/v3.3.0/modules/crypto/mbedtls/library/memory_buffer_alloc.o
2026-10-08T09:25:15.898Z [72/164] Building C object secure_fw/partitions/crypto/CMakeFiles/tfm_psa_rot_partition_crypto.dir/crypto_hash.o
2026-10-08T09:25:15.904Z [73/164] Building C object secure_fw/partitions/crypto/CMakeFiles/tfm_psa_rot_partition_crypto.dir/crypto_asymmetric.o
2026-10-08T09:25:15.906Z [74/164] Building C object secure_fw/partitions/crypto/CMakeFiles/tfm_psa_rot_partition_crypto.dir/crypto_mac.o
2026-10-08T09:25:15.911Z [75/164] Building C object secure_fw/partitions/crypto/CMakeFiles/tfm_psa_rot_partition_crypto.dir/crypto_library.o
2026-10-08T09:25:15.937Z [76/164] Building C object secure_fw/partitions/crypto/CMakeFiles/tfm_psa_rot_partition_crypto.dir/crypto_init.o
2026-10-08T09:25:15.945Z [77/164] Building C object secure_fw/partitions/crypto/CMakeFiles/tfm_psa_rot_partition_crypto.dir/__/__/__/generated/secure_fw/partitions/crypto/auto_generated/intermedia_tfm_crypto.o
2026-10-08T09:25:15.971Z [78/164] Building C object secure_fw/partitions/crypto/CMakeFiles/tfm_psa_rot_partition_crypto.dir/crypto_key_derivation.o
2026-10-08T09:25:15.987Z [79/164] Building C object secure_fw/partitions/lib/runtime/CMakeFiles/tfm_sprt.dir/__/__/__/__/platform/ext/common/syscalls_stub.o
2026-10-08T09:25:15.988Z [80/164] Building C object secure_fw/partitions/crypto/CMakeFiles/tfm_psa_rot_partition_crypto.dir/crypto_cipher.o
2026-10-08T09:25:15.992Z [81/164] Building C object secure_fw/partitions/crypto/CMakeFiles/tfm_psa_rot_partition_crypto.dir/crypto_key_management.o
2026-10-08T09:25:15.994Z [82/164] Building C object secure_fw/partitions/lib/runtime/CMakeFiles/tfm_sprt.dir/crt_memcmp.o
2026-10-08T09:25:15.999Z [83/164] Building C object secure_fw/partitions/crypto/CMakeFiles/tfm_psa_rot_partition_crypto.dir/crypto_alloc.o
2026-10-08T09:25:16.000Z [84/164] Building C object secure_fw/partitions/lib/runtime/CMakeFiles/tfm_sprt.dir/__/__/__/__/platform/ext/common/picolibc.o
2026-10-08T09:25:16.027Z [85/164] Building C object secure_fw/partitions/lib/runtime/CMakeFiles/tfm_sprt.dir/crt_strnlen.o
2026-10-08T09:25:16.031Z [86/164] Building C object secure_fw/partitions/crypto/CMakeFiles/tfm_psa_rot_partition_crypto.dir/crypto_rng.o
2026-10-08T09:25:16.043Z [87/164] Building C object secure_fw/partitions/crypto/CMakeFiles/tfm_psa_rot_partition_crypto.dir/crypto_aead.o
2026-10-08T09:25:16.066Z [88/164] Building C object secure_fw/partitions/lib/runtime/CMakeFiles/tfm_sprt.dir/__/__/__/shared/crt_memcpy.o
2026-10-08T09:25:16.070Z [89/164] Building C object secure_fw/partitions/lib/runtime/CMakeFiles/tfm_sprt.dir/__/__/__/shared/crt_memset.o
2026-10-08T09:25:16.076Z [90/164] Building C object secure_fw/partitions/lib/runtime/CMakeFiles/tfm_sprt.dir/service_api.o
2026-10-08T09:25:16.078Z [91/164] Building C object secure_fw/partitions/lib/runtime/CMakeFiles/tfm_sp_log.dir/tfm_sp_log_raw.o
2026-10-08T09:25:16.087Z [92/164] Building C object secure_fw/partitions/lib/runtime/CMakeFiles/tfm_sprt.dir/crt_memmove.o
2026-10-08T09:25:16.097Z [93/164] Building C object secure_fw/partitions/lib/runtime/CMakeFiles/tfm_sprt.dir/home/ashuqullah-alizai/ncs/v3.3.0/nrf/modules/trusted-firmware-m/tfm_boards/common/dummy_tfm_sp_log_raw.o
2026-10-08T09:25:16.124Z [94/164] Building C object secure_fw/partitions/lib/runtime/CMakeFiles/tfm_sprt.dir/__/__/__/__/interface/src/tfm_psa_call.o
2026-10-08T09:25:16.135Z [95/164] Building C object secure_fw/partitions/crypto/CMakeFiles/tfm_psa_rot_partition_crypto.dir/crypto_pake.o
2026-10-08T09:25:16.145Z [96/164] Building C object secure_fw/spm/CMakeFiles/tfm_spm.dir/core/spm_log.o
2026-10-08T09:25:16.157Z [97/164] Building C object secure_fw/partitions/lib/runtime/CMakeFiles/tfm_sp_log.dir/__/__/__/__/platform/ext/common/tfm_hal_sp_logdev_periph.o
2026-10-08T09:25:16.157Z [98/164] Building C object secure_fw/partitions/lib/runtime/CMakeFiles/tfm_sprt.dir/__/__/__/__/interface/src/tfm_platform_api.o
2026-10-08T09:25:16.157Z [99/164] Building C object secure_fw/spm/CMakeFiles/tfm_spm.dir/core/utilities.o
2026-10-08T09:25:16.168Z [100/164] Building C object secure_fw/partitions/lib/runtime/CMakeFiles/tfm_sprt.dir/__/__/__/__/lib/tfm_vprintf/src/tfm_vprintf.o
2026-10-08T09:25:16.171Z [101/164] Building C object secure_fw/partitions/crypto/CMakeFiles/tfm_psa_rot_partition_crypto.dir/crypto_key_wrapping.o
2026-10-08T09:25:16.312Z [102/164] Building C object secure_fw/spm/CMakeFiles/tfm_spm.dir/core/tfm_boot_data.o
2026-10-08T09:25:16.312Z [103/164] Building C object secure_fw/partitions/lib/runtime/CMakeFiles/tfm_sprt.dir/__/__/__/spm/core/psa_interface_sfn.o
2026-10-08T09:25:16.327Z [104/164] Building C object secure_fw/spm/CMakeFiles/tfm_spm.dir/core/main.o
2026-10-08T09:25:16.405Z [105/164] Building C object secure_fw/spm/CMakeFiles/tfm_spm.dir/core/rom_loader.o
2026-10-08T09:25:16.427Z [106/164] Building C object secure_fw/spm/CMakeFiles/tfm_spm.dir/core/psa_call_api.o
2026-10-08T09:25:16.471Z [107/164] Building C object secure_fw/spm/CMakeFiles/tfm_spm.dir/core/psa_read_write_skip_api.o
2026-10-08T09:25:16.474Z [108/164] Building C object secure_fw/spm/CMakeFiles/tfm_spm.dir/core/backend_sfn.o
2026-10-08T09:25:16.476Z [109/164] Building C object secure_fw/spm/CMakeFiles/tfm_spm.dir/core/spm_ipc.o
2026-10-08T09:25:16.481Z [110/164] Building C object secure_fw/spm/CMakeFiles/tfm_spm.dir/core/arch/tfm_arch.o
2026-10-08T09:25:16.498Z [111/164] Building C object secure_fw/spm/CMakeFiles/tfm_spm.dir/core/psa_version_api.o
2026-10-08T09:25:16.529Z [112/164] Building C object secure_fw/spm/CMakeFiles/tfm_spm.dir/core/tfm_svcalls.o
2026-10-08T09:25:16.529Z [113/164] Building C object secure_fw/spm/CMakeFiles/tfm_spm.dir/core/tfm_pools.o
2026-10-08T09:25:16.575Z [114/164] Building C object secure_fw/spm/CMakeFiles/tfm_spm.dir/core/psa_api.o
2026-10-08T09:25:16.601Z [115/164] Building C object secure_fw/spm/CMakeFiles/tfm_spm.dir/ns_client_ext/tfm_spm_ns_ctx.o
2026-10-08T09:25:16.655Z [116/164] Building C object secure_fw/spm/CMakeFiles/tfm_spm.dir/core/spm_local_connection.o
2026-10-08T09:25:16.684Z [117/164] Building C object secure_fw/spm/CMakeFiles/tfm_spm.dir/core/arch/tfm_arch_v8m_main.o
2026-10-08T09:25:16.708Z [118/164] Building C object secure_fw/spm/CMakeFiles/tfm_spm.dir/__/__/platform/ext/target/nordic_nrf/common/core/faults.o
2026-10-08T09:25:16.715Z [119/164] Building C object secure_fw/spm/CMakeFiles/tfm_spm.dir/__/partitions/ns_agent_tz/ns_agent_tz_v80m.o
2026-10-08T09:25:16.729Z [120/164] Building C object secure_fw/spm/CMakeFiles/tfm_spm.dir/__/__/platform/ext/target/nordic_nrf/common/core/tfm_hal_platform_common.o
2026-10-08T09:25:16.750Z [121/164] Building C object secure_fw/spm/CMakeFiles/tfm_spm.dir/__/__/platform/ext/common/syscalls_stub.o
2026-10-08T09:25:16.754Z [122/164] Building C object secure_fw/spm/CMakeFiles/tfm_spm.dir/__/__/platform/ext/common/tfm_hal_nvic.o
2026-10-08T09:25:16.766Z [123/164] Building C object secure_fw/spm/CMakeFiles/tfm_spm.dir/__/__/platform/ext/common/picolibc.o
2026-10-08T09:25:16.800Z [124/164] Building C object secure_fw/spm/CMakeFiles/tfm_spm.dir/__/__/platform/ext/target/nordic_nrf/common/core/target_cfg.o
2026-10-08T09:25:16.837Z [125/164] Building C object secure_fw/spm/CMakeFiles/tfm_spm.dir/__/__/platform/ext/target/nordic_nrf/common/core/secure_peripherals_defs.o
2026-10-08T09:25:16.841Z [126/164] Building C object secure_fw/spm/CMakeFiles/tfm_spm.dir/__/__/generated/secure_fw/partitions/crypto/auto_generated/load_info_tfm_crypto.o
2026-10-08T09:25:16.846Z [127/164] Building C object secure_fw/spm/CMakeFiles/tfm_spm.dir/__/__/lib/tfm_vprintf/src/tfm_vprintf.o
2026-10-08T09:25:16.894Z [128/164] Building C object secure_fw/spm/CMakeFiles/tfm_spm.dir/__/__/platform/ext/target/nordic_nrf/common/core/tfm_hal_isolation.o
2026-10-08T09:25:16.929Z [129/164] Building C object secure_fw/partitions/lib/runtime/CMakeFiles/tfm_sprt.dir/__/__/__/__/interface/src/tfm_crypto_api.o
2026-10-08T09:25:16.940Z [130/164] Building C object secure_fw/spm/CMakeFiles/tfm_spm.dir/__/__/generated/secure_fw/partitions/platform/auto_generated/load_info_tfm_platform.o
2026-10-08T09:25:16.953Z [131/164] Building C object secure_fw/CMakeFiles/tfm_s.dir/__/platform/ext/common/picolibc.o
2026-10-08T09:25:16.961Z [132/164] Building C object secure_fw/CMakeFiles/tfm_s.dir/__/platform/ext/common/syscalls_stub.o
2026-10-08T09:25:16.969Z [133/164] Building C object platform/target/nrf91/nrf_common/CMakeFiles/tfm_s_scatter.dir/__/__/__/__/generated/platform/ext/common/gcc/tfm_common_s.ld
2026-10-08T09:25:17.008Z [134/164] Building C object lib/fih/CMakeFiles/tfm_fih.dir/src/fih.o
2026-10-08T09:25:17.009Z [135/164] Building C object secure_fw/CMakeFiles/tfm_s.dir/__/platform/ext/common/faults.o
2026-10-08T09:25:17.017Z [136/164] Building C object secure_fw/CMakeFiles/tfm_s.dir/__/platform/ext/target/nordic_nrf/common/core/startup.o
2026-10-08T09:25:17.017Z [137/164] Building C object secure_fw/spm/CMakeFiles/tfm_spm.dir/__/partitions/ns_agent_tz/load_info_ns_agent_tz.o
2026-10-08T09:25:17.021Z [138/164] Building C object secure_fw/CMakeFiles/tfm_s.dir/partitions/ns_agent_tz/psa_api_veneers_v80m.o
2026-10-08T09:25:17.040Z [139/164] Linking C static library lib/fih/libtfm_fih.a
2026-10-08T09:25:17.043Z [140/164] Building C object lib/tfm_log_unpriv/CMakeFiles/tfm_log_unpriv.dir/src/tfm_log_unpriv.o
2026-10-08T09:25:17.044Z [141/164] Building C object secure_fw/CMakeFiles/tfm_s.dir/__/generated/secure_fw/partitions/platform/auto_generated/load_info_tfm_platform.o
2026-10-08T09:25:17.048Z [142/164] Building C object secure_fw/CMakeFiles/tfm_s.dir/__/lib/tfm_vprintf/src/tfm_vprintf.o
2026-10-08T09:25:17.051Z [143/164] Building C object secure_fw/CMakeFiles/tfm_s.dir/__/platform/ext/target/nordic_nrf/common/core/startup_nrf91.o
2026-10-08T09:25:17.055Z [144/164] Building C object lib/tfm_log_unpriv/CMakeFiles/tfm_log_unpriv.dir/__/__/platform/ext/common/picolibc.o
2026-10-08T09:25:17.060Z [145/164] Building C object lib/tfm_log_unpriv/CMakeFiles/tfm_log_unpriv.dir/__/__/platform/ext/common/syscalls_stub.o
2026-10-08T09:25:17.087Z [146/164] Building C object secure_fw/CMakeFiles/tfm_s.dir/__/generated/secure_fw/partitions/crypto/auto_generated/load_info_tfm_crypto.o
2026-10-08T09:25:17.093Z [147/164] Building C object lib/tfm_log_unpriv/CMakeFiles/tfm_log_unpriv.dir/__/tfm_vprintf/src/tfm_vprintf.o
2026-10-08T09:25:17.107Z [148/164] Building C object secure_fw/CMakeFiles/tfm_s.dir/partitions/ns_agent_tz/load_info_ns_agent_tz.o
2026-10-08T09:25:17.144Z [149/164] Building C object secure_fw/partitions/crypto/mbedcrypto/nrf_security_src/core/nrf_oberon/CMakeFiles/psa_core.dir/home/ashuqullah-alizai/ncs/v3.3.0/modules/crypto/oberon-psa-crypto/library/psa_crypto.o
2026-10-08T09:25:17.155Z [150/164] Linking C static library secure_fw/partitions/crypto/mbedcrypto/nrf_security_src/core/nrf_oberon/libpsa_core.a
2026-10-08T09:25:17.163Z [151/164] Building C object secure_fw/spm/CMakeFiles/tfm_spm.dir/__/__/platform/ext/target/nordic_nrf/common/core/target_cfg_53_91.o
2026-10-08T09:25:17.166Z [152/164] Linking C static library secure_fw/partitions/crypto/mbedcrypto/nrf_security_src/libmbedcrypto_base.a
2026-10-08T09:25:17.173Z [153/164] Linking C static library secure_fw/partitions/crypto/mbedcrypto/nrf_security_src/libnrf_security_utils.a
2026-10-08T09:25:17.180Z [154/164] Linking C static library secure_fw/partitions/crypto/mbedcrypto/nrf_security_src/libcrypto_service_mbedcrypto.a
2026-10-08T09:25:17.189Z [155/164] Linking C static library secure_fw/partitions/crypto/libtfm_psa_rot_partition_crypto.a
2026-10-08T09:25:17.197Z [156/164] Linking C static library secure_fw/partitions/lib/runtime/libtfm_sp_log.a
2026-10-08T09:25:17.208Z [157/164] Linking C static library secure_fw/partitions/lib/runtime/libtfm_sprt.a
2026-10-08T09:25:17.225Z [158/164] Linking C static library secure_fw/spm/libtfm_spm.a
2026-10-08T09:25:17.237Z [159/164] Linking C static library lib/tfm_log_unpriv/libtfm_log_unpriv.a
2026-10-08T09:25:17.267Z [160/164] Linking C executable bin/tfm_s.axf
2026-10-08T09:25:17.267Z Memory region         Used Size  Region Size  %age Used
2026-10-08T09:25:17.268Z            FLASH:       32116 B        32 KB     98.01%
2026-10-08T09:25:17.268Z              RAM:       10308 B        32 KB     31.46%
2026-10-08T09:25:17.271Z [161/164] Generating ../bin/tfm_s.bin
2026-10-08T09:25:17.271Z [162/164] Generating ../bin/tfm_s.hex
2026-10-08T09:25:17.271Z [163/164] Generating ../bin/tfm_s.elf
2026-10-08T09:25:17.274Z [164/164] Linking C static library secure_fw/libtfm_s_veneers.a
2026-10-08T09:25:17.275Z [17/349] Generating include/generated/zephyr/kobj-types-enum.h, include/generated/zephyr/otype-to-str.h, include/generated/zephyr/otype-to-size.h
2026-10-08T09:25:17.333Z [19/349] Performing install step for 'tfm'
2026-10-08T09:25:17.333Z -- Install configuration: "MinSizeRel"
2026-10-08T09:25:17.333Z [0m----- Installing platform NS -----[0m
2026-10-08T09:25:17.338Z [20/349] Completed 'tfm'
2026-10-08T09:25:17.383Z [21/349] Building C object modules/nrf/subsys/nrf_security/src/CMakeFiles/mbedcrypto_base.dir/home/ashuqullah-alizai/ncs/v3.3.0/modules/crypto/mbedtls/library/base64.c.obj
2026-10-08T09:25:17.392Z [22/349] Building C object modules/nrf/subsys/nrf_security/src/CMakeFiles/mbedcrypto_base.dir/home/ashuqullah-alizai/ncs/v3.3.0/modules/crypto/mbedtls/library/asn1write.c.obj
2026-10-08T09:25:17.392Z [23/349] Building C object modules/nrf/subsys/nrf_security/src/CMakeFiles/mbedcrypto_base.dir/home/ashuqullah-alizai/ncs/v3.3.0/modules/crypto/mbedtls/library/version.c.obj
2026-10-08T09:25:17.394Z [24/349] Building C object modules/nrf/subsys/nrf_security/src/CMakeFiles/mbedcrypto_base.dir/home/ashuqullah-alizai/ncs/v3.3.0/modules/crypto/mbedtls/library/asn1parse.c.obj
2026-10-08T09:25:17.400Z [25/349] Building C object modules/nrf/subsys/nrf_security/src/CMakeFiles/mbedcrypto_base.dir/home/ashuqullah-alizai/ncs/v3.3.0/modules/crypto/mbedtls/library/nist_kw.c.obj
2026-10-08T09:25:17.404Z [26/349] Building C object modules/nrf/subsys/nrf_security/src/CMakeFiles/mbedcrypto_base.dir/home/ashuqullah-alizai/ncs/v3.3.0/modules/crypto/mbedtls/library/constant_time.c.obj
2026-10-08T09:25:17.406Z [27/349] Building C object modules/nrf/subsys/nrf_security/src/CMakeFiles/mbedcrypto_base.dir/home/ashuqullah-alizai/ncs/v3.3.0/modules/crypto/mbedtls/library/bignum.c.obj
2026-10-08T09:25:17.408Z [28/349] Building C object modules/nrf/subsys/nrf_security/src/CMakeFiles/mbedcrypto_base.dir/home/ashuqullah-alizai/ncs/v3.3.0/modules/crypto/mbedtls/library/padlock.c.obj
2026-10-08T09:25:17.424Z [29/349] Building C object modules/nrf/subsys/nrf_security/src/CMakeFiles/mbedcrypto_base.dir/home/ashuqullah-alizai/ncs/v3.3.0/modules/crypto/mbedtls/library/oid.c.obj
2026-10-08T09:25:17.430Z [30/349] Building C object modules/nrf/subsys/nrf_security/src/CMakeFiles/mbedcrypto_base.dir/home/ashuqullah-alizai/ncs/v3.3.0/modules/crypto/oberon-psa-crypto/library/platform.c.obj
2026-10-08T09:25:17.440Z [31/349] Building C object modules/nrf/subsys/nrf_security/src/CMakeFiles/mbedcrypto_base.dir/home/ashuqullah-alizai/ncs/v3.3.0/modules/crypto/mbedtls/library/bignum_core.c.obj
2026-10-08T09:25:17.443Z [32/349] Building C object modules/nrf/subsys/nrf_security/src/CMakeFiles/mbedcrypto.dir/home/ashuqullah-alizai/ncs/v3.3.0/modules/crypto/mbedtls/library/pkcs5.c.obj
2026-10-08T09:25:17.444Z [33/349] Building C object modules/nrf/subsys/nrf_security/src/CMakeFiles/mbedcrypto.dir/home/ashuqullah-alizai/ncs/v3.3.0/modules/crypto/mbedtls/library/pem.c.obj
2026-10-08T09:25:17.458Z [34/349] Building C object modules/nrf/subsys/nrf_security/src/CMakeFiles/mbedcrypto.dir/home/ashuqullah-alizai/ncs/v3.3.0/modules/crypto/mbedtls/library/pkparse.c.obj
2026-10-08T09:25:17.467Z [35/349] Building C object modules/nrf/subsys/nrf_security/src/CMakeFiles/mbedcrypto.dir/home/ashuqullah-alizai/ncs/v3.3.0/modules/crypto/mbedtls/library/dhm.c.obj
2026-10-08T09:25:17.468Z [36/349] Building C object modules/nrf/subsys/nrf_security/src/CMakeFiles/mbedcrypto.dir/home/ashuqullah-alizai/ncs/v3.3.0/modules/crypto/mbedtls/library/pkcs12.c.obj
2026-10-08T09:25:17.470Z [37/349] Building C object modules/nrf/subsys/nrf_security/src/CMakeFiles/mbedcrypto.dir/home/ashuqullah-alizai/ncs/v3.3.0/modules/crypto/mbedtls/library/pkwrite.c.obj
2026-10-08T09:25:17.477Z [38/349] Building C object modules/nrf/subsys/nrf_security/src/CMakeFiles/mbedcrypto.dir/home/ashuqullah-alizai/ncs/v3.3.0/modules/crypto/mbedtls/library/cipher.c.obj
2026-10-08T09:25:17.486Z [39/349] Building C object modules/nrf/subsys/nrf_security/src/CMakeFiles/mbedcrypto.dir/home/ashuqullah-alizai/ncs/v3.3.0/modules/crypto/mbedtls/library/pk.c.obj
2026-10-08T09:25:17.495Z [40/349] Building C object modules/nrf/subsys/nrf_security/src/CMakeFiles/mbedcrypto_base.dir/home/ashuqullah-alizai/ncs/v3.3.0/modules/crypto/oberon-psa-crypto/library/platform_util.c.obj
2026-10-08T09:25:17.515Z [41/349] Building C object modules/nrf/subsys/nrf_security/src/CMakeFiles/mbedcrypto.dir/home/ashuqullah-alizai/ncs/v3.3.0/modules/crypto/mbedtls/library/sha1.c.obj
2026-10-08T09:25:17.521Z [42/349] Building C object modules/nrf/subsys/nrf_security/src/CMakeFiles/mbedcrypto.dir/home/ashuqullah-alizai/ncs/v3.3.0/modules/crypto/mbedtls/library/cipher_wrap.c.obj
2026-10-08T09:25:17.525Z [43/349] Building C object modules/nrf/subsys/nrf_security/src/CMakeFiles/mbedcrypto.dir/home/ashuqullah-alizai/ncs/v3.3.0/modules/crypto/mbedtls/library/md.c.obj
2026-10-08T09:25:17.526Z [44/349] Building C object modules/nrf/subsys/nrf_security/src/CMakeFiles/mbedcrypto.dir/home/ashuqullah-alizai/ncs/v3.3.0/modules/crypto/mbedtls/library/pk_ecc.c.obj
2026-10-08T09:25:17.530Z [45/349] Building C object modules/nrf/subsys/nrf_security/src/CMakeFiles/mbedcrypto.dir/home/ashuqullah-alizai/ncs/v3.3.0/modules/crypto/mbedtls/library/pk_wrap.c.obj
2026-10-08T09:25:17.538Z [46/349] Building C object modules/nrf/subsys/nrf_security/src/CMakeFiles/mbedcrypto.dir/home/ashuqullah-alizai/ncs/v3.3.0/modules/crypto/mbedtls/library/sha512.c.obj
2026-10-08T09:25:17.540Z [47/349] Building C object modules/nrf/subsys/nrf_security/src/CMakeFiles/mbedcrypto.dir/home/ashuqullah-alizai/ncs/v3.3.0/modules/crypto/mbedtls/library/sha256.c.obj
2026-10-08T09:25:17.548Z [48/349] Building C object modules/nrf/subsys/nrf_security/src/CMakeFiles/mbedcrypto.dir/home/ashuqullah-alizai/ncs/v3.3.0/modules/crypto/mbedtls/library/sha3.c.obj
2026-10-08T09:25:17.552Z [49/349] Building C object modules/nrf/subsys/nrf_security/src/CMakeFiles/mbedcrypto.dir/home/ashuqullah-alizai/ncs/v3.3.0/modules/crypto/mbedtls/library/psa_util.c.obj
2026-10-08T09:25:17.572Z [50/349] Building C object modules/nrf/subsys/nrf_security/src/CMakeFiles/mbedcrypto.dir/home/ashuqullah-alizai/ncs/v3.3.0/modules/crypto/mbedtls/library/md5.c.obj
2026-10-08T09:25:17.574Z [51/349] Building C object modules/nrf/subsys/nrf_security/src/CMakeFiles/mbedcrypto.dir/home/ashuqullah-alizai/ncs/v3.3.0/modules/crypto/mbedtls/library/aesce.c.obj
2026-10-08T09:25:17.575Z [52/349] Building C object modules/nrf/subsys/nrf_security/src/CMakeFiles/mbedcrypto.dir/home/ashuqullah-alizai/ncs/v3.3.0/modules/crypto/mbedtls/library/cmac.c.obj
2026-10-08T09:25:17.580Z [53/349] Building C object modules/nrf/subsys/nrf_security/src/CMakeFiles/mbedcrypto.dir/home/ashuqullah-alizai/ncs/v3.3.0/modules/crypto/mbedtls/library/block_cipher.c.obj
2026-10-08T09:25:17.582Z [54/349] Building C object modules/nrf/subsys/nrf_security/src/CMakeFiles/mbedcrypto.dir/home/ashuqullah-alizai/ncs/v3.3.0/modules/crypto/mbedtls/library/aes.c.obj
2026-10-08T09:25:17.590Z [55/349] Building C object modules/nrf/subsys/nrf_security/src/CMakeFiles/mbedcrypto.dir/home/ashuqullah-alizai/ncs/v3.3.0/modules/crypto/mbedtls/library/ecdh.c.obj
2026-10-08T09:25:17.604Z [56/349] Building C object modules/nrf/subsys/nrf_security/src/CMakeFiles/mbedcrypto.dir/home/ashuqullah-alizai/ncs/v3.3.0/modules/crypto/mbedtls/library/ccm.c.obj
2026-10-08T09:25:17.606Z [57/349] Building C object modules/nrf/subsys/nrf_security/src/CMakeFiles/mbedcrypto.dir/home/ashuqullah-alizai/ncs/v3.3.0/modules/crypto/mbedtls/library/chachapoly.c.obj
2026-10-08T09:25:17.615Z [58/349] Building C object modules/nrf/subsys/nrf_security/src/CMakeFiles/mbedcrypto.dir/home/ashuqullah-alizai/ncs/v3.3.0/modules/crypto/mbedtls/library/aesni.c.obj
2026-10-08T09:25:17.618Z [59/349] Building C object modules/nrf/subsys/nrf_security/src/CMakeFiles/mbedcrypto.dir/home/ashuqullah-alizai/ncs/v3.3.0/modules/crypto/mbedtls/library/ecp_curves.c.obj
2026-10-08T09:25:17.622Z [60/349] Building C object modules/nrf/subsys/nrf_security/src/CMakeFiles/mbedcrypto.dir/home/ashuqullah-alizai/ncs/v3.3.0/modules/crypto/mbedtls/library/hkdf.c.obj
2026-10-08T09:25:17.636Z [61/349] Building C object modules/nrf/subsys/nrf_security/src/CMakeFiles/mbedcrypto.dir/home/ashuqullah-alizai/ncs/v3.3.0/modules/crypto/mbedtls/library/ecp.c.obj
2026-10-08T09:25:17.637Z [62/349] Building C object modules/nrf/subsys/nrf_security/src/CMakeFiles/mbedcrypto.dir/home/ashuqullah-alizai/ncs/v3.3.0/modules/crypto/mbedtls/library/ecp_curves_new.c.obj
2026-10-08T09:25:17.648Z [63/349] Building C object modules/nrf/subsys/nrf_security/src/CMakeFiles/mbedcrypto.dir/home/ashuqullah-alizai/ncs/v3.3.0/modules/crypto/mbedtls/library/gcm.c.obj
2026-10-08T09:25:17.650Z [64/349] Building C object modules/nrf/subsys/nrf_security/src/CMakeFiles/mbedcrypto.dir/home/ashuqullah-alizai/ncs/v3.3.0/modules/crypto/mbedtls/library/hmac_drbg.c.obj
2026-10-08T09:25:17.652Z [65/349] Building C object modules/nrf/subsys/nrf_security/src/CMakeFiles/mbedcrypto.dir/home/ashuqullah-alizai/ncs/v3.3.0/modules/crypto/mbedtls/library/rsa.c.obj
2026-10-08T09:25:17.655Z [66/349] Building C object modules/nrf/subsys/nrf_security/src/CMakeFiles/mbedcrypto.dir/home/ashuqullah-alizai/ncs/v3.3.0/modules/crypto/mbedtls/library/rsa_alt_helpers.c.obj
2026-10-08T09:25:17.672Z [67/349] Building C object modules/nrf/subsys/nrf_security/src/CMakeFiles/mbedcrypto.dir/home/ashuqullah-alizai/ncs/v3.3.0/modules/crypto/mbedtls/library/ctr_drbg.c.obj
2026-10-08T09:25:17.673Z [68/349] Building C object modules/nrf/subsys/nrf_security/src/CMakeFiles/mbedcrypto.dir/home/ashuqullah-alizai/ncs/v3.3.0/modules/crypto/mbedtls/library/entropy.c.obj
2026-10-08T09:25:17.676Z [69/349] Building C object modules/nrf/subsys/nrf_security/src/CMakeFiles/mbedcrypto.dir/legacy/md_ext.c.obj
2026-10-08T09:25:17.676Z [70/349] Building C object modules/nrf/subsys/nrf_security/src/CMakeFiles/mbedcrypto.dir/legacy/ecjpake_oberon.c.obj
2026-10-08T09:25:17.683Z [71/349] Building C object modules/nrf/subsys/nrf_security/src/CMakeFiles/mbedcrypto.dir/legacy/ecdsa_oberon.c.obj
2026-10-08T09:25:17.783Z [72/349] Building C object modules/nrf/subsys/nrf_security/src/CMakeFiles/nrf_security_utils.dir/utils/nrf_security_mutexes.c.obj
2026-10-08T09:25:17.786Z [73/349] Building C object modules/nrf/subsys/nrf_security/src/CMakeFiles/nrf_security_utils.dir/utils/nrf_security_core.c.obj
2026-10-08T09:25:17.790Z [74/349] Building C object modules/nrf/subsys/nrf_security/src/CMakeFiles/nrf_security_utils.dir/utils/nrf_security_events.c.obj
2026-10-08T09:25:17.804Z [75/349] Linking C static library modules/nrf/subsys/nrf_security/src/libnrf_security_utils.a
2026-10-08T09:25:17.827Z [76/349] Building C object zephyr/CMakeFiles/offsets.dir/arch/arm/core/offsets/offsets.c.obj
2026-10-08T09:25:17.827Z [77/349] Building C object modules/nrf/subsys/nrf_security/src/CMakeFiles/mbedcrypto_base.dir/threading/threading_alt.c.obj
2026-10-08T09:25:17.843Z [78/349] Linking C static library modules/nrf/subsys/nrf_security/src/libmbedcrypto_base.a
2026-10-08T09:25:17.868Z [79/349] Linking C static library modules/nrf/subsys/nrf_security/src/libmbedcrypto.a
2026-10-08T09:25:17.927Z [80/349] Generating include/generated/zephyr/offsets.h
2026-10-08T09:25:17.954Z [81/349] Building C object modules/trusted-firmware-m/CMakeFiles/tfm_api.dir/__/__/tfm/api_ns/interface/src/tfm_tz_psa_ns_api.c.obj
2026-10-08T09:25:17.960Z [82/349] Building C object CMakeFiles/app.dir/home/ashuqullah-alizai/ncs/v3.3.0/nrfxlib/nrf_modem/shmem.c.obj
2026-10-08T09:25:17.965Z [83/349] Building C object modules/trusted-firmware-m/CMakeFiles/tfm_api.dir/src/zephyr_tfm_log.c.obj
2026-10-08T09:25:17.967Z [84/349] Building C object modules/trusted-firmware-m/CMakeFiles/tfm_api.dir/__/__/tfm/api_ns/interface/src/tfm_platform_api.c.obj
2026-10-08T09:25:18.409Z [85/349] Building C object zephyr/arch/common/CMakeFiles/isr_tables.dir/isr_tables.c.obj
2026-10-08T09:25:18.447Z [86/349] Building C object CMakeFiles/app.dir/src/shell.c.obj
2026-10-08T09:25:18.515Z [87/349] Building C object modules/trusted-firmware-m/CMakeFiles/tfm_api.dir/interface/interface.c.obj
2026-10-08T09:25:18.546Z [88/349] Building C object CMakeFiles/app.dir/src/main.c.obj
2026-10-08T09:25:18.550Z [89/349] Building C object CMakeFiles/app.dir/src/utils/desh_print.c.obj
2026-10-08T09:25:18.570Z [90/349] Building C object CMakeFiles/app.dir/src/dect/common/dect_app_time.c.obj
2026-10-08T09:25:18.590Z [91/349] Building C object modules/trusted-firmware-m/CMakeFiles/tfm_api.dir/__/__/tfm/api_ns/interface/src/tfm_ioctl_core_ns_api.c.obj
2026-10-08T09:25:18.662Z [92/349] Building C object CMakeFiles/app.dir/src/dect/dect_phy_ctrl_scheduler_integration.c.obj
2026-10-08T09:25:18.685Z [93/349] Building C object CMakeFiles/app.dir/src/dect/dect_phy_rx.c.obj
2026-10-08T09:25:18.754Z [94/349] Building C object CMakeFiles/app.dir/src/print/print_shell.c.obj
2026-10-08T09:25:19.024Z [95/349] Building C object modules/trusted-firmware-m/CMakeFiles/tfm_api.dir/__/__/tfm/api_ns/interface/src/tfm_crypto_api.c.obj
2026-10-08T09:25:19.068Z [96/349] Building C object CMakeFiles/app.dir/src/dect/common/dect_common_pdu.c.obj
2026-10-08T09:25:19.199Z [97/349] Building C object CMakeFiles/app.dir/src/dect/dect_phy_shell.c.obj
2026-10-08T09:25:19.199Z [98/349] Building C object CMakeFiles/app.dir/src/dect/common/dect_phy_common_rx.c.obj
2026-10-08T09:25:19.285Z [99/349] Building C object CMakeFiles/app.dir/src/dect/dect_phy_scan.c.obj
2026-10-08T09:25:19.304Z [100/349] Building C object CMakeFiles/app.dir/src/dect/ping/dect_phy_ping_pdu.c.obj
2026-10-08T09:25:19.384Z [101/349] Building C object CMakeFiles/app.dir/src/dect/common/dect_common_settings.c.obj
2026-10-08T09:25:19.410Z [102/349] Building C object CMakeFiles/app.dir/src/dect/perf/dect_phy_perf_pdu.c.obj
2026-10-08T09:25:19.496Z [103/349] Building C object CMakeFiles/app.dir/src/dect/common/dect_common_utils.c.obj
2026-10-08T09:25:19.630Z [104/349] Building C object CMakeFiles/app.dir/src/dect/dect_phy_ctrl.c.obj
2026-10-08T09:25:20.007Z [105/349] Building C object CMakeFiles/app.dir/src/dect/mac/dect_phy_mac_nbr.c.obj
2026-10-08T09:25:20.014Z [106/349] Building C object CMakeFiles/app.dir/src/dect/rf_tool/dect_phy_rf_tool.c.obj
2026-10-08T09:25:20.038Z [107/349] Building C object CMakeFiles/app.dir/src/dect/perf/dect_phy_perf.c.obj
2026-10-08T09:25:20.160Z [108/349] Building C object CMakeFiles/app.dir/src/dect/mac/dect_phy_mac_shell.c.obj
2026-10-08T09:25:20.277Z [109/349] Building C object CMakeFiles/app.dir/src/dect/ping/dect_phy_ping.c.obj
2026-10-08T09:25:20.293Z [110/349] Building C object CMakeFiles/app.dir/src/dect/common/dect_phy_api_scheduler.c.obj
2026-10-08T09:25:20.305Z [111/349] Building C object CMakeFiles/app.dir/src/dect/mac/dect_phy_mac_ctrl.c.obj
2026-10-08T09:25:20.324Z [112/349] Building C object CMakeFiles/app.dir/src/startup_cmd/startup_cmd_shell.c.obj
2026-10-08T09:25:20.327Z [113/349] Building C object CMakeFiles/app.dir/src/dect/mac/dect_phy_mac.c.obj
2026-10-08T09:25:20.371Z [114/349] Building C object CMakeFiles/app.dir/src/startup_cmd/startup_cmd_ctrl.c.obj
2026-10-08T09:25:20.392Z [115/349] Building C object CMakeFiles/app.dir/src/dect/mac/dect_phy_mac_nbr_bg_scan.c.obj
2026-10-08T09:25:20.414Z [116/349] Building C object CMakeFiles/app.dir/src/dect/mac/dect_phy_mac_cluster_beacon.c.obj
2026-10-08T09:25:20.453Z [117/349] Building C object CMakeFiles/app.dir/src/dect/mac/dect_phy_mac_client.c.obj
2026-10-08T09:25:20.567Z [118/349] Building C object CMakeFiles/app.dir/src/dect/mac/dect_phy_mac_pdu.c.obj
2026-10-08T09:25:20.615Z [119/349] Building C object CMakeFiles/app.dir/src/startup_cmd/startup_cmd_settings.c.obj
2026-10-08T09:25:20.635Z [120/349] Building C object zephyr/CMakeFiles/zephyr.dir/lib/libc/validate_libc.c.obj
2026-10-08T09:25:20.668Z [121/349] Building C object zephyr/CMakeFiles/zephyr.dir/lib/utils/dec.c.obj
2026-10-08T09:25:20.698Z [122/349] Building C object zephyr/CMakeFiles/zephyr.dir/lib/utils/hex.c.obj
2026-10-08T09:25:20.778Z [123/349] Building C object zephyr/CMakeFiles/zephyr.dir/lib/utils/timeutil.c.obj
2026-10-08T09:25:20.895Z [124/349] Building C object zephyr/CMakeFiles/zephyr.dir/lib/os/sem.c.obj
2026-10-08T09:25:20.907Z [125/349] Building C object zephyr/CMakeFiles/zephyr.dir/lib/utils/bitmask.c.obj
2026-10-08T09:25:20.908Z [126/349] Building C object zephyr/CMakeFiles/zephyr.dir/lib/os/cbprintf.c.obj
2026-10-08T09:25:20.919Z [127/349] Building C object zephyr/CMakeFiles/zephyr.dir/lib/os/printk.c.obj
2026-10-08T09:25:20.933Z [128/349] Building C object zephyr/CMakeFiles/zephyr.dir/lib/heap/heap_stats.c.obj
2026-10-08T09:25:21.020Z [129/349] Building C object zephyr/CMakeFiles/zephyr.dir/lib/os/clock.c.obj
2026-10-08T09:25:21.055Z [130/349] Building C object zephyr/CMakeFiles/zephyr.dir/lib/os/assert.c.obj
2026-10-08T09:25:21.091Z [131/349] Building C object zephyr/CMakeFiles/zephyr.dir/lib/heap/heap.c.obj
2026-10-08T09:25:21.092Z [132/349] Building C object zephyr/CMakeFiles/zephyr.dir/lib/os/thread_entry.c.obj
2026-10-08T09:25:21.111Z [133/349] Building C object zephyr/CMakeFiles/zephyr.dir/lib/utils/ring_buffer.c.obj
2026-10-08T09:25:21.134Z [134/349] Building C object zephyr/CMakeFiles/zephyr.dir/lib/utils/last_section_id.c.obj
2026-10-08T09:25:21.247Z [135/349] Building C object zephyr/CMakeFiles/zephyr.dir/misc/generated/configs.c.obj
2026-10-08T09:25:21.284Z [136/349] Building C object zephyr/CMakeFiles/zephyr.dir/lib/os/mpsc_pbuf.c.obj
2026-10-08T09:25:21.449Z [137/349] Building C object zephyr/CMakeFiles/zephyr.dir/subsys/logging/log_cache.c.obj
2026-10-08T09:25:21.497Z [138/349] Building C object zephyr/CMakeFiles/zephyr.dir/lib/os/cbprintf_packaged.c.obj
2026-10-08T09:25:21.568Z [139/349] Building C object zephyr/CMakeFiles/zephyr.dir/lib/utils/notify.c.obj
2026-10-08T09:25:21.582Z [140/349] Building C object zephyr/CMakeFiles/zephyr.dir/lib/os/cbprintf_complete.c.obj
2026-10-08T09:25:21.627Z [141/349] Building C object zephyr/CMakeFiles/zephyr.dir/lib/utils/rb.c.obj
2026-10-08T09:25:21.648Z [142/349] Building C object zephyr/CMakeFiles/zephyr.dir/lib/utils/getopt/getopt_common.c.obj
2026-10-08T09:25:21.793Z [143/349] Building C object zephyr/CMakeFiles/zephyr.dir/lib/utils/getopt/getopt.c.obj
2026-10-08T09:25:21.800Z [144/349] Building C object zephyr/CMakeFiles/zephyr.dir/subsys/debug/thread_info.c.obj
2026-10-08T09:25:21.804Z [145/349] Building C object zephyr/CMakeFiles/zephyr.dir/lib/utils/bitarray.c.obj
2026-10-08T09:25:21.897Z [146/349] Building C object zephyr/CMakeFiles/zephyr.dir/subsys/storage/flash_map/flash_map.c.obj
2026-10-08T09:25:21.908Z [147/349] Building C object zephyr/CMakeFiles/zephyr.dir/lib/utils/onoff.c.obj
2026-10-08T09:25:22.033Z [148/349] Building C object zephyr/CMakeFiles/zephyr.dir/subsys/storage/flash_map/flash_map_layout.c.obj
2026-10-08T09:25:22.115Z [149/349] Building C object zephyr/CMakeFiles/zephyr.dir/lib/utils/getopt/getopt_long.c.obj
2026-10-08T09:25:22.285Z [150/349] Building C object zephyr/CMakeFiles/zephyr.dir/subsys/mem_mgmt/mem_attr.c.obj
2026-10-08T09:25:22.290Z [151/349] Building C object zephyr/CMakeFiles/zephyr.dir/subsys/logging/log_core.c.obj
2026-10-08T09:25:22.297Z [152/349] Building C object zephyr/CMakeFiles/zephyr.dir/subsys/logging/log_mgmt.c.obj
2026-10-08T09:25:22.315Z [153/349] Building C object zephyr/CMakeFiles/zephyr.dir/subsys/logging/log_msg.c.obj
2026-10-08T09:25:22.352Z [154/349] Building C object zephyr/CMakeFiles/zephyr.dir/subsys/tracing/tracing_none.c.obj
2026-10-08T09:25:22.376Z [155/349] Building C object zephyr/CMakeFiles/zephyr.dir/subsys/settings/src/settings_init.c.obj
2026-10-08T09:25:22.446Z [156/349] Building C object zephyr/CMakeFiles/zephyr.dir/subsys/logging/log_output.c.obj
2026-10-08T09:25:22.489Z [157/349] Building C object zephyr/CMakeFiles/zephyr.dir/subsys/settings/src/settings_store.c.obj
2026-10-08T09:25:22.621Z [158/349] Building C object zephyr/CMakeFiles/zephyr.dir/subsys/settings/src/settings.c.obj
2026-10-08T09:25:22.644Z [159/349] Building C object zephyr/CMakeFiles/zephyr.dir/subsys/settings/src/settings_line.c.obj
2026-10-08T09:25:22.742Z [160/349] Building C object zephyr/CMakeFiles/zephyr.dir/subsys/fs/nvs/nvs.c.obj
2026-10-08T09:25:22.768Z [161/349] Building C object zephyr/CMakeFiles/zephyr.dir/subsys/shell/modules/kernel_service/cycles.c.obj
2026-10-08T09:25:22.845Z [162/349] Building C object zephyr/CMakeFiles/zephyr.dir/subsys/shell/modules/kernel_service/kernel_shell.c.obj
2026-10-08T09:25:22.867Z [163/349] Building C object zephyr/CMakeFiles/zephyr.dir/subsys/shell/modules/kernel_service/uptime.c.obj
2026-10-08T09:25:22.878Z [164/349] Building C object zephyr/CMakeFiles/zephyr.dir/subsys/shell/modules/kernel_service/sleep.c.obj
2026-10-08T09:25:22.879Z [165/349] Building C object zephyr/CMakeFiles/zephyr.dir/subsys/settings/src/settings_nvs.c.obj
2026-10-08T09:25:22.975Z [166/349] Building C object zephyr/CMakeFiles/zephyr.dir/subsys/shell/modules/kernel_service/thread/thread.c.obj
2026-10-08T09:25:23.000Z [167/349] Building C object zephyr/CMakeFiles/zephyr.dir/subsys/shell/modules/kernel_service/version.c.obj
2026-10-08T09:25:23.026Z [168/349] Building C object zephyr/CMakeFiles/zephyr.dir/subsys/shell/modules/kernel_service/heap.c.obj
2026-10-08T09:25:23.093Z [169/349] Building C object zephyr/CMakeFiles/zephyr.dir/subsys/shell/modules/kernel_service/log-level.c.obj
2026-10-08T09:25:23.136Z [170/349] Building C object zephyr/CMakeFiles/zephyr.dir/subsys/shell/modules/kernel_service/thread/list.c.obj
2026-10-08T09:25:23.268Z [171/349] Building C object zephyr/CMakeFiles/zephyr.dir/subsys/shell/modules/kernel_service/thread/kill.c.obj
2026-10-08T09:25:23.288Z [172/349] Building C object zephyr/CMakeFiles/zephyr.dir/subsys/shell/modules/kernel_service/thread/suspend.c.obj
2026-10-08T09:25:23.295Z [173/349] Building C object zephyr/CMakeFiles/zephyr.dir/subsys/shell/modules/kernel_service/thread/stacks.c.obj
2026-10-08T09:25:23.323Z [174/349] Building C object zephyr/CMakeFiles/zephyr.dir/subsys/shell/modules/kernel_service/thread/resume.c.obj
2026-10-08T09:25:23.597Z [175/349] Building C object zephyr/CMakeFiles/zephyr.dir/subsys/shell/modules/device_service.c.obj
2026-10-08T09:25:23.659Z [176/349] Building C object zephyr/CMakeFiles/zephyr.dir/subsys/shell/modules/date_service.c.obj
2026-10-08T09:25:23.782Z [177/349] Building C object zephyr/CMakeFiles/zephyr.dir/subsys/shell/modules/devmem_service.c.obj
2026-10-08T09:25:23.783Z [178/349] Building C object zephyr/CMakeFiles/zephyr.dir/subsys/shell/backends/shell_uart.c.obj
2026-10-08T09:25:23.784Z [179/349] Building C object zephyr/CMakeFiles/zephyr.dir/subsys/shell/shell_fprintf.c.obj
2026-10-08T09:25:23.870Z [180/349] Generating linker_zephyr_pre0.cmd
2026-10-08T09:25:23.893Z [181/349] Linking C static library zephyr/arch/common/libisr_tables.a
2026-10-08T09:25:23.894Z [182/349] Building C object zephyr/CMakeFiles/zephyr.dir/subsys/shell/shell_help.c.obj
2026-10-08T09:25:23.912Z [183/349] Building C object zephyr/CMakeFiles/zephyr.dir/subsys/shell/shell_history.c.obj
2026-10-08T09:25:23.921Z [184/349] Building C object zephyr/CMakeFiles/zephyr.dir/subsys/shell/shell_log_backend.c.obj
2026-10-08T09:25:23.939Z [185/349] Building C object zephyr/CMakeFiles/zephyr.dir/subsys/shell/shell_utils.c.obj
2026-10-08T09:25:23.953Z [186/349] Building ASM object zephyr/arch/arch/arm/core/CMakeFiles/arch__arm__core.dir/nmi_on_reset.S.obj
2026-10-08T09:25:23.959Z [187/349] Building C object zephyr/CMakeFiles/zephyr.dir/home/ashuqullah-alizai/ncs/v3.3.0/nrf/lib/boot_banner/banner.c.obj
2026-10-08T09:25:23.970Z [188/349] Building C object zephyr/CMakeFiles/zephyr.dir/home/ashuqullah-alizai/ncs/v3.3.0/nrf/subsys/partition_manager/flash_map_partition_manager.c.obj
2026-10-08T09:25:23.973Z [189/349] Building C object zephyr/arch/common/CMakeFiles/arch__common.dir/init.c.obj
2026-10-08T09:25:24.018Z [190/349] Building ASM object zephyr/arch/arch/arm/core/cortex_m/CMakeFiles/arch__arm__core__cortex_m.dir/fault_s.S.obj
2026-10-08T09:25:24.067Z [191/349] Building C object zephyr/CMakeFiles/zephyr.dir/subsys/shell/shell_ops.c.obj
2026-10-08T09:25:24.169Z [192/349] Building ASM object zephyr/arch/arch/arm/core/cortex_m/CMakeFiles/arch__arm__core__cortex_m.dir/reset.S.obj
2026-10-08T09:25:24.179Z [193/349] Building C object zephyr/CMakeFiles/zephyr.dir/subsys/shell/shell_cmds.c.obj
2026-10-08T09:25:24.190Z [194/349] Building ASM object zephyr/arch/arch/arm/core/cortex_m/CMakeFiles/arch__arm__core__cortex_m.dir/vector_table.S.obj
2026-10-08T09:25:24.314Z [195/349] Building C object zephyr/CMakeFiles/zephyr.dir/subsys/shell/shell.c.obj
2026-10-08T09:25:24.327Z [196/349] Building C object zephyr/arch/common/CMakeFiles/arch__common.dir/sw_isr_common.c.obj
2026-10-08T09:25:24.398Z [197/349] Building C object zephyr/arch/common/CMakeFiles/arch__common.dir/xip.c.obj
2026-10-08T09:25:24.404Z [198/349] Building ASM object zephyr/arch/arch/arm/core/cortex_m/CMakeFiles/arch__arm__core__cortex_m.dir/swap_helper.S.obj
2026-10-08T09:25:24.478Z [199/349] Building C object zephyr/CMakeFiles/zephyr.dir/drivers/flash/flash_util.c.obj
2026-10-08T09:25:24.513Z [200/349] Building C object zephyr/arch/arch/arm/core/cortex_m/CMakeFiles/arch__arm__core__cortex_m.dir/exc_exit.c.obj
2026-10-08T09:25:24.643Z [201/349] Building C object zephyr/arch/arch/arm/core/CMakeFiles/arch__arm__core.dir/nmi.c.obj
2026-10-08T09:25:24.667Z [202/349] Building C object zephyr/arch/arch/arm/core/cortex_m/CMakeFiles/arch__arm__core__cortex_m.dir/thread_abort.c.obj
2026-10-08T09:25:24.811Z [203/349] Building C object zephyr/arch/arch/arm/core/cortex_m/CMakeFiles/arch__arm__core__cortex_m.dir/scb.c.obj
2026-10-08T09:25:24.815Z [204/349] Building C object zephyr/arch/arch/arm/core/cortex_m/CMakeFiles/arch__arm__core__cortex_m.dir/fpu.c.obj
2026-10-08T09:25:24.921Z [205/349] Building C object zephyr/arch/arch/arm/core/cortex_m/CMakeFiles/arch__arm__core__cortex_m.dir/prep_c.c.obj
2026-10-08T09:25:25.005Z [206/349] Building C object zephyr/arch/arch/arm/core/cortex_m/CMakeFiles/arch__arm__core__cortex_m.dir/irq_init.c.obj
2026-10-08T09:25:25.025Z [207/349] Building C object zephyr/arch/arch/arm/core/cortex_m/CMakeFiles/arch__arm__core__cortex_m.dir/irq_manage.c.obj
2026-10-08T09:25:25.029Z [208/349] Building C object zephyr/arch/arch/arm/core/cortex_m/CMakeFiles/arch__arm__core__cortex_m.dir/cpu_idle.c.obj
2026-10-08T09:25:25.063Z [209/349] Building C object zephyr/lib/posix/c_lib_ext/CMakeFiles/lib__posix__c_lib_ext.dir/fnmatch.c.obj
2026-10-08T09:25:25.114Z [210/349] Building C object zephyr/lib/libc/common/CMakeFiles/lib__libc__common.dir/source/time/time.c.obj
2026-10-08T09:25:25.120Z [211/349] Building C object zephyr/arch/arch/arm/core/cortex_m/cmse/CMakeFiles/arch__arm__core__cortex_m__cmse.dir/arm_core_cmse.c.obj
2026-10-08T09:25:25.130Z [212/349] Building C object zephyr/arch/arch/arm/core/cortex_m/CMakeFiles/arch__arm__core__cortex_m.dir/thread.c.obj
2026-10-08T09:25:25.131Z [213/349] Building C object zephyr/arch/arch/arm/core/cortex_m/CMakeFiles/arch__arm__core__cortex_m.dir/isr_wrapper.c.obj
2026-10-08T09:25:25.140Z [214/349] Building C object zephyr/arch/arch/arm/core/CMakeFiles/arch__arm__core.dir/fatal.c.obj
2026-10-08T09:25:25.210Z [215/349] Building C object zephyr/arch/arch/arm/core/mpu/CMakeFiles/arch__arm__core__mpu.dir/arm_core_mpu.c.obj
2026-10-08T09:25:25.254Z [216/349] Building C object zephyr/arch/arch/arm/core/mpu/CMakeFiles/arch__arm__core__mpu.dir/arm_mpu_regions.c.obj
2026-10-08T09:25:26.350Z [217/349] Building C object zephyr/lib/libc/common/CMakeFiles/lib__libc__common.dir/source/stdlib/abort.c.obj
2026-10-08T09:25:26.351Z [218/349] Building C object zephyr/lib/posix/c_lib_ext/CMakeFiles/lib__posix__c_lib_ext.dir/getentropy.c.obj
2026-10-08T09:25:26.351Z [219/349] Building C object zephyr/subsys/crc/CMakeFiles/subsys__crc.dir/crc4_sw.c.obj
2026-10-08T09:25:26.351Z [220/349] Building C object zephyr/subsys/crc/CMakeFiles/subsys__crc.dir/crc8_sw.c.obj
2026-10-08T09:25:26.351Z [221/349] Building C object zephyr/soc/soc/nrf9151/CMakeFiles/soc__nordic.dir/validate_base_addresses.c.obj
2026-10-08T09:25:26.351Z [222/349] Building C object zephyr/soc/soc/nrf9151/CMakeFiles/soc__nordic.dir/validate_enabled_instances.c.obj
2026-10-08T09:25:26.351Z [223/349] Building C object zephyr/subsys/crc/CMakeFiles/subsys__crc.dir/crc16_sw.c.obj
2026-10-08T09:25:26.351Z [224/349] Building C object zephyr/soc/soc/nrf9151/CMakeFiles/soc__nordic.dir/common/gppi_init.c.obj
2026-10-08T09:25:26.351Z [225/349] Building C object zephyr/arch/arch/arm/core/cortex_m/CMakeFiles/arch__arm__core__cortex_m.dir/fault.c.obj
2026-10-08T09:25:26.351Z [226/349] Building C object zephyr/subsys/crc/CMakeFiles/subsys__crc.dir/crc7_sw.c.obj
2026-10-08T09:25:26.351Z [227/349] Building C object zephyr/subsys/crc/CMakeFiles/subsys__crc.dir/crc32k_4_2_sw.c.obj
2026-10-08T09:25:26.351Z [228/349] Building C object zephyr/lib/posix/c_lib_ext/CMakeFiles/lib__posix__c_lib_ext.dir/getopt_shim.c.obj
2026-10-08T09:25:26.351Z [229/349] Building C object zephyr/soc/soc/nrf9151/CMakeFiles/soc__nordic.dir/validate_binding_headers.c.obj
2026-10-08T09:25:26.351Z [230/349] Building C object zephyr/subsys/crc/CMakeFiles/subsys__crc.dir/crc32c_sw.c.obj
2026-10-08T09:25:26.351Z [231/349] Building C object zephyr/subsys/crc/CMakeFiles/subsys__crc.dir/crc32_sw.c.obj
2026-10-08T09:25:26.351Z [232/349] Building C object zephyr/lib/libc/newlib/CMakeFiles/lib__libc__newlib.dir/libc-hooks.c.obj
2026-10-08T09:25:26.351Z [233/349] Building C object zephyr/subsys/crc/CMakeFiles/subsys__crc.dir/crc24_sw.c.obj
2026-10-08T09:25:26.352Z [234/349] Building C object zephyr/soc/soc/nrf9151/CMakeFiles/soc__nordic.dir/nrf91/soc.c.obj
2026-10-08T09:25:26.352Z [235/349] Building C object zephyr/subsys/random/CMakeFiles/subsys__random.dir/random_xoshiro128.c.obj
2026-10-08T09:25:26.352Z [236/349] Building C object zephyr/drivers/entropy/CMakeFiles/drivers__entropy.dir/entropy_psa_crypto.c.obj
2026-10-08T09:25:26.352Z [237/349] Building C object zephyr/drivers/console/CMakeFiles/drivers__console.dir/uart_console.c.obj
2026-10-08T09:25:26.352Z [238/349] Building C object zephyr/subsys/random/CMakeFiles/subsys__random.dir/random_entropy_device.c.obj
2026-10-08T09:25:26.352Z [239/349] Building C object zephyr/drivers/flash/CMakeFiles/drivers__flash.dir/flash_page_layout.c.obj
2026-10-08T09:25:26.405Z [240/349] Building C object zephyr/drivers/pinctrl/CMakeFiles/drivers__pinctrl.dir/common.c.obj
2026-10-08T09:25:26.406Z [241/349] Building C object zephyr/arch/arch/arm/core/mpu/CMakeFiles/arch__arm__core__mpu.dir/arm_mpu.c.obj
2026-10-08T09:25:26.518Z [242/349] Building C object zephyr/soc/soc/nrf9151/CMakeFiles/soc__nordic.dir/common/soc_secure.c.obj
2026-10-08T09:25:26.518Z [243/349] Building C object modules/nrf/lib/nrf_modem_lib/CMakeFiles/..__nrf__lib__nrf_modem_lib.dir/sanity.c.obj
2026-10-08T09:25:26.618Z [244/349] Building C object zephyr/drivers/clock_control/CMakeFiles/drivers__clock_control.dir/clock_control_nrf.c.obj
2026-10-08T09:25:26.786Z [245/349] Building C object zephyr/drivers/timer/CMakeFiles/drivers__timer.dir/sys_clock_init.c.obj
2026-10-08T09:25:27.528Z [246/349] Building C object modules/nrf/lib/nrf_modem_lib/CMakeFiles/..__nrf__lib__nrf_modem_lib.dir/fault.c.obj
2026-10-08T09:25:27.528Z [247/349] Building C object zephyr/soc/soc/nrf9151/CMakeFiles/soc__nordic.dir/common/gpiote_nrfx.c.obj
2026-10-08T09:25:27.529Z [248/349] Building C object modules/nrf/subsys/nrf_security/src/zephyr/CMakeFiles/mbedtls_zephyr.dir/home/ashuqullah-alizai/ncs/v3.3.0/modules/crypto/mbedtls/library/platform.c.obj
2026-10-08T09:25:27.529Z [249/349] Building C object modules/nrf/lib/nrf_modem_lib/CMakeFiles/..__nrf__lib__nrf_modem_lib.dir/nrf_modem_os.c.obj
2026-10-08T09:25:27.530Z [250/349] Building C object modules/nrf/lib/nrf_modem_lib/CMakeFiles/..__nrf__lib__nrf_modem_lib.dir/cfun_hooks.c.obj
2026-10-08T09:25:27.530Z [251/349] Building C object zephyr/drivers/pinctrl/CMakeFiles/drivers__pinctrl.dir/pinctrl_nrf.c.obj
2026-10-08T09:25:27.530Z [252/349] Building C object zephyr/drivers/timer/CMakeFiles/drivers__timer.dir/nrf_rtc_timer.c.obj
2026-10-08T09:25:27.531Z [253/349] Linking C static library modules/trusted-firmware-m/libtfm_api.a
2026-10-08T09:25:27.531Z [254/349] Building C object modules/hal_nordic/modules/hal_nordic/nrfx/CMakeFiles/nrfx.dir/home/ashuqullah-alizai/ncs/v3.3.0/modules/hal/nordic/nrfx/bsp/stable/mdk/system_nrf91.c.obj
2026-10-08T09:25:27.531Z [255/349] Building C object modules/nrf/lib/at_shell/CMakeFiles/..__nrf__lib__at_shell.dir/at_shell.c.obj
2026-10-08T09:25:27.532Z [256/349] Building C object zephyr/drivers/flash/CMakeFiles/drivers__flash.dir/soc_flash_nrf.c.obj
2026-10-08T09:25:27.532Z [257/349] Building C object modules/nrf/lib/at_monitor/CMakeFiles/..__nrf__lib__at_monitor.dir/at_monitor.c.obj
2026-10-08T09:25:27.535Z [258/349] Building C object zephyr/drivers/gpio/CMakeFiles/drivers__gpio.dir/gpio_nrfx.c.obj
2026-10-08T09:25:27.568Z [259/349] Building C object modules/nrf/lib/nrf_modem_lib/CMakeFiles/..__nrf__lib__nrf_modem_lib.dir/nrf_modem_lib.c.obj
2026-10-08T09:25:27.592Z [260/349] Building C object modules/nrf/lib/at_shell/CMakeFiles/..__nrf__lib__at_shell.dir/at_shell_common.c.obj
2026-10-08T09:25:27.785Z [261/349] Building C object modules/nrf/lib/dk_buttons_and_leds/CMakeFiles/..__nrf__lib__dk_buttons_and_leds.dir/dk_buttons_and_leds.c.obj
2026-10-08T09:25:27.838Z [262/349] Building C object modules/nrf/subsys/nrf_security/src/zephyr/CMakeFiles/mbedtls_zephyr.dir/psa_crypto_init.c.obj
2026-10-08T09:25:27.932Z [263/349] Building C object modules/nrf/lib/modem_antenna/CMakeFiles/..__nrf__lib__modem_antenna.dir/modem_antenna.c.obj
2026-10-08T09:25:27.942Z [264/349] Building C object modules/hal_nordic/modules/hal_nordic/nrfx/CMakeFiles/nrfx.dir/nrfx_glue.c.obj
2026-10-08T09:25:28.039Z [265/349] Building C object modules/hal_nordic/modules/hal_nordic/nrfx/CMakeFiles/nrfx.dir/home/ashuqullah-alizai/ncs/v3.3.0/modules/hal/nordic/nrfx/helpers/nrfx_flag32_allocator.c.obj
2026-10-08T09:25:28.120Z [266/349] Building C object modules/hal_nordic/modules/hal_nordic/nrfx/CMakeFiles/nrfx.dir/home/ashuqullah-alizai/ncs/v3.3.0/modules/hal/nordic/nrfx/drivers/src/nrfx_clock_hfclkaudio.c.obj
2026-10-08T09:25:28.239Z [267/349] Building C object modules/hal_nordic/modules/hal_nordic/nrfx/CMakeFiles/nrfx.dir/home/ashuqullah-alizai/ncs/v3.3.0/modules/hal/nordic/nrfx/drivers/src/nrfx_clock_hfclk192m.c.obj
2026-10-08T09:25:28.295Z [268/349] Building C object modules/hal_nordic/modules/hal_nordic/nrfx/CMakeFiles/nrfx.dir/home/ashuqullah-alizai/ncs/v3.3.0/modules/hal/nordic/nrfx/drivers/src/nrfx_clock.c.obj
2026-10-08T09:25:28.322Z [269/349] Building C object modules/hal_nordic/modules/hal_nordic/nrfx/CMakeFiles/nrfx.dir/home/ashuqullah-alizai/ncs/v3.3.0/modules/hal/nordic/nrfx/drivers/src/nrfx_clock_xo.c.obj
2026-10-08T09:25:28.422Z [270/349] Building C object modules/hal_nordic/modules/hal_nordic/nrfx/CMakeFiles/nrfx.dir/home/ashuqullah-alizai/ncs/v3.3.0/modules/hal/nordic/nrfx/drivers/src/nrfx_clock_hfclk.c.obj
2026-10-08T09:25:28.528Z [271/349] Building C object modules/hal_nordic/modules/hal_nordic/nrfx/CMakeFiles/nrfx.dir/home/ashuqullah-alizai/ncs/v3.3.0/modules/hal/nordic/nrfx/drivers/src/nrfx_clock_xo24m.c.obj
2026-10-08T09:25:28.547Z [272/349] Building C object modules/hal_nordic/modules/hal_nordic/nrfx/CMakeFiles/nrfx.dir/home/ashuqullah-alizai/ncs/v3.3.0/modules/hal/nordic/nrfx/drivers/src/nrfx_clock_lfclk.c.obj
2026-10-08T09:25:28.552Z [273/349] Building C object modules/nrf/modules/trusted-firmware-m/CMakeFiles/tfm_api_nrf.dir/tfm_boards/src/tfm_ioctl_ns_api.c.obj
2026-10-08T09:25:28.775Z [274/349] Building C object modules/hal_nordic/modules/hal_nordic/nrfx/CMakeFiles/nrfx.dir/home/ashuqullah-alizai/ncs/v3.3.0/modules/hal/nordic/nrfx/drivers/src/nrfx_nvmc.c.obj
2026-10-08T09:25:28.783Z [275/349] Building C object zephyr/kernel/CMakeFiles/kernel.dir/main_weak.c.obj
2026-10-08T09:25:28.878Z [276/349] Building C object zephyr/kernel/CMakeFiles/kernel.dir/busy_wait.c.obj
2026-10-08T09:25:28.934Z [277/349] Building C object zephyr/kernel/CMakeFiles/kernel.dir/version.c.obj
2026-10-08T09:25:28.976Z [278/349] Building C object zephyr/kernel/CMakeFiles/kernel.dir/device.c.obj
2026-10-08T09:25:28.981Z [279/349] Building C object modules/hal_nordic/modules/hal_nordic/nrfx/CMakeFiles/nrfx.dir/home/ashuqullah-alizai/ncs/v3.3.0/modules/hal/nordic/nrfx/drivers/src/nrfx_ipc.c.obj
2026-10-08T09:25:29.024Z [280/349] Building C object zephyr/kernel/CMakeFiles/kernel.dir/errno.c.obj
2026-10-08T09:25:29.109Z [281/349] Building C object zephyr/kernel/CMakeFiles/kernel.dir/banner.c.obj
2026-10-08T09:25:29.257Z [282/349] Building C object modules/nrf/modules/trusted-firmware-m/CMakeFiles/..__nrf__modules__trusted-firmware-m.dir/fault.c.obj
2026-10-08T09:25:29.266Z [283/349] Building C object zephyr/kernel/CMakeFiles/kernel.dir/fatal.c.obj
2026-10-08T09:25:29.295Z [284/349] Building C object modules/hal_nordic/modules/hal_nordic/nrfx/CMakeFiles/nrfx.dir/home/ashuqullah-alizai/ncs/v3.3.0/modules/hal/nordic/nrfx/helpers/nrfx_gppi_dppi.c.obj
2026-10-08T09:25:29.371Z [285/349] Building C object zephyr/kernel/CMakeFiles/kernel.dir/kheap.c.obj
2026-10-08T09:25:29.448Z [286/349] Building C object zephyr/kernel/CMakeFiles/kernel.dir/init.c.obj
2026-10-08T09:25:29.464Z [287/349] Building C object zephyr/kernel/CMakeFiles/kernel.dir/float.c.obj
2026-10-08T09:25:29.547Z [288/349] Building C object zephyr/kernel/CMakeFiles/kernel.dir/idle.c.obj
2026-10-08T09:25:29.666Z [289/349] Building C object zephyr/kernel/CMakeFiles/kernel.dir/mem_slab.c.obj
2026-10-08T09:25:29.787Z [290/349] Building C object zephyr/kernel/CMakeFiles/kernel.dir/mailbox.c.obj
2026-10-08T09:25:29.862Z [291/349] Building C object zephyr/kernel/CMakeFiles/kernel.dir/system_work_q.c.obj
2026-10-08T09:25:29.947Z [292/349] Building C object zephyr/kernel/CMakeFiles/kernel.dir/msg_q.c.obj
2026-10-08T09:25:29.990Z [293/349] Building C object zephyr/kernel/CMakeFiles/kernel.dir/stack.c.obj
2026-10-08T09:25:30.049Z [294/349] Building C object zephyr/kernel/CMakeFiles/kernel.dir/queue.c.obj
2026-10-08T09:25:30.099Z [295/349] Building C object zephyr/kernel/CMakeFiles/kernel.dir/sem.c.obj
2026-10-08T09:25:30.129Z [296/349] Building C object zephyr/kernel/CMakeFiles/kernel.dir/condvar.c.obj
2026-10-08T09:25:30.366Z [297/349] Building C object zephyr/kernel/CMakeFiles/kernel.dir/pipe.c.obj
2026-10-08T09:25:30.439Z [298/349] Building C object zephyr/kernel/CMakeFiles/kernel.dir/timeslicing.c.obj
2026-10-08T09:25:30.468Z [299/349] Building C object zephyr/kernel/CMakeFiles/kernel.dir/mutex.c.obj
2026-10-08T09:25:30.538Z [300/349] Linking C static library app/libapp.a
2026-10-08T09:25:30.559Z [301/349] Building C object zephyr/CMakeFiles/zephyr_pre0.dir/misc/empty_file.c.obj
2026-10-08T09:25:30.563Z [302/349] Building C object zephyr/kernel/CMakeFiles/kernel.dir/spinlock_validate.c.obj
2026-10-08T09:25:30.585Z [303/349] Linking C static library zephyr/arch/arch/arm/core/libarch__arm__core.a
2026-10-08T09:25:30.589Z [304/349] Linking C static library zephyr/arch/common/libarch__common.a
2026-10-08T09:25:30.613Z [305/349] Building C object zephyr/kernel/CMakeFiles/kernel.dir/thread_monitor.c.obj
2026-10-08T09:25:30.618Z [306/349] Linking C static library zephyr/arch/arch/arm/core/cortex_m/libarch__arm__core__cortex_m.a
2026-10-08T09:25:30.629Z [307/349] Linking C static library zephyr/arch/arch/arm/core/cortex_m/cmse/libarch__arm__core__cortex_m__cmse.a
2026-10-08T09:25:30.636Z [308/349] Linking C static library zephyr/libzephyr.a
2026-10-08T09:25:30.657Z [309/349] Linking C static library zephyr/lib/libc/newlib/liblib__libc__newlib.a
2026-10-08T09:25:30.659Z [310/349] Linking C static library zephyr/arch/arch/arm/core/mpu/libarch__arm__core__mpu.a
2026-10-08T09:25:30.671Z [311/349] Linking C static library zephyr/lib/libc/common/liblib__libc__common.a
2026-10-08T09:25:30.680Z [312/349] Linking C static library zephyr/lib/posix/c_lib_ext/liblib__posix__c_lib_ext.a
2026-10-08T09:25:30.701Z [313/349] Linking C static library zephyr/subsys/random/libsubsys__random.a
2026-10-08T09:25:30.718Z [314/349] Linking C static library zephyr/soc/soc/nrf9151/libsoc__nordic.a
2026-10-08T09:25:30.718Z [315/349] Linking C static library zephyr/subsys/crc/libsubsys__crc.a
2026-10-08T09:25:30.726Z [316/349] Linking C static library zephyr/drivers/console/libdrivers__console.a
2026-10-08T09:25:30.729Z [317/349] Linking C static library zephyr/drivers/clock_control/libdrivers__clock_control.a
2026-10-08T09:25:30.734Z [318/349] Building C object zephyr/kernel/CMakeFiles/kernel.dir/timer.c.obj
2026-10-08T09:25:30.755Z [319/349] Linking C static library zephyr/drivers/gpio/libdrivers__gpio.a
2026-10-08T09:25:30.763Z [320/349] Building C object zephyr/kernel/CMakeFiles/kernel.dir/work.c.obj
2026-10-08T09:25:30.764Z [321/349] Linking C static library zephyr/drivers/pinctrl/libdrivers__pinctrl.a
2026-10-08T09:25:30.764Z [322/349] Linking C static library zephyr/drivers/entropy/libdrivers__entropy.a
2026-10-08T09:25:30.770Z [323/349] Linking C static library zephyr/drivers/flash/libdrivers__flash.a
2026-10-08T09:25:30.775Z [324/349] Linking C static library zephyr/drivers/timer/libdrivers__timer.a
2026-10-08T09:25:30.780Z [325/349] Building C object zephyr/kernel/CMakeFiles/kernel.dir/thread.c.obj
2026-10-08T09:25:30.784Z [326/349] Linking C static library modules/nrf/lib/dk_buttons_and_leds/lib..__nrf__lib__dk_buttons_and_leds.a
2026-10-08T09:25:30.792Z [327/349] Building C object zephyr/kernel/CMakeFiles/kernel.dir/events.c.obj
2026-10-08T09:25:30.792Z [328/349] Linking C static library modules/nrf/lib/at_monitor/lib..__nrf__lib__at_monitor.a
2026-10-08T09:25:30.794Z [329/349] Linking C static library modules/nrf/lib/at_shell/lib..__nrf__lib__at_shell.a
2026-10-08T09:25:30.796Z [330/349] Linking C static library modules/nrf/lib/nrf_modem_lib/lib..__nrf__lib__nrf_modem_lib.a
2026-10-08T09:25:30.798Z [331/349] Linking C static library modules/nrf/modules/trusted-firmware-m/lib..__nrf__modules__trusted-firmware-m.a
2026-10-08T09:25:30.799Z [332/349] Linking C static library modules/nrf/subsys/nrf_security/src/zephyr/libmbedtls_zephyr.a
2026-10-08T09:25:30.803Z [333/349] Linking C static library modules/nrf/lib/modem_antenna/lib..__nrf__lib__modem_antenna.a
2026-10-08T09:25:30.803Z [334/349] Building C object zephyr/kernel/CMakeFiles/kernel.dir/mempool.c.obj
2026-10-08T09:25:30.809Z [335/349] Linking C static library modules/nrf/modules/trusted-firmware-m/libtfm_api_nrf.a
2026-10-08T09:25:30.918Z [336/349] Building C object zephyr/kernel/CMakeFiles/kernel.dir/timeout.c.obj
2026-10-08T09:25:31.005Z [337/349] Building C object zephyr/kernel/CMakeFiles/kernel.dir/dynamic_disabled.c.obj
2026-10-08T09:25:31.386Z [338/349] Building C object zephyr/kernel/CMakeFiles/kernel.dir/sched.c.obj
2026-10-08T09:25:31.420Z [339/349] Linking C static library zephyr/kernel/libkernel.a
2026-10-08T09:25:31.429Z [340/349] Building C object modules/hal_nordic/modules/hal_nordic/nrfx/CMakeFiles/nrfx.dir/home/ashuqullah-alizai/ncs/v3.3.0/modules/hal/nordic/nrfx/drivers/src/nrfx_gpiote.c.obj
2026-10-08T09:25:31.452Z [341/349] Linking C static library modules/hal_nordic/modules/hal_nordic/nrfx/libnrfx.a
2026-10-08T09:25:32.040Z [342/349] Building C object zephyr/drivers/serial/CMakeFiles/drivers__serial.dir/uart_nrfx_uarte.c.obj
2026-10-08T09:25:32.051Z [343/349] Linking C static library zephyr/drivers/serial/libdrivers__serial.a
2026-10-08T09:25:32.203Z [344/349] Linking C executable zephyr/zephyr_pre0.elf; Logical command for additional byproducts on target: zephyr_pre0
2026-10-08T09:25:32.246Z [345/349] Generating linker.cmd
2026-10-08T09:25:32.527Z [346/349] Generating isr_tables.c, isr_tables_vt.ld, isr_tables_swi.ld
2026-10-08T09:25:32.530Z [347/349] Building C object zephyr/CMakeFiles/zephyr_final.dir/misc/empty_file.c.obj
2026-10-08T09:25:32.725Z [348/349] Building C object zephyr/CMakeFiles/zephyr_final.dir/isr_tables.c.obj
2026-10-08T09:25:33.692Z [349/349] Linking C executable zephyr/zephyr.elf
2026-10-08T09:25:33.693Z Memory region         Used Size  Region Size  %age Used
2026-10-08T09:25:33.693Z            FLASH:      286972 B       960 KB     29.19%
2026-10-08T09:25:33.693Z              RAM:      139280 B     206040 B     67.60%
2026-10-08T09:25:33.693Z         IDT_LIST:          0 GB        32 KB      0.00%
2026-10-08T09:25:33.693Z Generating files from /home/ashuqullah-alizai/Documents/DECT_2020_GIT/dect_shell/build/dect_shell/zephyr/zephyr.elf for board: nrf9151_connectkit/nrf9151/ns
2026-10-08T09:25:33.697Z [7/10] No install step for 'dect_shell'
2026-10-08T09:25:33.704Z [8/10] Completed 'dect_shell'
2026-10-08T09:25:33.707Z [9/10] cd /home/ashuqullah-alizai/Documents/DECT_2020_GIT/dect_shell/build/_sysbuild && /home/ashuqullah-alizai/ncs/toolchains/911f4c5c26/usr/local/bin/cmake -E true
2026-10-08T09:25:33.953Z [10/10] Generating ../merged.hex
