Archive member included to satisfy reference by file (symbol)

app/libapp.a(shmem.c.obj)     (--whole-archive)
app/libapp.a(main.c.obj)      (--whole-archive)
app/libapp.a(hello.c.obj)     (--whole-archive)
app/libapp.a(ping.c.obj)      (--whole-archive)
app/libapp.a(fping.c.obj)     (--whole-archive)
app/libapp.a(scheduller.c.obj)
                              (--whole-archive)
app/libapp.a(core.c.obj)      (--whole-archive)
app/libapp.a(utils.c.obj)     (--whole-archive)
app/libapp.a(hs_shell.c.obj)  (--whole-archive)
app/libapp.a(perf.c.obj)      (--whole-archive)
app/libapp.a(perf_shell.c.obj)
                              (--whole-archive)
zephyr/libzephyr.a(heap.c.obj)
                              (--whole-archive)
zephyr/libzephyr.a(cbprintf_packaged.c.obj)
                              (--whole-archive)
zephyr/libzephyr.a(printk.c.obj)
                              (--whole-archive)
zephyr/libzephyr.a(sem.c.obj)
                              (--whole-archive)
zephyr/libzephyr.a(thread_entry.c.obj)
                              (--whole-archive)
zephyr/libzephyr.a(cbprintf_complete.c.obj)
                              (--whole-archive)
zephyr/libzephyr.a(assert.c.obj)
                              (--whole-archive)
zephyr/libzephyr.a(mpsc_pbuf.c.obj)
                              (--whole-archive)
zephyr/libzephyr.a(dec.c.obj)
                              (--whole-archive)
zephyr/libzephyr.a(hex.c.obj)
                              (--whole-archive)
zephyr/libzephyr.a(rb.c.obj)  (--whole-archive)
zephyr/libzephyr.a(timeutil.c.obj)
                              (--whole-archive)
zephyr/libzephyr.a(bitarray.c.obj)
                              (--whole-archive)
zephyr/libzephyr.a(onoff.c.obj)
                              (--whole-archive)
zephyr/libzephyr.a(notify.c.obj)
                              (--whole-archive)
zephyr/libzephyr.a(ring_buffer.c.obj)
                              (--whole-archive)
zephyr/libzephyr.a(last_section_id.c.obj)
                              (--whole-archive)
zephyr/libzephyr.a(configs.c.obj)
                              (--whole-archive)
zephyr/libzephyr.a(thread_info.c.obj)
                              (--whole-archive)
zephyr/libzephyr.a(log_core.c.obj)
                              (--whole-archive)
zephyr/libzephyr.a(log_mgmt.c.obj)
                              (--whole-archive)
zephyr/libzephyr.a(log_cache.c.obj)
                              (--whole-archive)
zephyr/libzephyr.a(log_msg.c.obj)
                              (--whole-archive)
zephyr/libzephyr.a(log_output.c.obj)
                              (--whole-archive)
zephyr/libzephyr.a(mem_attr.c.obj)
                              (--whole-archive)
zephyr/libzephyr.a(tracing_none.c.obj)
                              (--whole-archive)
zephyr/libzephyr.a(kernel_shell.c.obj)
                              (--whole-archive)
zephyr/libzephyr.a(cycles.c.obj)
                              (--whole-archive)
zephyr/libzephyr.a(sleep.c.obj)
                              (--whole-archive)
zephyr/libzephyr.a(uptime.c.obj)
                              (--whole-archive)
zephyr/libzephyr.a(version.c.obj)
                              (--whole-archive)
zephyr/libzephyr.a(log-level.c.obj)
                              (--whole-archive)
zephyr/libzephyr.a(thread.c.obj)
                              (--whole-archive)
zephyr/libzephyr.a(list.c.obj)
                              (--whole-archive)
zephyr/libzephyr.a(stacks.c.obj)
                              (--whole-archive)
zephyr/libzephyr.a(suspend.c.obj)
                              (--whole-archive)
zephyr/libzephyr.a(resume.c.obj)
                              (--whole-archive)
zephyr/libzephyr.a(kill.c.obj)
                              (--whole-archive)
zephyr/libzephyr.a(device_service.c.obj)
                              (--whole-archive)
zephyr/libzephyr.a(devmem_service.c.obj)
                              (--whole-archive)
zephyr/libzephyr.a(shell_uart.c.obj)
                              (--whole-archive)
zephyr/libzephyr.a(shell.c.obj)
                              (--whole-archive)
zephyr/libzephyr.a(shell_fprintf.c.obj)
                              (--whole-archive)
zephyr/libzephyr.a(shell_utils.c.obj)
                              (--whole-archive)
zephyr/libzephyr.a(shell_ops.c.obj)
                              (--whole-archive)
zephyr/libzephyr.a(shell_log_backend.c.obj)
                              (--whole-archive)
zephyr/libzephyr.a(shell_help.c.obj)
                              (--whole-archive)
zephyr/libzephyr.a(shell_cmds.c.obj)
                              (--whole-archive)
zephyr/libzephyr.a(shell_history.c.obj)
                              (--whole-archive)
zephyr/libzephyr.a(shell_wildcard.c.obj)
                              (--whole-archive)
zephyr/libzephyr.a(banner.c.obj)
                              (--whole-archive)
zephyr/libzephyr.a(flash_map_partition_manager.c.obj)
                              (--whole-archive)
[...]
Memory Configuration

Name             Origin             Length             Attributes
FLASH            0x0000000000008000 0x00000000000f8000 xr
RAM              0x000000002000c7a8 0x0000000000033858 xw
IDT_LIST         0x00000000ffff7fff 0x0000000000008000 xw
*default*        0x0000000000000000 0xffffffffffffffff

Linker script and memory map

                0x0000000000013984                vfprintf = __l_vfprintf
                0x0000000000013e38                vfscanf = __l_vfscanf
LOAD zephyr/CMakeFiles/zephyr_pre0.dir/misc/empty_file.c.obj
LOAD zephyr/CMakeFiles/offsets.dir/./arch/arm/core/offsets/offsets.c.obj
LOAD tfm/api_ns/interface/lib/s_veneers.o
LOAD app/libapp.a
LOAD zephyr/libzephyr.a
LOAD zephyr/arch/common/libarch__common.a
LOAD zephyr/arch/arch/arm/core/libarch__arm__core.a
LOAD zephyr/arch/arch/arm/core/cortex_m/libarch__arm__core__cortex_m.a
LOAD zephyr/arch/arch/arm/core/cortex_m/cmse/libarch__arm__core__cortex_m__cmse.a
LOAD zephyr/arch/arch/arm/core/mpu/libarch__arm__core__mpu.a
LOAD zephyr/lib/libc/picolibc/liblib__libc__picolibc.a
LOAD zephyr/lib/libc/common/liblib__libc__common.a
LOAD zephyr/lib/posix/options/liblib__posix__options.a
LOAD zephyr/soc/soc/nrf9161/libsoc__nordic.a
LOAD zephyr/drivers/clock_control/libdrivers__clock_control.a
LOAD zephyr/drivers/console/libdrivers__console.a
LOAD zephyr/drivers/gpio/libdrivers__gpio.a
LOAD zephyr/drivers/hwinfo/libdrivers__hwinfo.a
LOAD zephyr/drivers/pinctrl/libdrivers__pinctrl.a
LOAD zephyr/drivers/serial/libdrivers__serial.a
LOAD zephyr/drivers/timer/libdrivers__timer.a
LOAD modules/nrf/lib/nrf_modem_lib/lib..__nrf__lib__nrf_modem_lib.a
LOAD modules/nrf/subsys/nrf_security/src/zephyr/libmbedtls_zephyr.a
LOAD modules/nrf/modules/trusted-firmware-m/lib..__nrf__modules__trusted-firmware-m.a
LOAD modules/nrf/modules/trusted-firmware-m/libtfm_api_nrf.a
LOAD modules/trusted-firmware-m/libtfm_api.a
LOAD modules/hal_nordic/modules/hal_nordic/nrfx/libmodules__hal_nordic__nrfx.a
LOAD /home/ashuqullah-alizai/ncs/v3.1.1/nrfxlib/nrf_modem/lib/dect_phy/nrf9120/soft-float/libmodem.a
LOAD zephyr/kernel/libkernel.a
LOAD modules/nrf/subsys/nrf_security/src/libmbedcrypto.a
LOAD modules/nrf/subsys/nrf_security/src/libmbedcrypto_base.a
LOAD modules/nrf/subsys/nrf_security/src/libnrf_security_utils.a
LOAD zephyr/kernel/libkernel.a
LOAD /home/ashuqullah-alizai/ncs/v3.1.1/nrfxlib/crypto/nrf_oberon/lib/cortex-m33/soft-float/liboberon_mbedtls_3.0.17.a
LOAD /home/ashuqullah-alizai/ncs/v3.1.1/nrfxlib/crypto/nrf_oberon/lib/cortex-m33/soft-float/liboberon_3.0.17.a
LOAD zephyr/arch/common/libisr_tables.a
LOAD /home/ashuqullah-alizai/ncs/toolchains/b2ecd2435d/opt/zephyr-sdk/arm-zephyr-eabi/bin/../lib/gcc/../../picolibc/arm-zephyr-eabi/lib/thumb/v8-m.main/nofp/libc.a
LOAD /home/ashuqullah-alizai/ncs/toolchains/b2ecd2435d/opt/zephyr-sdk/arm-zephyr-eabi/bin/../lib/gcc/arm-zephyr-eabi/12.2.0/thumb/v8-m.main/nofp/libgcc.a
                0x0000000000000020                _region_min_align = 0x20

.rel.plt        0x0000000000008000        0x0
 *(SORT_BY_ALIGNMENT(.rel.plt))
                [!provide]                        PROVIDE (__rel_iplt_start = .)
 *(SORT_BY_ALIGNMENT(.rel.iplt))
 .rel.iplt      0x0000000000008000        0x0 app/libapp.a(main.c.obj)
                [!provide]                        PROVIDE (__rel_iplt_end = .)

.rela.plt       0x0000000000000000        0x0
 *(SORT_BY_ALIGNMENT(.rela.plt))
                [!provide]                        PROVIDE (__rela_iplt_start = .)
 *(SORT_BY_ALIGNMENT(.rela.iplt))
                [!provide]                        PROVIDE (__rela_iplt_end = .)

.rel.dyn
 *(SORT_BY_ALIGNMENT(.rel.*))

.rela.dyn
 *(SORT_BY_ALIGNMENT(.rela.*))

/DISCARD/
 *(SORT_BY_ALIGNMENT(.plt))

/DISCARD/
 *(SORT_BY_ALIGNMENT(.iplt))
                0x0000000000008000                __rom_region_start = 0x8000

rom_start       0x0000000000008000      0x144
                0x0000000000008000                __rom_start_address = .
 FILL mask 0x00
                0x0000000000008000                . = (. + (0x0 - (. - __rom_start_address)))
                0x0000000000008000                . = ALIGN (0x4)
                0x0000000000008000                . = ALIGN (0x80)
                0x0000000000008000                . = ALIGN (0x200)
                0x0000000000008000                _vector_start = .
 *(SORT_BY_ALIGNMENT(.exc_vector_table))
 *(SORT_BY_ALIGNMENT(.exc_vector_table.*))
 .exc_vector_table._vector_table_section
                0x0000000000008000       0x40 zephyr/arch/arch/arm/core/cortex_m/libarch__arm__core__cortex_m.a(vector_table.S.obj)
                0x0000000000008000                _vector_table
 *(SORT_BY_ALIGNMENT(.vectors))
                0x0000000000008144                _vector_end = .
                0x0000000000008040                . = ALIGN (0x4)
 *(SORT_BY_ALIGNMENT(.gnu.linkonce.irq_vector_table*))
 .gnu.linkonce.irq_vector_table
                0x0000000000008040      0x104 zephyr/arch/common/libisr_tables.a(isr_tables.c.obj)
                0x0000000000008040                _irq_vector_table
                0x0000000000008144                _vector_end = .

text            0x0000000000008148     0xfa64
                0x0000000000008148                __text_region_start = .
 *(SORT_BY_ALIGNMENT(.text))
 .text          0x0000000000008148       0xa0 /home/ashuqullah-alizai/ncs/toolchains/b2ecd2435d/opt/zephyr-sdk/arm-zephyr-eabi/bin/../lib/gcc/arm-zephyr-eabi/12.2.0/thumb/v8-m.main/nofp/libgcc.a(_aeabi_ldivmod.o)
                0x0000000000008148                __aeabi_ldivmod
 .text          0x00000000000081e8       0x30 /home/ashuqullah-alizai/ncs/toolchains/b2ecd2435d/opt/zephyr-sdk/arm-zephyr-eabi/bin/../lib/gcc/arm-zephyr-eabi/12.2.0/thumb/v8-m.main/nofp/libgcc.a(_aeabi_uldivmod.o)
                0x00000000000081e8                __aeabi_uldivmod
 .text          0x0000000000008218        0x4 /home/ashuqullah-alizai/ncs/toolchains/b2ecd2435d/opt/zephyr-sdk/arm-zephyr-eabi/bin/../lib/gcc/arm-zephyr-eabi/12.2.0/thumb/v8-m.main/nofp/libgcc.a(_dvmd_tls.o)
                0x0000000000008218                __aeabi_ldiv0
                0x0000000000008218                __aeabi_idiv0
 .text          0x000000000000821c       0x14 /home/ashuqullah-alizai/ncs/toolchains/b2ecd2435d/opt/zephyr-sdk/arm-zephyr-eabi/bin/../lib/gcc/../../picolibc/arm-zephyr-eabi/lib/thumb/v8-m.main/nofp/libc.a(strcmp.S.o)
                0x000000000000821c                strcmp
 .text          0x0000000000008230       0x10 /home/ashuqullah-alizai/ncs/toolchains/b2ecd2435d/opt/zephyr-sdk/arm-zephyr-eabi/bin/../lib/gcc/../../picolibc/arm-zephyr-eabi/lib/thumb/v8-m.main/nofp/libc.a(strcpy.S.o)
                0x0000000000008230                strcpy
 .text          0x0000000000008240       0x10 /home/ashuqullah-alizai/ncs/toolchains/b2ecd2435d/opt/zephyr-sdk/arm-zephyr-eabi/bin/../lib/gcc/../../picolibc/arm-zephyr-eabi/lib/thumb/v8-m.main/nofp/libc.a(strlen.S.o)
                0x0000000000008240                strlen
 .text          0x0000000000008250      0x29c /home/ashuqullah-alizai/ncs/toolchains/b2ecd2435d/opt/zephyr-sdk/arm-zephyr-eabi/bin/../lib/gcc/arm-zephyr-eabi/12.2.0/thumb/v8-m.main/nofp/libgcc.a(_udivmoddi4.o)
                0x0000000000008250                __udivmoddi4
 *(SORT_BY_ALIGNMENT(.text.*))
 *fill*         0x00000000000084ec        0x4 
 .text.cmd_kernel_uptime
                0x00000000000084f0       0xe8 zephyr/libzephyr.a(uptime.c.obj)
 .text.main     0x00000000000085d8       0x1c app/libapp.a(main.c.obj)
                0x00000000000085d8                main
 .text.hello_start_tx
                0x00000000000085f4       0xe0 app/libapp.a(hello.c.obj)
                0x00000000000085f4                hello_start_tx
 .text.hello_start_rx
                0x00000000000086d4       0x78 app/libapp.a(hello.c.obj)
                0x00000000000086d4                hello_start_rx
 .text.mac_send_text
                0x000000000000874c       0xc8 app/libapp.a(hello.c.obj)
                0x000000000000874c                mac_send_text
 .text.atomic_set.constprop.0.isra.0
                0x0000000000008814       0x14 app/libapp.a(ping.c.obj)
 .text.ping_client_thread
                0x0000000000008828      0x17c app/libapp.a(ping.c.obj)
 .text.ping_server_thread
                0x00000000000089a4       0xe4 app/libapp.a(ping.c.obj)
 .text.ping_start_server
                0x0000000000008a88       0x78 app/libapp.a(ping.c.obj)
                0x0000000000008a88                ping_start_server
 .text.ping_start_client
                0x0000000000008b00       0x78 app/libapp.a(ping.c.obj)
                0x0000000000008b00                ping_start_client
 .text.ping_stop
                0x0000000000008b78       0x38 app/libapp.a(ping.c.obj)
                0x0000000000008b78                ping_stop
 .text.fping_server_thread
                0x0000000000008bb0      0x154 app/libapp.a(fping.c.obj)
 .text.fping_client_thread
                0x0000000000008d04      0x10c app/libapp.a(fping.c.obj)
 .text.fping_server_start
                0x0000000000008e10       0x78 app/libapp.a(fping.c.obj)
                0x0000000000008e10                fping_server_start
 .text.fping_client_start
                0x0000000000008e88       0x78 app/libapp.a(fping.c.obj)
                0x0000000000008e88                fping_client_start
 .text.fping_stop
                0x0000000000008f00       0x3c app/libapp.a(fping.c.obj)
                0x0000000000008f00                fping_stop
 .text.dect_phy_event_handler
                0x0000000000008f3c      0x2d0 app/libapp.a(core.c.obj)
 .text.mac_rtt_set_enabled
                0x000000000000920c       0x14 app/libapp.a(core.c.obj)
                0x000000000000920c                mac_rtt_set_enabled
 .text.mac_rtt_mark_tx
                0x0000000000009220       0x18 app/libapp.a(core.c.obj)
                0x0000000000009220                mac_rtt_mark_tx
 .text.transmit
                0x0000000000009238       0x64 app/libapp.a(core.c.obj)
                0x0000000000009238                transmit
 .text.receive  0x000000000000929c       0x44 app/libapp.a(core.c.obj)
                0x000000000000929c                receive
 .text.dect_session_open
                0x00000000000092e0      0x130 app/libapp.a(core.c.obj)
                0x00000000000092e0                dect_session_open
 .text.dect_session_close
                0x0000000000009410       0xac app/libapp.a(core.c.obj)
                0x0000000000009410                dect_session_close
 .text.hs_core_get_config
                0x00000000000094bc       0x34 app/libapp.a(core.c.obj)
                0x00000000000094bc                hs_core_get_config
 .text.hs_core_apply_radio
                0x00000000000094f0       0xe0 app/libapp.a(core.c.obj)
                0x00000000000094f0                hs_core_apply_radio
 .text.core_get_last_rx
                0x00000000000095d0       0x30 app/libapp.a(core.c.obj)
                0x00000000000095d0                core_get_last_rx
 .text.led_set  0x0000000000009600       0x40 app/libapp.a(hs_shell.c.obj)
 .text.cmd_cfg_show
                0x0000000000009640       0x90 app/libapp.a(hs_shell.c.obj)
 .text.cmd_cfg_set
                0x00000000000096d0      0x154 app/libapp.a(hs_shell.c.obj)
 .text.cmd_ping_stop
                0x0000000000009824       0x1c app/libapp.a(hs_shell.c.obj)
 .text.cmd_led_off
                0x0000000000009840       0x58 app/libapp.a(hs_shell.c.obj)
 .text.cmd_led_on
                0x0000000000009898       0x58 app/libapp.a(hs_shell.c.obj)
 .text.cmd_ping_start
                0x00000000000098f0      0x118 app/libapp.a(hs_shell.c.obj)
 .text.cmd_mac_mes
                0x0000000000009a08       0x48 app/libapp.a(hs_shell.c.obj)
 .text.hello_worker
                0x0000000000009a50       0x78 app/libapp.a(hs_shell.c.obj)
                0x0000000000009a50                hello_worker
 .text.hs_shell_init
                0x0000000000009ac8       0xb0 app/libapp.a(hs_shell.c.obj)
 .text.cmd_hello_start
                0x0000000000009b78       0xf0 app/libapp.a(hs_shell.c.obj)
 .text.cmd_hello_stop
                0x0000000000009c68       0x34 app/libapp.a(hs_shell.c.obj)
 .text.hs_perf_update_time
                0x0000000000009c9c       0x34 app/libapp.a(perf.c.obj)
 .text.hs_perf_reset
                0x0000000000009cd0       0x1c app/libapp.a(perf.c.obj)
                0x0000000000009cd0                hs_perf_reset
 .text.hs_perf_start
                0x0000000000009cec       0x30 app/libapp.a(perf.c.obj)
                0x0000000000009cec                hs_perf_start
 .text.hs_perf_stop
                0x0000000000009d1c       0x38 app/libapp.a(perf.c.obj)
                0x0000000000009d1c                hs_perf_stop
 .text.hs_perf_is_running
                0x0000000000009d54        0xc app/libapp.a(perf.c.obj)
                0x0000000000009d54                hs_perf_is_running
 .text.hs_perf_on_tx
                0x0000000000009d60       0x24 app/libapp.a(perf.c.obj)
                0x0000000000009d60                hs_perf_on_tx
 .text.hs_perf_on_rx
                0x0000000000009d84       0x24 app/libapp.a(perf.c.obj)
                0x0000000000009d84                hs_perf_on_rx
 .text.hs_perf_get
                0x0000000000009da8       0x20 app/libapp.a(perf.c.obj)
                0x0000000000009da8                hs_perf_get
 .text.cmd_hdect_perf_start
                0x0000000000009dc8       0x18 app/libapp.a(perf_shell.c.obj)
                0x0000000000009dc8                cmd_hdect_perf_start
 .text.cmd_hdect_perf_stop
                0x0000000000009de0       0x18 app/libapp.a(perf_shell.c.obj)
                0x0000000000009de0                cmd_hdect_perf_stop
 .text.cmd_hdect_perf_reset
                0x0000000000009df8       0x18 app/libapp.a(perf_shell.c.obj)
                0x0000000000009df8                cmd_hdect_perf_reset
 .text.cmd_hdect_perf_show
                0x0000000000009e10       0x84 app/libapp.a(perf_shell.c.obj)
                0x0000000000009e10                cmd_hdect_perf_show
 .text.cbvprintf_package
                0x0000000000009e94      0x3a4 zephyr/libzephyr.a(cbprintf_packaged.c.obj)
                0x0000000000009e94                cbvprintf_package
 .text.cbprintf_package_convert
                0x000000000000a238      0x3d4 zephyr/libzephyr.a(cbprintf_packaged.c.obj)
                0x000000000000a238                cbprintf_package_convert
 .text.__printk_hook_install
                0x000000000000a60c        0xc zephyr/libzephyr.a(printk.c.obj)
                0x000000000000a60c                __printk_hook_install
 .text.z_thread_entry
                0x000000000000a618       0x34 zephyr/libzephyr.a(thread_entry.c.obj)
                0x000000000000a618                z_thread_entry
 .text.process_event
                0x000000000000a64c      0x21c zephyr/libzephyr.a(onoff.c.obj)
 .text.activate_foreach_backend
                0x000000000000a868       0x64 zephyr/libzephyr.a(log_core.c.obj)
 .text.enable_logger
                0x000000000000a8cc       0x5c zephyr/libzephyr.a(log_core.c.obj)
 .text.log_process_thread_timer_expiry_fn
                0x000000000000a928        0xc zephyr/libzephyr.a(log_core.c.obj)
 .text.z_log_init
                0x000000000000a934       0x98 zephyr/libzephyr.a(log_core.c.obj)
 .text.log_set_timestamp_func
                0x000000000000a9cc       0x20 zephyr/libzephyr.a(log_core.c.obj)
                0x000000000000a9cc                log_set_timestamp_func
 .text.z_log_notify_backend_enabled
                0x000000000000a9ec       0x1c zephyr/libzephyr.a(log_core.c.obj)
                0x000000000000a9ec                z_log_notify_backend_enabled
 .text.z_log_dropped
                0x000000000000aa08       0x3c zephyr/libzephyr.a(log_core.c.obj)
                0x000000000000aa08                z_log_dropped
 .text.z_log_dropped_read_and_clear
                0x000000000000aa44       0x18 zephyr/libzephyr.a(log_core.c.obj)
                0x000000000000aa44                z_log_dropped_read_and_clear
 .text.dropped_notify
                0x000000000000aa5c       0x30 zephyr/libzephyr.a(log_core.c.obj)
                0x000000000000aa5c                dropped_notify
 .text.z_log_msg_init
                0x000000000000aa8c       0x20 zephyr/libzephyr.a(log_core.c.obj)
                0x000000000000aa8c                z_log_msg_init
 .text.log_core_init
                0x000000000000aaac       0x54 zephyr/libzephyr.a(log_core.c.obj)
                0x000000000000aaac                log_core_init
 .text.z_log_msg_alloc
                0x000000000000ab00       0x10 zephyr/libzephyr.a(log_core.c.obj)
                0x000000000000ab00                z_log_msg_alloc
 .text.z_log_msg_local_claim
                0x000000000000ab10        0xc zephyr/libzephyr.a(log_core.c.obj)
                0x000000000000ab10                z_log_msg_local_claim
 .text.z_log_msg_free
                0x000000000000ab1c       0x10 zephyr/libzephyr.a(log_core.c.obj)
                0x000000000000ab1c                z_log_msg_free
 .text.z_log_msg_pending
                0x000000000000ab2c        0xc zephyr/libzephyr.a(log_core.c.obj)
                0x000000000000ab2c                z_log_msg_pending
 .text.z_impl_log_process
                0x000000000000ab38       0xf0 zephyr/libzephyr.a(log_core.c.obj)
                0x000000000000ab38                z_impl_log_process
 .text.z_impl_log_panic
                0x000000000000ac28       0x44 zephyr/libzephyr.a(log_core.c.obj)
                0x000000000000ac28                z_impl_log_panic
 .text.log_process_thread_func
                0x000000000000ac6c       0xa4 zephyr/libzephyr.a(log_core.c.obj)
 .text.z_log_msg_post_finalize
                0x000000000000ad10       0x78 zephyr/libzephyr.a(log_core.c.obj)
 .text.z_log_msg_commit
                0x000000000000ad88       0x24 zephyr/libzephyr.a(log_core.c.obj)
                0x000000000000ad88                z_log_msg_commit
 .text.log_source_name_get
                0x000000000000adac       0x1c zephyr/libzephyr.a(log_mgmt.c.obj)
                0x000000000000adac                log_source_name_get
 .text.z_log_runtime_filters_init
                0x000000000000adc8       0x3c zephyr/libzephyr.a(log_mgmt.c.obj)
                0x000000000000adc8                z_log_runtime_filters_init
 .text.log_source_id_get
                0x000000000000ae04       0x38 zephyr/libzephyr.a(log_mgmt.c.obj)
                0x000000000000ae04                log_source_id_get
 .text.filter_set
                0x000000000000ae3c       0xbc zephyr/libzephyr.a(log_mgmt.c.obj)
                0x000000000000ae3c                filter_set
 .text.backend_filter_set
                0x000000000000aef8       0x30 zephyr/libzephyr.a(log_mgmt.c.obj)
 .text.log_filter_get
                0x000000000000af28       0x4c zephyr/libzephyr.a(log_mgmt.c.obj)
                0x000000000000af28                log_filter_get
 .text.z_impl_z_log_msg_static_create
                0x000000000000af74      0x110 zephyr/libzephyr.a(log_msg.c.obj)
                0x000000000000af74                z_impl_z_log_msg_static_create
 .text.z_log_msg_runtime_vcreate
                0x000000000000b084       0xb0 zephyr/libzephyr.a(log_msg.c.obj)
                0x000000000000b084                z_log_msg_runtime_vcreate
 .text.log_msg_get_source_id
                0x000000000000b134       0x18 zephyr/libzephyr.a(log_msg.c.obj)
                0x000000000000b134                log_msg_get_source_id
 .text.print_formatted
                0x000000000000b14c       0x24 zephyr/libzephyr.a(log_output.c.obj)
 .text.newline_print
                0x000000000000b170       0x1c zephyr/libzephyr.a(log_output.c.obj)
 .text.log_output_process
                0x000000000000b18c      0x2d4 zephyr/libzephyr.a(log_output.c.obj)
                0x000000000000b18c                log_output_process
 .text.log_output_dropped_process
                0x000000000000b460       0x58 zephyr/libzephyr.a(log_output.c.obj)
                0x000000000000b460                log_output_dropped_process
 .text.log_output_timestamp_freq_set
                0x000000000000b4b8       0x2c zephyr/libzephyr.a(log_output.c.obj)
                0x000000000000b4b8                log_output_timestamp_freq_set
 .text.mem_attr_get_regions
                0x000000000000b4e4        0xc zephyr/libzephyr.a(mem_attr.c.obj)
                0x000000000000b4e4                mem_attr_get_regions
 .text.cmd_kernel_cycles
                0x000000000000b4f0       0x1c zephyr/libzephyr.a(cycles.c.obj)
 .text.cmd_kernel_sleep
                0x000000000000b50c       0x50 zephyr/libzephyr.a(sleep.c.obj)
 .text.cmd_kernel_version
                0x000000000000b55c       0x18 zephyr/libzephyr.a(version.c.obj)
 .text.cmd_kernel_log_level_set
                0x000000000000b574       0x84 zephyr/libzephyr.a(log-level.c.obj)
 .text.z_thread_is_valid
                0x000000000000b5f8       0x20 zephyr/libzephyr.a(thread.c.obj)
                0x000000000000b5f8                z_thread_is_valid
 .text.cmd_kernel_thread_list
                0x000000000000b618       0x34 zephyr/libzephyr.a(list.c.obj)
 .text.shell_tdata_dump
                0x000000000000b64c       0xc0 zephyr/libzephyr.a(list.c.obj)
 .text.cmd_kernel_thread_stacks
                0x000000000000b70c       0x70 zephyr/libzephyr.a(stacks.c.obj)
 .text.shell_stack_dump
                0x000000000000b77c       0x60 zephyr/libzephyr.a(stacks.c.obj)
 .text.cmd_kernel_thread_suspend
                0x000000000000b7dc       0x64 zephyr/libzephyr.a(suspend.c.obj)
 .text.cmd_kernel_thread_resume
                0x000000000000b840       0x64 zephyr/libzephyr.a(resume.c.obj)
 .text.cmd_kernel_thread_kill
                0x000000000000b8a4       0x64 zephyr/libzephyr.a(kill.c.obj)
 .text.cmd_device_list
                0x000000000000b908       0xd8 zephyr/libzephyr.a(device_service.c.obj)
 .text.cmd_devmem
                0x000000000000b9e0       0xc4 zephyr/libzephyr.a(devmem_service.c.obj)
 .text.cmd_dump
                0x000000000000baa4      0x178 zephyr/libzephyr.a(devmem_service.c.obj)
 .text.set_bypass.isra.0
                0x000000000000bc1c       0x4c zephyr/libzephyr.a(devmem_service.c.obj)
 .text.bypass_cb
                0x000000000000bc68      0x114 zephyr/libzephyr.a(devmem_service.c.obj)
 .text.cmd_load
                0x000000000000bd7c       0xd8 zephyr/libzephyr.a(devmem_service.c.obj)
 .text.enable_shell_uart
                0x000000000000be54       0x38 zephyr/libzephyr.a(shell_uart.c.obj)
 .text.init     0x000000000000be8c       0x54 zephyr/libzephyr.a(shell_uart.c.obj)
 .text.uart_callback
                0x000000000000bee0      0x134 zephyr/libzephyr.a(shell_uart.c.obj)
 .text.shell_internal_help_print
                0x000000000000c014       0x20 zephyr/libzephyr.a(shell.c.obj)
 .text.kill_handler
                0x000000000000c034       0x54 zephyr/libzephyr.a(shell.c.obj)
 .text.z_cursor_next_line_move.isra.0
                0x000000000000c088        0xc zephyr/libzephyr.a(shell.c.obj)
 .text.history_handle
                0x000000000000c094       0xac zephyr/libzephyr.a(shell.c.obj)
 .text.execute  0x000000000000c140      0x2c8 zephyr/libzephyr.a(shell.c.obj)
 .text.state_set.constprop.0
                0x000000000000c408       0x4c zephyr/libzephyr.a(shell.c.obj)
 .text.shell_process
                0x000000000000c454      0x69c zephyr/libzephyr.a(shell.c.obj)
                0x000000000000c454                shell_process
 .text.shell_thread
                0x000000000000caf0       0xe4 zephyr/libzephyr.a(shell.c.obj)
                0x000000000000caf0                shell_thread
 .text.cmd_help
                0x000000000000cbd4       0x44 zephyr/libzephyr.a(shell.c.obj)
 .text.shell_hexdump_line
                0x000000000000cc18       0xcc zephyr/libzephyr.a(shell.c.obj)
                0x000000000000cc18                shell_hexdump_line
 .text.shell_init
                0x000000000000cce4       0xe8 zephyr/libzephyr.a(shell.c.obj)
                0x000000000000cce4                shell_init
 .text.z_shell_fprintf_fmt
                0x000000000000cdcc       0x28 zephyr/libzephyr.a(shell_fprintf.c.obj)
                0x000000000000cdcc                z_shell_fprintf_fmt
 .text.z_shell_cmd_get
                0x000000000000cdf4       0x74 zephyr/libzephyr.a(shell_utils.c.obj)
                0x000000000000cdf4                z_shell_cmd_get
 .text.shell_strtoul
                0x000000000000ce68       0x50 zephyr/libzephyr.a(shell_utils.c.obj)
                0x000000000000ce68                shell_strtoul
 .text.z_clear_eos
                0x000000000000ceb8       0x18 zephyr/libzephyr.a(shell_ops.c.obj)
 .text.z_cursor_next_line_move.isra.0
                0x000000000000ced0        0xc zephyr/libzephyr.a(shell_ops.c.obj)
 .text.z_shell_op_cursor_vert_move
                0x000000000000cedc       0x2c zephyr/libzephyr.a(shell_ops.c.obj)
                0x000000000000cedc                z_shell_op_cursor_vert_move
 .text.z_shell_op_cursor_horiz_move
                0x000000000000cf08       0x2c zephyr/libzephyr.a(shell_ops.c.obj)
                0x000000000000cf08                z_shell_op_cursor_horiz_move
 .text.z_shell_print_cmd
                0x000000000000cf34       0x78 zephyr/libzephyr.a(shell_ops.c.obj)
                0x000000000000cf34                z_shell_print_cmd
 .text.z_shell_vt100_color_set
                0x000000000000cfac       0x40 zephyr/libzephyr.a(shell_ops.c.obj)
                0x000000000000cfac                z_shell_vt100_color_set
 .text.z_shell_vt100_colors_restore
                0x000000000000cfec       0x3c zephyr/libzephyr.a(shell_ops.c.obj)
                0x000000000000cfec                z_shell_vt100_colors_restore
 .text.z_shell_op_word_remove
                0x000000000000d028       0xc8 zephyr/libzephyr.a(shell_ops.c.obj)
                0x000000000000d028                z_shell_op_word_remove
 .text.reprint_from_cursor
                0x000000000000d0f0       0xe0 zephyr/libzephyr.a(shell_ops.c.obj)
 .text.z_shell_op_char_insert
                0x000000000000d1d0       0x70 zephyr/libzephyr.a(shell_ops.c.obj)
                0x000000000000d1d0                z_shell_op_char_insert
 .text.z_shell_print_prompt_and_cmd
                0x000000000000d240       0x30 zephyr/libzephyr.a(shell_ops.c.obj)
                0x000000000000d240                z_shell_print_prompt_and_cmd
 .text.z_cursor_next_line_move.isra.0
                0x000000000000d270        0xc zephyr/libzephyr.a(shell_help.c.obj)
 .text.z_shell_help_subcmd_print
                0x000000000000d27c       0xb4 zephyr/libzephyr.a(shell_help.c.obj)
                0x000000000000d27c                z_shell_help_subcmd_print
 .text.z_shell_help_cmd_print
                0x000000000000d330       0x40 zephyr/libzephyr.a(shell_help.c.obj)
                0x000000000000d330                z_shell_help_cmd_print
 .text.z_shell_help_request
                0x000000000000d370       0x28 zephyr/libzephyr.a(shell_help.c.obj)
                0x000000000000d370                z_shell_help_request
 .text.cmd_resize_default
                0x000000000000d398       0x2c zephyr/libzephyr.a(shell_cmds.c.obj)
 .text.cmd_shell_stats_show
                0x000000000000d3c4       0x14 zephyr/libzephyr.a(shell_cmds.c.obj)
 .text.cmd_backends
                0x000000000000d3d8       0x4c zephyr/libzephyr.a(shell_cmds.c.obj)
 .text.cmd_prompt_off
                0x000000000000d424       0x10 zephyr/libzephyr.a(shell_cmds.c.obj)
 .text.cmd_history
                0x000000000000d434       0x40 zephyr/libzephyr.a(shell_cmds.c.obj)
 .text.cmd_get_retval
                0x000000000000d474       0x1c zephyr/libzephyr.a(shell_cmds.c.obj)
 .text.cmd_echo
                0x000000000000d490       0x50 zephyr/libzephyr.a(shell_cmds.c.obj)
 .text.cmd_clear
                0x000000000000d4e0       0x34 zephyr/libzephyr.a(shell_cmds.c.obj)
 .text.cmd_resize
                0x000000000000d514      0x1a0 zephyr/libzephyr.a(shell_cmds.c.obj)
 .text.z_shell_wildcard_process
                0x000000000000d6b4       0xe4 zephyr/libzephyr.a(shell_wildcard.c.obj)
                0x000000000000d6b4                z_shell_wildcard_process
 .text.boot_banner
                0x000000000000d798       0x1c zephyr/libzephyr.a(banner.c.obj)
                0x000000000000d798                boot_banner
 .text.z_arm_fatal_error
                0x000000000000d7b4       0xe0 zephyr/arch/arch/arm/core/libarch__arm__core.a(fatal.c.obj)
                0x000000000000d7b4                z_arm_fatal_error
 .text.z_SysNmiOnReset
                0x000000000000d894        0x8 zephyr/arch/arch/arm/core/libarch__arm__core.a(nmi_on_reset.S.obj)
                0x000000000000d894                z_SysNmiOnReset
 .text.arch_tls_stack_setup
                0x000000000000d89c       0x40 zephyr/arch/arch/arm/core/libarch__arm__core.a(tls.c.obj)
                0x000000000000d89c                arch_tls_stack_setup
 .text._HandlerModeExit
                0x000000000000d8dc       0x20 zephyr/arch/arch/arm/core/cortex_m/libarch__arm__core__cortex_m.a(exc_exit.c.obj)
                0x000000000000d8dc                z_arm_exc_exit
                0x000000000000d8dc                z_arm_int_exit
 .text.mem_manage_fault.constprop.0
                0x000000000000d8fc      0x100 zephyr/arch/arch/arm/core/cortex_m/libarch__arm__core__cortex_m.a(fault.c.obj)
 .text.usage_fault.constprop.0
                0x000000000000d9fc       0xf8 zephyr/arch/arch/arm/core/cortex_m/libarch__arm__core__cortex_m.a(fault.c.obj)
 .text.bus_fault.constprop.0
                0x000000000000daf4      0x108 zephyr/arch/arch/arm/core/cortex_m/libarch__arm__core__cortex_m.a(fault.c.obj)
 .text.z_arm_fault
                0x000000000000dbfc      0x218 zephyr/arch/arch/arm/core/cortex_m/libarch__arm__core__cortex_m.a(fault.c.obj)
                0x000000000000dbfc                z_arm_fault
 .text.z_arm_fault_init
                0x000000000000de14       0x20 zephyr/arch/arch/arm/core/cortex_m/libarch__arm__core__cortex_m.a(fault.c.obj)
                0x000000000000de14                z_arm_fault_init
 .text.__fault  0x000000000000de34       0x14 zephyr/arch/arch/arm/core/cortex_m/libarch__arm__core__cortex_m.a(fault_s.S.obj)
                0x000000000000de34                z_arm_bus_fault
                0x000000000000de34                z_arm_usage_fault
                0x000000000000de34                z_arm_mpu_fault
                0x000000000000de34                z_arm_exc_spurious
                0x000000000000de34                z_arm_debug_monitor
                0x000000000000de34                z_arm_hard_fault
 .text._reset_section
                0x000000000000de48       0x78 zephyr/arch/arch/arm/core/cortex_m/libarch__arm__core__cortex_m.a(reset.S.obj)
                0x000000000000de48                z_arm_reset
                0x000000000000de48                __start
 .text.z_arm_clear_arm_mpu_config
                0x000000000000dec0       0x24 zephyr/arch/arch/arm/core/cortex_m/libarch__arm__core__cortex_m.a(scb.c.obj)
                0x000000000000dec0                z_arm_clear_arm_mpu_config
 .text.z_arm_init_arch_hw_at_boot
                0x000000000000dee4       0x4c zephyr/arch/arch/arm/core/cortex_m/libarch__arm__core__cortex_m.a(scb.c.obj)
                0x000000000000dee4                z_arm_init_arch_hw_at_boot
 .text.z_impl_k_thread_abort
                0x000000000000df30       0x2c zephyr/arch/arch/arm/core/cortex_m/libarch__arm__core__cortex_m.a(thread_abort.c.obj)
                0x000000000000df30                z_impl_k_thread_abort
 .text.z_arm_pendsv
                0x000000000000df5c       0x70 zephyr/arch/arch/arm/core/cortex_m/libarch__arm__core__cortex_m.a(swap_helper.S.obj)
                0x000000000000df5c                z_arm_pendsv
 .text.z_arm_svc
                0x000000000000dfcc       0x24 zephyr/arch/arch/arm/core/cortex_m/libarch__arm__core__cortex_m.a(swap_helper.S.obj)
                0x000000000000dfcc                z_arm_svc
 .text.arm_irq_enable
                0x000000000000dff0       0x1c zephyr/arch/arch/arm/core/cortex_m/libarch__arm__core__cortex_m.a(irq_manage.c.obj)
                0x000000000000dff0                arm_irq_enable
 .text.arm_irq_disable
                0x000000000000e00c       0x28 zephyr/arch/arch/arm/core/cortex_m/libarch__arm__core__cortex_m.a(irq_manage.c.obj)
                0x000000000000e00c                arm_irq_disable
 .text.arm_irq_is_enabled
                0x000000000000e034       0x1c zephyr/arch/arch/arm/core/cortex_m/libarch__arm__core__cortex_m.a(irq_manage.c.obj)
                0x000000000000e034                arm_irq_is_enabled
 .text.arm_irq_priority_set
                0x000000000000e050       0x2c zephyr/arch/arch/arm/core/cortex_m/libarch__arm__core__cortex_m.a(irq_manage.c.obj)
                0x000000000000e050                arm_irq_priority_set
 .text.relocate_vector_table
                0x000000000000e07c       0x1c zephyr/arch/arch/arm/core/cortex_m/libarch__arm__core__cortex_m.a(prep_c.c.obj)
                0x000000000000e07c                relocate_vector_table
 .text.z_prep_c
                0x000000000000e098       0x28 zephyr/arch/arch/arm/core/cortex_m/libarch__arm__core__cortex_m.a(prep_c.c.obj)
                0x000000000000e098                z_prep_c
 .text.arch_new_thread
                0x000000000000e0c0       0x40 zephyr/arch/arch/arm/core/cortex_m/libarch__arm__core__cortex_m.a(thread.c.obj)
                0x000000000000e0c0                arch_new_thread
 .text.arch_switch_to_main_thread
                0x000000000000e100       0x44 zephyr/arch/arch/arm/core/cortex_m/libarch__arm__core__cortex_m.a(thread.c.obj)
                0x000000000000e100                arch_switch_to_main_thread
 .text.z_arm_cpu_idle_init
                0x000000000000e144        0xc zephyr/arch/arch/arm/core/cortex_m/libarch__arm__core__cortex_m.a(cpu_idle.c.obj)
                0x000000000000e144                z_arm_cpu_idle_init
 .text.z_arm_interrupt_init
                0x000000000000e150       0x18 zephyr/arch/arch/arm/core/cortex_m/libarch__arm__core__cortex_m.a(irq_init.c.obj)
                0x000000000000e150                z_arm_interrupt_init
 .text._isr_wrapper
                0x000000000000e168       0x24 zephyr/arch/arch/arm/core/cortex_m/libarch__arm__core__cortex_m.a(isr_wrapper.c.obj)
                0x000000000000e168                _isr_wrapper
 .text.z_arm_configure_static_mpu_regions
                0x000000000000e18c       0x38 zephyr/arch/arch/arm/core/mpu/libarch__arm__core__mpu.a(arm_core_mpu.c.obj)
                0x000000000000e18c                z_arm_configure_static_mpu_regions
 .text.region_init
                0x000000000000e1c4       0x34 zephyr/arch/arch/arm/core/mpu/libarch__arm__core__mpu.a(arm_mpu.c.obj)
 .text.region_allocate_and_init
                0x000000000000e1f8       0x40 zephyr/arch/arch/arm/core/mpu/libarch__arm__core__mpu.a(arm_mpu.c.obj)
 .text.mpu_configure_regions_and_partition.constprop.0
                0x000000000000e238      0x170 zephyr/arch/arch/arm/core/mpu/libarch__arm__core__mpu.a(arm_mpu.c.obj)
 .text.arm_core_mpu_enable
                0x000000000000e3a8       0x18 zephyr/arch/arch/arm/core/mpu/libarch__arm__core__mpu.a(arm_mpu.c.obj)
                0x000000000000e3a8                arm_core_mpu_enable
 .text.arm_core_mpu_disable
                0x000000000000e3c0       0x14 zephyr/arch/arch/arm/core/mpu/libarch__arm__core__mpu.a(arm_mpu.c.obj)
                0x000000000000e3c0                arm_core_mpu_disable
 .text.arm_core_mpu_configure_static_mpu_regions
                0x000000000000e3d4       0x14 zephyr/arch/arch/arm/core/mpu/libarch__arm__core__mpu.a(arm_mpu.c.obj)
                0x000000000000e3d4                arm_core_mpu_configure_static_mpu_regions
 .text.arm_core_mpu_mark_areas_for_dynamic_regions
                0x000000000000e3e8       0xb8 zephyr/arch/arch/arm/core/mpu/libarch__arm__core__mpu.a(arm_mpu.c.obj)
                0x000000000000e3e8                arm_core_mpu_mark_areas_for_dynamic_regions
 .text.z_arm_mpu_init
                0x000000000000e4a0      0x11c zephyr/arch/arch/arm/core/mpu/libarch__arm__core__mpu.a(arm_mpu.c.obj)
                0x000000000000e4a0                z_arm_mpu_init
 .text.cbvprintf
                0x000000000000e5bc       0x38 zephyr/lib/libc/picolibc/liblib__libc__picolibc.a(cbprintf.c.obj)
                0x000000000000e5bc                cbvprintf
 .text.z_impl_zephyr_fputc
                0x000000000000e5f4       0x10 zephyr/lib/libc/picolibc/liblib__libc__picolibc.a(stdio.c.obj)
                0x000000000000e5f4                z_impl_zephyr_fputc
 .text.__stdout_hook_install
                0x000000000000e604       0x18 zephyr/lib/libc/picolibc/liblib__libc__picolibc.a(stdio.c.obj)
                0x000000000000e604                __stdout_hook_install
 .text.malloc_prepare
                0x000000000000e61c       0x24 zephyr/lib/libc/common/liblib__libc__common.a(malloc.c.obj)
 .text.getopt_init
                0x000000000000e640       0x48 zephyr/lib/posix/options/liblib__posix__options.a(getopt.c.obj)
                0x000000000000e640                getopt_init
 .text.getopt   0x000000000000e688       0xf8 zephyr/lib/posix/options/liblib__posix__options.a(getopt.c.obj)
                0x000000000000e688                getopt
 .text.z_getopt_global_state_update
                0x000000000000e780       0x34 zephyr/lib/posix/options/liblib__posix__options.a(getopt_common.c.obj)
                0x000000000000e780                z_getopt_global_state_update
 .text.getopt_state_get
                0x000000000000e7b4        0x8 zephyr/lib/posix/options/liblib__posix__options.a(getopt_common.c.obj)
                0x000000000000e7b4                getopt_state_get
 .text.nordicsemi_nrf91_init
                0x000000000000e7bc       0x10 zephyr/soc/soc/nrf9161/libsoc__nordic.a(soc.c.obj)
 .text.arch_busy_wait
                0x000000000000e7cc       0x14 zephyr/soc/soc/nrf9161/libsoc__nordic.a(soc.c.obj)
                0x000000000000e7cc                arch_busy_wait
 .text.onoff_stop
                0x000000000000e7e0       0x30 zephyr/drivers/clock_control/libdrivers__clock_control.a(clock_control_nrf.c.obj)
 .text.onoff_start
                0x000000000000e810       0x44 zephyr/drivers/clock_control/libdrivers__clock_control.a(clock_control_nrf.c.obj)
 .text.generic_hfclk_stop
                0x000000000000e854       0x34 zephyr/drivers/clock_control/libdrivers__clock_control.a(clock_control_nrf.c.obj)
 .text.clk_init
                0x000000000000e888       0x58 zephyr/drivers/clock_control/libdrivers__clock_control.a(clock_control_nrf.c.obj)
 .text.api_blocking_start
                0x000000000000e8e0       0x3c zephyr/drivers/clock_control/libdrivers__clock_control.a(clock_control_nrf.c.obj)
 .text.clkstarted_handle.constprop.0
                0x000000000000e91c       0x4c zephyr/drivers/clock_control/libdrivers__clock_control.a(clock_control_nrf.c.obj)
 .text.generic_hfclk_start
                0x000000000000e968       0x7c zephyr/drivers/clock_control/libdrivers__clock_control.a(clock_control_nrf.c.obj)
 .text.clock_event_handler
                0x000000000000e9e4       0x1c zephyr/drivers/clock_control/libdrivers__clock_control.a(clock_control_nrf.c.obj)
 .text.z_nrf_clock_control_lf_on
                0x000000000000ea00       0xf4 zephyr/drivers/clock_control/libdrivers__clock_control.a(clock_control_nrf.c.obj)
                0x000000000000ea00                z_nrf_clock_control_lf_on
 .text.uart_console_init
                0x000000000000eaf4       0x28 zephyr/drivers/console/libdrivers__console.a(uart_console.c.obj)
 .text.console_out
                0x000000000000eb1c       0x28 zephyr/drivers/console/libdrivers__console.a(uart_console.c.obj)
 .text.nrfx_gpio_handler
                0x000000000000eb44       0x3c zephyr/drivers/gpio/libdrivers__gpio.a(gpio_nrfx.c.obj)
 .text.gpio_nrfx_pin_configure
                0x000000000000eb80      0x180 zephyr/drivers/gpio/libdrivers__gpio.a(gpio_nrfx.c.obj)
 .text.gpio_nrfx_init
                0x000000000000ed00       0x48 zephyr/drivers/gpio/libdrivers__gpio.a(gpio_nrfx.c.obj)
 .text.gpio_nrfx_pin_interrupt_configure
                0x000000000000ed48      0x114 zephyr/drivers/gpio/libdrivers__gpio.a(gpio_nrfx.c.obj)
 .text.z_impl_hwinfo_get_device_id
                0x000000000000ee5c       0x3c zephyr/drivers/hwinfo/libdrivers__hwinfo.a(hwinfo_nrf.c.obj)
                0x000000000000ee5c                z_impl_hwinfo_get_device_id
 .text.pinctrl_configure_pins
                0x000000000000ee98      0x17c zephyr/drivers/pinctrl/libdrivers__pinctrl.a(pinctrl_nrf.c.obj)
                0x000000000000ee98                pinctrl_configure_pins
 .text.uarte_nrfx_poll_out
                0x000000000000f014       0xb4 zephyr/drivers/serial/libdrivers__serial.a(uart_nrfx_uarte.c.obj)
 .text.uarte_0_init
                0x000000000000f0c8      0x120 zephyr/drivers/serial/libdrivers__serial.a(uart_nrfx_uarte.c.obj)
 .text.compare_int_lock
                0x000000000000f1e8       0x40 zephyr/drivers/timer/libdrivers__timer.a(nrf_rtc_timer.c.obj)
 .text.sys_clock_timeout_handler
                0x000000000000f228       0x48 zephyr/drivers/timer/libdrivers__timer.a(nrf_rtc_timer.c.obj)
 .text.compare_int_unlock
                0x000000000000f270       0x4c zephyr/drivers/timer/libdrivers__timer.a(nrf_rtc_timer.c.obj)
 .text.z_nrf_rtc_timer_read
                0x000000000000f2bc       0x44 zephyr/drivers/timer/libdrivers__timer.a(nrf_rtc_timer.c.obj)
                0x000000000000f2bc                z_nrf_rtc_timer_read
 .text.compare_set
                0x000000000000f300      0x124 zephyr/drivers/timer/libdrivers__timer.a(nrf_rtc_timer.c.obj)
 .text.sys_clock_driver_init
                0x000000000000f424       0x90 zephyr/drivers/timer/libdrivers__timer.a(nrf_rtc_timer.c.obj)
 .text.rtc_nrf_isr
                0x000000000000f4b4       0xd0 zephyr/drivers/timer/libdrivers__timer.a(nrf_rtc_timer.c.obj)
                0x000000000000f4b4                rtc_nrf_isr
 .text.sys_clock_set_timeout
                0x000000000000f584       0x5c zephyr/drivers/timer/libdrivers__timer.a(nrf_rtc_timer.c.obj)
                0x000000000000f584                sys_clock_set_timeout
 .text.sys_clock_elapsed
                0x000000000000f5e0       0x14 zephyr/drivers/timer/libdrivers__timer.a(nrf_rtc_timer.c.obj)
                0x000000000000f5e0                sys_clock_elapsed
 .text.nrf_modem_lib_dfu_handler
                0x000000000000f5f4       0x24 modules/nrf/lib/nrf_modem_lib/lib..__nrf__lib__nrf_modem_lib.a(nrf_modem_lib.c.obj)
 .text.nrf_modem_lib_init
                0x000000000000f618       0x54 modules/nrf/lib/nrf_modem_lib/lib..__nrf__lib__nrf_modem_lib.a(nrf_modem_lib.c.obj)
                0x000000000000f618                nrf_modem_lib_init
 .text.nrf_modem_lib_shutdown
                0x000000000000f66c       0x70 modules/nrf/lib/nrf_modem_lib/lib..__nrf__lib__nrf_modem_lib.a(nrf_modem_lib.c.obj)
                0x000000000000f66c                nrf_modem_lib_shutdown
 .text.thread_monitor_entry_get
                0x000000000000f6dc       0x48 modules/nrf/lib/nrf_modem_lib/lib..__nrf__lib__nrf_modem_lib.a(nrf_modem_os.c.obj)
 .text.on_init  0x000000000000f724       0x20 modules/nrf/lib/nrf_modem_lib/lib..__nrf__lib__nrf_modem_lib.a(nrf_modem_os.c.obj)
 .text.nrf_modem_os_timedwait
                0x000000000000f744      0x190 modules/nrf/lib/nrf_modem_lib/lib..__nrf__lib__nrf_modem_lib.a(nrf_modem_os.c.obj)
                0x000000000000f744                nrf_modem_os_timedwait
 .text.nrf_modem_os_sem_init
                0x000000000000f8d4       0x44 modules/nrf/lib/nrf_modem_lib/lib..__nrf__lib__nrf_modem_lib.a(nrf_modem_os.c.obj)
                0x000000000000f8d4                nrf_modem_os_sem_init
 .text.nrf_modem_os_mutex_init
                0x000000000000f918       0x34 modules/nrf/lib/nrf_modem_lib/lib..__nrf__lib__nrf_modem_lib.a(nrf_modem_os.c.obj)
                0x000000000000f918                nrf_modem_os_mutex_init
 .text.nrf_modem_os_event_notify
                0x000000000000f94c       0x38 modules/nrf/lib/nrf_modem_lib/lib..__nrf__lib__nrf_modem_lib.a(nrf_modem_os.c.obj)
                0x000000000000f94c                nrf_modem_os_event_notify
 .text.nrf_modem_os_shm_tx_alloc
                0x000000000000f984       0x10 modules/nrf/lib/nrf_modem_lib/lib..__nrf__lib__nrf_modem_lib.a(nrf_modem_os.c.obj)
                0x000000000000f984                nrf_modem_os_shm_tx_alloc
 .text.nrf_modem_os_shm_tx_free
                0x000000000000f994        0xc modules/nrf/lib/nrf_modem_lib/lib..__nrf__lib__nrf_modem_lib.a(nrf_modem_os.c.obj)
                0x000000000000f994                nrf_modem_os_shm_tx_free
 .text.nrf_modem_os_init
                0x000000000000f9a0       0x30 modules/nrf/lib/nrf_modem_lib/lib..__nrf__lib__nrf_modem_lib.a(nrf_modem_os.c.obj)
                0x000000000000f9a0                nrf_modem_os_init
 .text.nrf_modem_os_shutdown
                0x000000000000f9d0       0x18 modules/nrf/lib/nrf_modem_lib/lib..__nrf__lib__nrf_modem_lib.a(nrf_modem_os.c.obj)
                0x000000000000f9d0                nrf_modem_os_shutdown
 .text.cfun_callback
                0x000000000000f9e8       0x24 modules/nrf/lib/nrf_modem_lib/lib..__nrf__lib__nrf_modem_lib.a(cfun_hooks.c.obj)
 .text.on_modem_init.part.0
                0x000000000000fa0c        0xc modules/nrf/lib/nrf_modem_lib/lib..__nrf__lib__nrf_modem_lib.a(cfun_hooks.c.obj)
 .text.on_modem_init
                0x000000000000fa18       0x24 modules/nrf/lib/nrf_modem_lib/lib..__nrf__lib__nrf_modem_lib.a(cfun_hooks.c.obj)
 .text.nrf_modem_fault_handler
                0x000000000000fa3c       0x28 modules/nrf/lib/nrf_modem_lib/lib..__nrf__lib__nrf_modem_lib.a(fault.c.obj)
                0x000000000000fa3c                nrf_modem_fault_handler
 .text.ns_fault_init
                0x000000000000fa64       0x34 modules/nrf/modules/trusted-firmware-m/lib..__nrf__modules__trusted-firmware-m.a(fault.c.obj)
 .text.arm_fault
                0x000000000000fa98      0x2d0 modules/nrf/modules/trusted-firmware-m/lib..__nrf__modules__trusted-firmware-m.a(fault.c.obj)
                0x000000000000fa98                arm_fault
 .text.tfm_ns_fault_handler_callback
                0x000000000000fd68       0x48 modules/nrf/modules/trusted-firmware-m/lib..__nrf__modules__trusted-firmware-m.a(fault.c.obj)
                0x000000000000fd68                tfm_ns_fault_handler_callback
 .text.tfm_ns_interface_dispatch
                0x000000000000fdb0       0x64 modules/trusted-firmware-m/libtfm_api.a(interface.c.obj)
                0x000000000000fdb0                tfm_ns_interface_dispatch
 .text.tfm_platform_ioctl
                0x000000000000fe14       0x4c modules/trusted-firmware-m/libtfm_api.a(tfm_platform_api.c.obj)
                0x000000000000fe14                tfm_platform_ioctl
 .text.psa_call
                0x000000000000fe60       0x34 modules/trusted-firmware-m/libtfm_api.a(tfm_tz_psa_ns_api.c.obj)
                0x000000000000fe60                psa_call
 .text.nrfx_flag32_alloc
                0x000000000000fe94       0x40 modules/hal_nordic/modules/hal_nordic/nrfx/libmodules__hal_nordic__nrfx.a(nrfx_flag32_allocator.c.obj)
                0x000000000000fe94                nrfx_flag32_alloc
 .text.nrfx_flag32_free
                0x000000000000fed4       0x38 modules/hal_nordic/modules/hal_nordic/nrfx/libmodules__hal_nordic__nrfx.a(nrfx_flag32_allocator.c.obj)
                0x000000000000fed4                nrfx_flag32_free
 .text.nrfx_gppi_channels_enable
                0x000000000000ff0c        0xc modules/hal_nordic/modules/hal_nordic/nrfx/libmodules__hal_nordic__nrfx.a(nrfx_gppi_dppi.c.obj)
                0x000000000000ff0c                nrfx_gppi_channels_enable
 .text.nrfx_gppi_channel_alloc
                0x000000000000ff18        0xc modules/hal_nordic/modules/hal_nordic/nrfx/libmodules__hal_nordic__nrfx.a(nrfx_gppi_dppi.c.obj)
                0x000000000000ff18                nrfx_gppi_channel_alloc
 .text.clock_stop
                0x000000000000ff24       0xbc modules/hal_nordic/modules/hal_nordic/nrfx/libmodules__hal_nordic__nrfx.a(nrfx_clock.c.obj)
 .text.nrfx_clock_init
                0x000000000000ffe0       0x20 modules/hal_nordic/modules/hal_nordic/nrfx/libmodules__hal_nordic__nrfx.a(nrfx_clock.c.obj)
                0x000000000000ffe0                nrfx_clock_init
 .text.nrfx_clock_enable
                0x0000000000010000       0x28 modules/hal_nordic/modules/hal_nordic/nrfx/libmodules__hal_nordic__nrfx.a(nrfx_clock.c.obj)
                0x0000000000010000                nrfx_clock_enable
 .text.nrfx_clock_start
                0x0000000000010028       0xb8 modules/hal_nordic/modules/hal_nordic/nrfx/libmodules__hal_nordic__nrfx.a(nrfx_clock.c.obj)
                0x0000000000010028                nrfx_clock_start
 .text.nrfx_power_clock_irq_handler
                0x00000000000100e0       0x74 modules/hal_nordic/modules/hal_nordic/nrfx/libmodules__hal_nordic__nrfx.a(nrfx_clock.c.obj)
                0x00000000000100e0                nrfx_power_clock_irq_handler
 .text.nrfx_dppi_channel_alloc
                0x0000000000010154       0x10 modules/hal_nordic/modules/hal_nordic/nrfx/libmodules__hal_nordic__nrfx.a(nrfx_dppi.c.obj)
                0x0000000000010154                nrfx_dppi_channel_alloc
 .text.nrf_gpio_pin_port_decode
                0x0000000000010164       0x18 modules/hal_nordic/modules/hal_nordic/nrfx/libmodules__hal_nordic__nrfx.a(nrfx_gpiote.c.obj)
 .text.call_handler.constprop.0
                0x000000000001017c       0x3c modules/hal_nordic/modules/hal_nordic/nrfx/libmodules__hal_nordic__nrfx.a(nrfx_gpiote.c.obj)
 .text.latch_pending_read_and_check
                0x00000000000101b8       0x1c modules/hal_nordic/modules/hal_nordic/nrfx/libmodules__hal_nordic__nrfx.a(nrfx_gpiote.c.obj)
 .text.release_handler.isra.0
                0x00000000000101d4       0x54 modules/hal_nordic/modules/hal_nordic/nrfx/libmodules__hal_nordic__nrfx.a(nrfx_gpiote.c.obj)
 .text.__nrfy_internal_gpiote_events_process.constprop.0
                0x0000000000010228       0x64 modules/hal_nordic/modules/hal_nordic/nrfx/libmodules__hal_nordic__nrfx.a(nrfx_gpiote.c.obj)
 .text.pin_trigger_disable
                0x000000000001028c       0x40 modules/hal_nordic/modules/hal_nordic/nrfx/libmodules__hal_nordic__nrfx.a(nrfx_gpiote.c.obj)
 .text.pin_uninit
                0x00000000000102cc       0x78 modules/hal_nordic/modules/hal_nordic/nrfx/libmodules__hal_nordic__nrfx.a(nrfx_gpiote.c.obj)
 .text.nrfx_gpiote_input_configure
                0x0000000000010344      0x168 modules/hal_nordic/modules/hal_nordic/nrfx/libmodules__hal_nordic__nrfx.a(nrfx_gpiote.c.obj)
                0x0000000000010344                nrfx_gpiote_input_configure
 .text.nrfx_gpiote_output_configure
                0x00000000000104ac       0xf0 modules/hal_nordic/modules/hal_nordic/nrfx/libmodules__hal_nordic__nrfx.a(nrfx_gpiote.c.obj)
                0x00000000000104ac                nrfx_gpiote_output_configure
 .text.nrfx_gpiote_global_callback_set
                0x000000000001059c        0xc modules/hal_nordic/modules/hal_nordic/nrfx/libmodules__hal_nordic__nrfx.a(nrfx_gpiote.c.obj)
                0x000000000001059c                nrfx_gpiote_global_callback_set
 .text.nrfx_gpiote_channel_get
                0x00000000000105a8       0x24 modules/hal_nordic/modules/hal_nordic/nrfx/libmodules__hal_nordic__nrfx.a(nrfx_gpiote.c.obj)
                0x00000000000105a8                nrfx_gpiote_channel_get
 .text.nrfx_gpiote_init
                0x00000000000105cc       0x48 modules/hal_nordic/modules/hal_nordic/nrfx/libmodules__hal_nordic__nrfx.a(nrfx_gpiote.c.obj)
                0x00000000000105cc                nrfx_gpiote_init
 .text.nrfx_gpiote_init_check
                0x0000000000010614       0x14 modules/hal_nordic/modules/hal_nordic/nrfx/libmodules__hal_nordic__nrfx.a(nrfx_gpiote.c.obj)
                0x0000000000010614                nrfx_gpiote_init_check
 .text.nrfx_gpiote_channel_free
                0x0000000000010628       0x10 modules/hal_nordic/modules/hal_nordic/nrfx/libmodules__hal_nordic__nrfx.a(nrfx_gpiote.c.obj)
                0x0000000000010628                nrfx_gpiote_channel_free
 .text.nrfx_gpiote_channel_alloc
                0x0000000000010638       0x10 modules/hal_nordic/modules/hal_nordic/nrfx/libmodules__hal_nordic__nrfx.a(nrfx_gpiote.c.obj)
                0x0000000000010638                nrfx_gpiote_channel_alloc
 .text.nrfx_gpiote_trigger_enable
                0x0000000000010648       0x90 modules/hal_nordic/modules/hal_nordic/nrfx/libmodules__hal_nordic__nrfx.a(nrfx_gpiote.c.obj)
                0x0000000000010648                nrfx_gpiote_trigger_enable
 .text.nrfx_gpiote_1_irq_handler
                0x00000000000106d8      0x14c modules/hal_nordic/modules/hal_nordic/nrfx/libmodules__hal_nordic__nrfx.a(nrfx_gpiote.c.obj)
                0x00000000000106d8                nrfx_gpiote_1_irq_handler
 .text.nrfx_ipc_init
                0x0000000000010824       0x30 modules/hal_nordic/modules/hal_nordic/nrfx/libmodules__hal_nordic__nrfx.a(nrfx_ipc.c.obj)
                0x0000000000010824                nrfx_ipc_init
 .text.nrfx_ipc_config_load
                0x0000000000010854       0x40 modules/hal_nordic/modules/hal_nordic/nrfx/libmodules__hal_nordic__nrfx.a(nrfx_ipc.c.obj)
                0x0000000000010854                nrfx_ipc_config_load
 .text.nrfx_ipc_uninit
                0x0000000000010894       0x64 modules/hal_nordic/modules/hal_nordic/nrfx/libmodules__hal_nordic__nrfx.a(nrfx_ipc.c.obj)
                0x0000000000010894                nrfx_ipc_uninit
 .text.nrfx_ipc_receive_event_enable
                0x00000000000108f8       0x10 modules/hal_nordic/modules/hal_nordic/nrfx/libmodules__hal_nordic__nrfx.a(nrfx_ipc.c.obj)
                0x00000000000108f8                nrfx_ipc_receive_event_enable
 .text.nrfx_ipc_receive_event_disable
                0x0000000000010908       0x10 modules/hal_nordic/modules/hal_nordic/nrfx/libmodules__hal_nordic__nrfx.a(nrfx_ipc.c.obj)
                0x0000000000010908                nrfx_ipc_receive_event_disable
 .text.nrfx_ipc_irq_handler
                0x0000000000010918       0x40 modules/hal_nordic/modules/hal_nordic/nrfx/libmodules__hal_nordic__nrfx.a(nrfx_ipc.c.obj)
                0x0000000000010918                nrfx_ipc_irq_handler
 .text.modem_off
                0x0000000000010958       0x28 /home/ashuqullah-alizai/ncs/v3.1.1/nrfxlib/nrf_modem/lib/dect_phy/nrf9120/soft-float/libmodem.a(nrf_modem.c.obj)
 .text.nrf_modem_platform_init
                0x0000000000010980       0x38 /home/ashuqullah-alizai/ncs/v3.1.1/nrfxlib/nrf_modem/lib/dect_phy/nrf9120/soft-float/libmodem.a(nrf_modem.c.obj)
 .text.atomic_set.constprop.0.isra.0
                0x00000000000109b8       0x14 /home/ashuqullah-alizai/ncs/v3.1.1/nrfxlib/nrf_modem/lib/dect_phy/nrf9120/soft-float/libmodem.a(nrf_modem.c.obj)
 .text.nrf_modem_init
                0x00000000000109cc       0xcc /home/ashuqullah-alizai/ncs/v3.1.1/nrfxlib/nrf_modem/lib/dect_phy/nrf9120/soft-float/libmodem.a(nrf_modem.c.obj)
                0x00000000000109cc                nrf_modem_init
 .text.nrf_modem_shutdown
                0x0000000000010a98       0xa8 /home/ashuqullah-alizai/ncs/v3.1.1/nrfxlib/nrf_modem/lib/dect_phy/nrf9120/soft-float/libmodem.a(nrf_modem.c.obj)
                0x0000000000010a98                nrf_modem_shutdown
 .text.nrf_modem_fault_handler_set
                0x0000000000010b40        0xc /home/ashuqullah-alizai/ncs/v3.1.1/nrfxlib/nrf_modem/lib/dect_phy/nrf9120/soft-float/libmodem.a(nrf_modem_fault.c.obj)
                0x0000000000010b40                nrf_modem_fault_handler_set
 .text.nrf_modem_fault_handler_internal
                0x0000000000010b4c       0x18 /home/ashuqullah-alizai/ncs/v3.1.1/nrfxlib/nrf_modem/lib/dect_phy/nrf9120/soft-float/libmodem.a(nrf_modem_fault.c.obj)
                0x0000000000010b4c                nrf_modem_fault_handler_internal
 .text.nrf_modem_state_set
                0x0000000000010b64        0xc /home/ashuqullah-alizai/ncs/v3.1.1/nrfxlib/nrf_modem/lib/dect_phy/nrf9120/soft-float/libmodem.a(nrf_modem_state.c.obj)
                0x0000000000010b64                nrf_modem_state_set
 .text.nrf_modem_state_is_initialized
                0x0000000000010b70       0x10 /home/ashuqullah-alizai/ncs/v3.1.1/nrfxlib/nrf_modem/lib/dect_phy/nrf9120/soft-float/libmodem.a(nrf_modem_state.c.obj)
                0x0000000000010b70                nrf_modem_state_is_initialized
 .text.nrf_modem_state_is_fault
                0x0000000000010b80       0x10 /home/ashuqullah-alizai/ncs/v3.1.1/nrfxlib/nrf_modem/lib/dect_phy/nrf9120/soft-float/libmodem.a(nrf_modem_state.c.obj)
                0x0000000000010b80                nrf_modem_state_is_fault
 .text.rpc_handle_data_message
                0x0000000000010b90       0x38 /home/ashuqullah-alizai/ncs/v3.1.1/nrfxlib/nrf_modem/lib/dect_phy/nrf9120/soft-float/libmodem.a(rpc_framework.c.obj)
                0x0000000000010b90                rpc_handle_data_message
 .text.rpc_transport_init
                0x0000000000010bc8        0xc /home/ashuqullah-alizai/ncs/v3.1.1/nrfxlib/nrf_modem/lib/dect_phy/nrf9120/soft-float/libmodem.a(rpc_transport.c.obj)
                0x0000000000010bc8                rpc_transport_init
 .text.rpc_transport_msg_alloc
                0x0000000000010bd4        0xc /home/ashuqullah-alizai/ncs/v3.1.1/nrfxlib/nrf_modem/lib/dect_phy/nrf9120/soft-float/libmodem.a(rpc_transport.c.obj)
                0x0000000000010bd4                rpc_transport_msg_alloc
 .text.rpc_transport_msg_tx_free
                0x0000000000010be0        0xc /home/ashuqullah-alizai/ncs/v3.1.1/nrfxlib/nrf_modem/lib/dect_phy/nrf9120/soft-float/libmodem.a(rpc_transport.c.obj)
                0x0000000000010be0                rpc_transport_msg_tx_free
 .text.rpc_transport_msg_data_rx_free
                0x0000000000010bec        0xc /home/ashuqullah-alizai/ncs/v3.1.1/nrfxlib/nrf_modem/lib/dect_phy/nrf9120/soft-float/libmodem.a(rpc_transport.c.obj)
                0x0000000000010bec                rpc_transport_msg_data_rx_free
 .text.rpc_transport_msg_send
                0x0000000000010bf8        0xc /home/ashuqullah-alizai/ncs/v3.1.1/nrfxlib/nrf_modem/lib/dect_phy/nrf9120/soft-float/libmodem.a(rpc_transport.c.obj)
                0x0000000000010bf8                rpc_transport_msg_send
 .text.rpc_transport_request_shutdown
                0x0000000000010c04        0xc /home/ashuqullah-alizai/ncs/v3.1.1/nrfxlib/nrf_modem/lib/dect_phy/nrf9120/soft-float/libmodem.a(rpc_transport.c.obj)
                0x0000000000010c04                rpc_transport_request_shutdown
 .text.rpc_transport_shutdown
                0x0000000000010c10        0xc /home/ashuqullah-alizai/ncs/v3.1.1/nrfxlib/nrf_modem/lib/dect_phy/nrf9120/soft-float/libmodem.a(rpc_transport.c.obj)
                0x0000000000010c10                rpc_transport_shutdown
 .text.rpc_transport_ipc_msg_data_tx_size
                0x0000000000010c1c        0xc /home/ashuqullah-alizai/ncs/v3.1.1/nrfxlib/nrf_modem/lib/dect_phy/nrf9120/soft-float/libmodem.a(rpc_transport_ipc.c.obj)
 .text.rpc_transport_ipc_msg_tx_free
                0x0000000000010c28       0x38 /home/ashuqullah-alizai/ncs/v3.1.1/nrfxlib/nrf_modem/lib/dect_phy/nrf9120/soft-float/libmodem.a(rpc_transport_ipc.c.obj)
 .text.handle_modem_rpc_msg
                0x0000000000010c60       0x68 /home/ashuqullah-alizai/ncs/v3.1.1/nrfxlib/nrf_modem/lib/dect_phy/nrf9120/soft-float/libmodem.a(rpc_transport_ipc.c.obj)
 .text.rpc_message_handler
                0x0000000000010cc8       0x24 /home/ashuqullah-alizai/ncs/v3.1.1/nrfxlib/nrf_modem/lib/dect_phy/nrf9120/soft-float/libmodem.a(rpc_transport_ipc.c.obj)
 .text.ipc_irq_handler
                0x0000000000010cec       0xec /home/ashuqullah-alizai/ncs/v3.1.1/nrfxlib/nrf_modem/lib/dect_phy/nrf9120/soft-float/libmodem.a(rpc_transport_ipc.c.obj)
                0x0000000000010cec                ipc_irq_handler
 .text.rpc_transport_ipc_ctrl_msg_alloc
                0x0000000000010dd8       0x44 /home/ashuqullah-alizai/ncs/v3.1.1/nrfxlib/nrf_modem/lib/dect_phy/nrf9120/soft-float/libmodem.a(rpc_transport_ipc.c.obj)
 .text.rpc_transport_ipc_data_msg_alloc
                0x0000000000010e1c       0x24 /home/ashuqullah-alizai/ncs/v3.1.1/nrfxlib/nrf_modem/lib/dect_phy/nrf9120/soft-float/libmodem.a(rpc_transport_ipc.c.obj)
 .text.rpc_transport_ipc_data_msg_send
                0x0000000000010e40       0x70 /home/ashuqullah-alizai/ncs/v3.1.1/nrfxlib/nrf_modem/lib/dect_phy/nrf9120/soft-float/libmodem.a(rpc_transport_ipc.c.obj)
 .text.rpc_transport_ipc_init
                0x0000000000010eb0      0x1dc /home/ashuqullah-alizai/ncs/v3.1.1/nrfxlib/nrf_modem/lib/dect_phy/nrf9120/soft-float/libmodem.a(rpc_transport_ipc.c.obj)
 .text.rpc_transport_ipc_ctrl_msg_send
                0x000000000001108c       0x70 /home/ashuqullah-alizai/ncs/v3.1.1/nrfxlib/nrf_modem/lib/dect_phy/nrf9120/soft-float/libmodem.a(rpc_transport_ipc.c.obj)
 .text.rpc_transport_ipc_request_shutdown
                0x00000000000110fc       0x38 /home/ashuqullah-alizai/ncs/v3.1.1/nrfxlib/nrf_modem/lib/dect_phy/nrf9120/soft-float/libmodem.a(rpc_transport_ipc.c.obj)
 .text.rpc_transport_ipc_msg_data_rx_free
                0x0000000000011134       0x30 /home/ashuqullah-alizai/ncs/v3.1.1/nrfxlib/nrf_modem/lib/dect_phy/nrf9120/soft-float/libmodem.a(rpc_transport_ipc.c.obj)
 .text.cfun_post_modem
                0x0000000000011164       0x14 /home/ashuqullah-alizai/ncs/v3.1.1/nrfxlib/nrf_modem/lib/dect_phy/nrf9120/soft-float/libmodem.a(nrf_modem_at.c.obj)
 .text.at_cmd_vsprintf
                0x0000000000011178       0x50 /home/ashuqullah-alizai/ncs/v3.1.1/nrfxlib/nrf_modem/lib/dect_phy/nrf9120/soft-float/libmodem.a(nrf_modem_at.c.obj)
 .text.cfun_pre_modem
                0x00000000000111c8       0x44 /home/ashuqullah-alizai/ncs/v3.1.1/nrfxlib/nrf_modem/lib/dect_phy/nrf9120/soft-float/libmodem.a(nrf_modem_at.c.obj)
 .text.at_cmd_send
                0x000000000001120c       0x68 /home/ashuqullah-alizai/ncs/v3.1.1/nrfxlib/nrf_modem/lib/dect_phy/nrf9120/soft-float/libmodem.a(nrf_modem_at.c.obj)
 .text.at_response_match
                0x0000000000011274       0x48 /home/ashuqullah-alizai/ncs/v3.1.1/nrfxlib/nrf_modem/lib/dect_phy/nrf9120/soft-float/libmodem.a(nrf_modem_at.c.obj)
 .text.nrf_modem_at_cfun_handler_set
                0x00000000000112bc        0xc /home/ashuqullah-alizai/ncs/v3.1.1/nrfxlib/nrf_modem/lib/dect_phy/nrf9120/soft-float/libmodem.a(nrf_modem_at.c.obj)
                0x00000000000112bc                nrf_modem_at_cfun_handler_set
 .text.nrf_modem_at_printf
                0x00000000000112c8       0xc8 /home/ashuqullah-alizai/ncs/v3.1.1/nrfxlib/nrf_modem/lib/dect_phy/nrf9120/soft-float/libmodem.a(nrf_modem_at.c.obj)
                0x00000000000112c8                nrf_modem_at_printf
 .text.nrf_modem_at_scanf
                0x0000000000011390       0xf8 /home/ashuqullah-alizai/ncs/v3.1.1/nrfxlib/nrf_modem/lib/dect_phy/nrf9120/soft-float/libmodem.a(nrf_modem_at.c.obj)
                0x0000000000011390                nrf_modem_at_scanf
 .text.rpc_at_event_handler
                0x0000000000011488       0x88 /home/ashuqullah-alizai/ncs/v3.1.1/nrfxlib/nrf_modem/lib/dect_phy/nrf9120/soft-float/libmodem.a(nrf_modem_at.c.obj)
                0x0000000000011488                rpc_at_event_handler
 .text.rpc_at_init
                0x0000000000011510       0x40 /home/ashuqullah-alizai/ncs/v3.1.1/nrfxlib/nrf_modem/lib/dect_phy/nrf9120/soft-float/libmodem.a(nrf_modem_at.c.obj)
                0x0000000000011510                rpc_at_init
 .text.nrf_modem_dect_phy_event_handler_set
                0x0000000000011550       0x14 /home/ashuqullah-alizai/ncs/v3.1.1/nrfxlib/nrf_modem/lib/dect_phy/nrf9120/soft-float/libmodem.a(nrf_modem_dect_phy.c.obj)
                0x0000000000011550                nrf_modem_dect_phy_event_handler_set
 .text.nrf_modem_dect_phy_init
                0x0000000000011564       0x40 /home/ashuqullah-alizai/ncs/v3.1.1/nrfxlib/nrf_modem/lib/dect_phy/nrf9120/soft-float/libmodem.a(nrf_modem_dect_phy.c.obj)
                0x0000000000011564                nrf_modem_dect_phy_init
 .text.nrf_modem_dect_phy_deinit
                0x00000000000115a4       0x40 /home/ashuqullah-alizai/ncs/v3.1.1/nrfxlib/nrf_modem/lib/dect_phy/nrf9120/soft-float/libmodem.a(nrf_modem_dect_phy.c.obj)
                0x00000000000115a4                nrf_modem_dect_phy_deinit
 .text.nrf_modem_dect_phy_activate
                0x00000000000115e4       0x44 /home/ashuqullah-alizai/ncs/v3.1.1/nrfxlib/nrf_modem/lib/dect_phy/nrf9120/soft-float/libmodem.a(nrf_modem_dect_phy.c.obj)
                0x00000000000115e4                nrf_modem_dect_phy_activate
 .text.nrf_modem_dect_phy_deactivate
                0x0000000000011628       0x40 /home/ashuqullah-alizai/ncs/v3.1.1/nrfxlib/nrf_modem/lib/dect_phy/nrf9120/soft-float/libmodem.a(nrf_modem_dect_phy.c.obj)
                0x0000000000011628                nrf_modem_dect_phy_deactivate
 .text.nrf_modem_dect_phy_capability_get
                0x0000000000011668       0x40 /home/ashuqullah-alizai/ncs/v3.1.1/nrfxlib/nrf_modem/lib/dect_phy/nrf9120/soft-float/libmodem.a(nrf_modem_dect_phy.c.obj)
                0x0000000000011668                nrf_modem_dect_phy_capability_get
 .text.nrf_modem_dect_phy_rx
                0x00000000000116a8       0x88 /home/ashuqullah-alizai/ncs/v3.1.1/nrfxlib/nrf_modem/lib/dect_phy/nrf9120/soft-float/libmodem.a(nrf_modem_dect_phy.c.obj)
                0x00000000000116a8                nrf_modem_dect_phy_rx
 .text.nrf_modem_dect_phy_tx
                0x0000000000011730       0x88 /home/ashuqullah-alizai/ncs/v3.1.1/nrfxlib/nrf_modem/lib/dect_phy/nrf9120/soft-float/libmodem.a(nrf_modem_dect_phy.c.obj)
                0x0000000000011730                nrf_modem_dect_phy_tx
 .text.nrf_modem_dect_phy_configure
                0x00000000000117b8       0x50 /home/ashuqullah-alizai/ncs/v3.1.1/nrfxlib/nrf_modem/lib/dect_phy/nrf9120/soft-float/libmodem.a(nrf_modem_dect_phy.c.obj)
                0x00000000000117b8                nrf_modem_dect_phy_configure
 .text.rpc_dect_phy_event_handler
                0x0000000000011808      0x434 /home/ashuqullah-alizai/ncs/v3.1.1/nrfxlib/nrf_modem/lib/dect_phy/nrf9120/soft-float/libmodem.a(nrf_modem_dect_phy.c.obj)
                0x0000000000011808                rpc_dect_phy_event_handler
 .text.rpc_dect_phy_init
                0x0000000000011c3c       0x20 /home/ashuqullah-alizai/ncs/v3.1.1/nrfxlib/nrf_modem/lib/dect_phy/nrf9120/soft-float/libmodem.a(nrf_modem_dect_phy.c.obj)
                0x0000000000011c3c                rpc_dect_phy_init
 .text.rpc_dect_phy_deinit
                0x0000000000011c5c       0x20 /home/ashuqullah-alizai/ncs/v3.1.1/nrfxlib/nrf_modem/lib/dect_phy/nrf9120/soft-float/libmodem.a(nrf_modem_dect_phy.c.obj)
                0x0000000000011c5c                rpc_dect_phy_deinit
 .text.ipc_trace_init
                0x0000000000011c7c       0x40 /home/ashuqullah-alizai/ncs/v3.1.1/nrfxlib/nrf_modem/lib/dect_phy/nrf9120/soft-float/libmodem.a(ipc_trace.c.obj)
                0x0000000000011c7c                ipc_trace_init
 .text.ipc_trace_uninit
                0x0000000000011cbc       0x10 /home/ashuqullah-alizai/ncs/v3.1.1/nrfxlib/nrf_modem/lib/dect_phy/nrf9120/soft-float/libmodem.a(ipc_trace.c.obj)
                0x0000000000011cbc                ipc_trace_uninit
 .text.ipc_trace_handler
                0x0000000000011ccc       0xb4 /home/ashuqullah-alizai/ncs/v3.1.1/nrfxlib/nrf_modem/lib/dect_phy/nrf9120/soft-float/libmodem.a(ipc_trace.c.obj)
                0x0000000000011ccc                ipc_trace_handler
 .text.z_device_get_all_static
                0x0000000000011d80       0x18 zephyr/kernel/libkernel.a(device.c.obj)
                0x0000000000011d80                z_device_get_all_static
 .text.k_sys_fatal_error_handler
                0x0000000000011d98       0x28 zephyr/kernel/libkernel.a(fatal.c.obj)
                0x0000000000011d98                k_sys_fatal_error_handler
 .text.z_fatal_error
                0x0000000000011dc0      0x110 zephyr/kernel/libkernel.a(fatal.c.obj)
                0x0000000000011dc0                z_fatal_error
 .text.z_sys_init_run_level
                0x0000000000011ed0       0x30 zephyr/kernel/libkernel.a(init.c.obj)
 .text.bg_thread_main
                0x0000000000011f00       0xc0 zephyr/kernel/libkernel.a(init.c.obj)
 .text.z_bss_zero
                0x0000000000011fc0       0x18 zephyr/kernel/libkernel.a(init.c.obj)
                0x0000000000011fc0                z_bss_zero
 .text.z_init_cpu
                0x0000000000011fd8       0x70 zephyr/kernel/libkernel.a(init.c.obj)
                0x0000000000011fd8                z_init_cpu
 .text.z_cstart
                0x0000000000012048       0xd4 zephyr/kernel/libkernel.a(init.c.obj)
                0x0000000000012048                z_cstart
 .text.statics_init
                0x000000000001211c       0x24 zephyr/kernel/libkernel.a(kheap.c.obj)
 .text.k_heap_alloc
                0x0000000000012140       0x1c zephyr/kernel/libkernel.a(kheap.c.obj)
                0x0000000000012140                k_heap_alloc
 .text.z_impl_k_mutex_lock
                0x000000000001215c       0xf0 zephyr/kernel/libkernel.a(mutex.c.obj)
                0x000000000001215c                z_impl_k_mutex_lock
 .text.z_impl_k_mutex_unlock
                0x000000000001224c       0xa0 zephyr/kernel/libkernel.a(mutex.c.obj)
                0x000000000001224c                z_impl_k_mutex_unlock
 .text.z_impl_k_sem_give
                0x00000000000122ec       0x74 zephyr/kernel/libkernel.a(sem.c.obj)
                0x00000000000122ec                z_impl_k_sem_give
 .text.z_impl_k_sem_take
                0x0000000000012360       0x4c zephyr/kernel/libkernel.a(sem.c.obj)
                0x0000000000012360                z_impl_k_sem_take
 .text.z_impl_k_thread_name_set
                0x00000000000123ac       0x20 zephyr/kernel/libkernel.a(thread.c.obj)
                0x00000000000123ac                z_impl_k_thread_name_set
 .text.k_thread_state_str
                0x00000000000123cc       0x84 zephyr/kernel/libkernel.a(thread.c.obj)
                0x00000000000123cc                k_thread_state_str
 .text.z_setup_new_thread
                0x0000000000012450       0xd4 zephyr/kernel/libkernel.a(thread.c.obj)
                0x0000000000012450                z_setup_new_thread
 .text.z_impl_k_thread_create
                0x0000000000012524       0x58 zephyr/kernel/libkernel.a(thread.c.obj)
                0x0000000000012524                z_impl_k_thread_create
 .text.z_dummy_thread_init
                0x000000000001257c       0x20 zephyr/kernel/libkernel.a(thread.c.obj)
                0x000000000001257c                z_dummy_thread_init
 .text.z_swap_irqlock
                0x000000000001259c       0x34 zephyr/kernel/libkernel.a(sched.c.obj)
 .text.ready_thread
                0x00000000000125d0       0x84 zephyr/kernel/libkernel.a(sched.c.obj)
 .text.unready_thread
                0x0000000000012654       0x54 zephyr/kernel/libkernel.a(sched.c.obj)
 .text.add_thread_timeout
                0x00000000000126a8       0x1c zephyr/kernel/libkernel.a(sched.c.obj)
 .text.move_thread_to_end_of_prio_q
                0x00000000000126c4       0x90 zephyr/kernel/libkernel.a(sched.c.obj)
                0x00000000000126c4                move_thread_to_end_of_prio_q
 .text.z_impl_k_thread_suspend
                0x0000000000012754       0xf0 zephyr/kernel/libkernel.a(sched.c.obj)
                0x0000000000012754                z_impl_k_thread_suspend
 .text.z_pend_curr
                0x0000000000012844       0x44 zephyr/kernel/libkernel.a(sched.c.obj)
                0x0000000000012844                z_pend_curr
 .text.z_thread_prio_set
                0x0000000000012888       0xe4 zephyr/kernel/libkernel.a(sched.c.obj)
                0x0000000000012888                z_thread_prio_set
 .text.z_reschedule
                0x000000000001296c       0x24 zephyr/kernel/libkernel.a(sched.c.obj)
                0x000000000001296c                z_reschedule
 .text.z_impl_k_thread_resume
                0x0000000000012990       0x3c zephyr/kernel/libkernel.a(sched.c.obj)
                0x0000000000012990                z_impl_k_thread_resume
 .text.z_reschedule_irqlock
                0x00000000000129cc       0x28 zephyr/kernel/libkernel.a(sched.c.obj)
                0x00000000000129cc                z_reschedule_irqlock
 .text.k_sched_lock
                0x00000000000129f4       0x28 zephyr/kernel/libkernel.a(sched.c.obj)
                0x00000000000129f4                k_sched_lock
 .text.k_sched_unlock
                0x0000000000012a1c       0x68 zephyr/kernel/libkernel.a(sched.c.obj)
                0x0000000000012a1c                k_sched_unlock
 .text.z_sched_init
                0x0000000000012a84       0x10 zephyr/kernel/libkernel.a(sched.c.obj)
                0x0000000000012a84                z_sched_init
 .text.z_impl_k_yield
                0x0000000000012a94       0x88 zephyr/kernel/libkernel.a(sched.c.obj)
                0x0000000000012a94                z_impl_k_yield
 .text.z_tick_sleep
                0x0000000000012b1c       0x78 zephyr/kernel/libkernel.a(sched.c.obj)
 .text.z_impl_k_wakeup
                0x0000000000012b94       0x48 zephyr/kernel/libkernel.a(sched.c.obj)
                0x0000000000012b94                z_impl_k_wakeup
 .text.z_impl_k_sched_current_thread_query
                0x0000000000012bdc        0xc zephyr/kernel/libkernel.a(sched.c.obj)
                0x0000000000012bdc                z_impl_k_sched_current_thread_query
 .text.z_thread_abort
                0x0000000000012be8      0x140 zephyr/kernel/libkernel.a(sched.c.obj)
                0x0000000000012be8                z_thread_abort
 .text.z_sched_wait
                0x0000000000012d28       0x24 zephyr/kernel/libkernel.a(sched.c.obj)
                0x0000000000012d28                z_sched_wait
 .text.slice_timeout
                0x0000000000012d4c       0x20 zephyr/kernel/libkernel.a(timeslicing.c.obj)
 .text.thread_is_sliceable
                0x0000000000012d6c       0x3c zephyr/kernel/libkernel.a(timeslicing.c.obj)
                0x0000000000012d6c                thread_is_sliceable
 .text.z_reset_time_slice
                0x0000000000012da8       0x50 zephyr/kernel/libkernel.a(timeslicing.c.obj)
                0x0000000000012da8                z_reset_time_slice
 .text.z_time_slice
                0x0000000000012df8       0x60 zephyr/kernel/libkernel.a(timeslicing.c.obj)
                0x0000000000012df8                z_time_slice
 .text.z_thread_monitor_exit
                0x0000000000012e58       0x3c zephyr/kernel/libkernel.a(thread_monitor.c.obj)
                0x0000000000012e58                z_thread_monitor_exit
 .text.k_thread_foreach
                0x0000000000012e94       0x34 zephyr/kernel/libkernel.a(thread_monitor.c.obj)
                0x0000000000012e94                k_thread_foreach
 .text.k_thread_foreach_unlocked
                0x0000000000012ec8       0x48 zephyr/kernel/libkernel.a(thread_monitor.c.obj)
                0x0000000000012ec8                k_thread_foreach_unlocked
 .text.z_data_copy
                0x0000000000012f10       0x38 zephyr/kernel/libkernel.a(xip.c.obj)
                0x0000000000012f10                z_data_copy
 .text.first    0x0000000000012f48       0x10 zephyr/kernel/libkernel.a(timeout.c.obj)
 .text.elapsed  0x0000000000012f58       0x14 zephyr/kernel/libkernel.a(timeout.c.obj)
 .text.remove_timeout
                0x0000000000012f6c       0x38 zephyr/kernel/libkernel.a(timeout.c.obj)
 .text.z_add_timeout
                0x0000000000012fa4      0x124 zephyr/kernel/libkernel.a(timeout.c.obj)
                0x0000000000012fa4                z_add_timeout
 .text.sys_clock_announce
                0x00000000000130c8       0xbc zephyr/kernel/libkernel.a(timeout.c.obj)
                0x00000000000130c8                sys_clock_announce
 .text.sys_clock_tick_get
                0x0000000000013184       0x30 zephyr/kernel/libkernel.a(timeout.c.obj)
                0x0000000000013184                sys_clock_tick_get
 .text.z_timer_expiration_handler
                0x00000000000131b4       0xe0 zephyr/kernel/libkernel.a(timer.c.obj)
                0x00000000000131b4                z_timer_expiration_handler
 .text.z_impl_k_timer_start
                0x0000000000013294       0x74 zephyr/kernel/libkernel.a(timer.c.obj)
                0x0000000000013294                z_impl_k_timer_start
 .text.clear_event_registrations
                0x0000000000013308       0x60 zephyr/kernel/libkernel.a(poll.c.obj)
 .text.z_impl_k_poll
                0x0000000000013368       0xb0 zephyr/kernel/libkernel.a(poll.c.obj)
                0x0000000000013368                z_impl_k_poll
 .text.z_impl_k_poll_signal_raise
                0x0000000000013418       0x50 zephyr/kernel/libkernel.a(poll.c.obj)
                0x0000000000013418                z_impl_k_poll_signal_raise
 .text.k_thread_system_pool_assign
                0x0000000000013468        0xc zephyr/kernel/libkernel.a(mempool.c.obj)
                0x0000000000013468                k_thread_system_pool_assign
 .text.k_sys_work_q_init
                0x0000000000013474       0x2c zephyr/kernel/libkernel.a(system_work_q.c.obj)
 .text.work_queue_main
                0x00000000000134a0      0x14c zephyr/kernel/libkernel.a(work.c.obj)
 .text.submit_to_queue_locked
                0x00000000000135ec       0xb8 zephyr/kernel/libkernel.a(work.c.obj)
 .text.k_work_queue_start
                0x00000000000136a4       0x80 zephyr/kernel/libkernel.a(work.c.obj)
                0x00000000000136a4                k_work_queue_start
 .text.snprintf
                0x0000000000013724       0x58 /home/ashuqullah-alizai/ncs/toolchains/b2ecd2435d/opt/zephyr-sdk/arm-zephyr-eabi/bin/../lib/gcc/../../picolibc/arm-zephyr-eabi/lib/thumb/v8-m.main/nofp/libc.a(libc_tinystdio_snprintf.c.o)
                0x0000000000013724                snprintf
 .text.sprintf  0x000000000001377c       0x50 /home/ashuqullah-alizai/ncs/toolchains/b2ecd2435d/opt/zephyr-sdk/arm-zephyr-eabi/bin/../lib/gcc/../../picolibc/arm-zephyr-eabi/lib/thumb/v8-m.main/nofp/libc.a(libc_tinystdio_sprintf.c.o)
                0x000000000001377c                sprintf
 .text.strtol   0x00000000000137cc       0xec /home/ashuqullah-alizai/ncs/toolchains/b2ecd2435d/opt/zephyr-sdk/arm-zephyr-eabi/bin/../lib/gcc/../../picolibc/arm-zephyr-eabi/lib/thumb/v8-m.main/nofp/libc.a(libc_tinystdio_strtol.c.o)
                0x00000000000137cc                strtol
 .text.strtoul  0x00000000000138b8       0xcc /home/ashuqullah-alizai/ncs/toolchains/b2ecd2435d/opt/zephyr-sdk/arm-zephyr-eabi/bin/../lib/gcc/../../picolibc/arm-zephyr-eabi/lib/thumb/v8-m.main/nofp/libc.a(libc_tinystdio_strtoul.c.o)
                0x00000000000138b8                strtoul
 .text.__l_vfprintf
                0x0000000000013984      0x4b4 /home/ashuqullah-alizai/ncs/toolchains/b2ecd2435d/opt/zephyr-sdk/arm-zephyr-eabi/bin/../lib/gcc/../../picolibc/arm-zephyr-eabi/lib/thumb/v8-m.main/nofp/libc.a(libc_tinystdio_vflprintf.c.o)
                0x0000000000013984                __l_vfprintf
 .text.__l_vfscanf
                0x0000000000013e38      0x360 /home/ashuqullah-alizai/ncs/toolchains/b2ecd2435d/opt/zephyr-sdk/arm-zephyr-eabi/bin/../lib/gcc/../../picolibc/arm-zephyr-eabi/lib/thumb/v8-m.main/nofp/libc.a(libc_tinystdio_vflscanf.c.o)
                0x0000000000013e38                __l_vfscanf
 .text.vsnprintf
                0x0000000000014198       0x50 /home/ashuqullah-alizai/ncs/toolchains/b2ecd2435d/opt/zephyr-sdk/arm-zephyr-eabi/bin/../lib/gcc/../../picolibc/arm-zephyr-eabi/lib/thumb/v8-m.main/nofp/libc.a(libc_tinystdio_vsnprintf.c.o)
                0x0000000000014198                vsnprintf
 .text.vsscanf  0x00000000000141e8       0x34 /home/ashuqullah-alizai/ncs/toolchains/b2ecd2435d/opt/zephyr-sdk/arm-zephyr-eabi/bin/../lib/gcc/../../picolibc/arm-zephyr-eabi/lib/thumb/v8-m.main/nofp/libc.a(libc_tinystdio_vsscanf.c.o)
                0x00000000000141e8                vsscanf
 .text._OffsetAbsSyms
                0x000000000001421c        0x2 zephyr/CMakeFiles/offsets.dir/./arch/arm/core/offsets/offsets.c.obj
                0x000000000001421c                _OffsetAbsSyms
 .text.k_sem_give
                0x000000000001421e        0x4 app/libapp.a(core.c.obj)
 .text.z_log_msg_simple_create_1
                0x0000000000014222        0x4 app/libapp.a(core.c.obj)
 .text.k_sem_take.constprop.0.isra.0
                0x0000000000014226        0x4 app/libapp.a(core.c.obj)
 .text.chunk_field
                0x000000000001422a       0x16 zephyr/libzephyr.a(heap.c.obj)
 .text.chunk_set
                0x0000000000014240       0x16 zephyr/libzephyr.a(heap.c.obj)
 .text.chunk_size
                0x0000000000014256        0xc zephyr/libzephyr.a(heap.c.obj)
 .text.set_chunk_used
                0x0000000000014262       0x30 zephyr/libzephyr.a(heap.c.obj)
 .text.set_chunk_size
                0x0000000000014292        0x8 zephyr/libzephyr.a(heap.c.obj)
 .text.mem_to_chunkid
                0x000000000001429a       0x14 zephyr/libzephyr.a(heap.c.obj)
 .text.bucket_idx.isra.0
                0x00000000000142ae       0x1c zephyr/libzephyr.a(heap.c.obj)
 .text.free_list_remove_bidx
                0x00000000000142ca       0x5c zephyr/libzephyr.a(heap.c.obj)
 .text.free_list_remove
                0x0000000000014326       0x2e zephyr/libzephyr.a(heap.c.obj)
 .text.alloc_chunk
                0x0000000000014354       0x74 zephyr/libzephyr.a(heap.c.obj)
 .text.split_chunks
                0x00000000000143c8       0x4e zephyr/libzephyr.a(heap.c.obj)
 .text.merge_chunks
                0x0000000000014416       0x3c zephyr/libzephyr.a(heap.c.obj)
 .text.free_list_add
                0x0000000000014452       0x84 zephyr/libzephyr.a(heap.c.obj)
 .text.free_chunk
                0x00000000000144d6       0x84 zephyr/libzephyr.a(heap.c.obj)
 .text.sys_heap_free
                0x000000000001455a       0x24 zephyr/libzephyr.a(heap.c.obj)
                0x000000000001455a                sys_heap_free
 .text.sys_heap_alloc
                0x000000000001457e       0x6e zephyr/libzephyr.a(heap.c.obj)
                0x000000000001457e                sys_heap_alloc
 .text.sys_heap_noalign_alloc
                0x00000000000145ec        0x6 zephyr/libzephyr.a(heap.c.obj)
                0x00000000000145ec                sys_heap_noalign_alloc
 .text.sys_heap_init
                0x00000000000145f2       0xb0 zephyr/libzephyr.a(heap.c.obj)
                0x00000000000145f2                sys_heap_init
 .text.cbpprintf_external
                0x00000000000146a2       0x62 zephyr/libzephyr.a(cbprintf_packaged.c.obj)
                0x00000000000146a2                cbpprintf_external
 .text.is_ptr   0x0000000000014704       0x4a zephyr/libzephyr.a(cbprintf_packaged.c.obj)
                0x0000000000014704                is_ptr
 .text.arch_printk_char_out
                0x000000000001474e        0x4 zephyr/libzephyr.a(printk.c.obj)
                0x000000000001474e                arch_printk_char_out
 .text.printk   0x0000000000014752       0x1a zephyr/libzephyr.a(printk.c.obj)
                0x0000000000014752                printk
 .text.free_space
                0x000000000001476c       0x26 zephyr/libzephyr.a(mpsc_pbuf.c.obj)
 .text.get_usage
                0x0000000000014792       0x22 zephyr/libzephyr.a(mpsc_pbuf.c.obj)
 .text.idx_inc  0x00000000000147b4       0x1c zephyr/libzephyr.a(mpsc_pbuf.c.obj)
 .text.rd_idx_inc
                0x00000000000147d0       0x18 zephyr/libzephyr.a(mpsc_pbuf.c.obj)
 .text.add_skip_item
                0x00000000000147e8       0x3e zephyr/libzephyr.a(mpsc_pbuf.c.obj)
 .text.drop_item_locked
                0x0000000000014826      0x100 zephyr/libzephyr.a(mpsc_pbuf.c.obj)
 .text.post_drop_action
                0x0000000000014926       0x36 zephyr/libzephyr.a(mpsc_pbuf.c.obj)
 .text.max_utilization_update
                0x000000000001495c       0x1a zephyr/libzephyr.a(mpsc_pbuf.c.obj)
 .text.mpsc_pbuf_init
                0x0000000000014976       0x42 zephyr/libzephyr.a(mpsc_pbuf.c.obj)
                0x0000000000014976                mpsc_pbuf_init
 .text.mpsc_pbuf_alloc
                0x00000000000149b8       0xfe zephyr/libzephyr.a(mpsc_pbuf.c.obj)
                0x00000000000149b8                mpsc_pbuf_alloc
 .text.mpsc_pbuf_commit
                0x0000000000014ab6       0x3e zephyr/libzephyr.a(mpsc_pbuf.c.obj)
                0x0000000000014ab6                mpsc_pbuf_commit
 .text.mpsc_pbuf_claim
                0x0000000000014af4       0xa8 zephyr/libzephyr.a(mpsc_pbuf.c.obj)
                0x0000000000014af4                mpsc_pbuf_claim
 .text.mpsc_pbuf_free
                0x0000000000014b9c       0x76 zephyr/libzephyr.a(mpsc_pbuf.c.obj)
                0x0000000000014b9c                mpsc_pbuf_free
 .text.mpsc_pbuf_is_pending
                0x0000000000014c12       0x32 zephyr/libzephyr.a(mpsc_pbuf.c.obj)
                0x0000000000014c12                mpsc_pbuf_is_pending
 .text.process_recheck
                0x0000000000014c44       0x38 zephyr/libzephyr.a(onoff.c.obj)
 .text.validate_args
                0x0000000000014c7c       0x20 zephyr/libzephyr.a(onoff.c.obj)
 .text.notify_one
                0x0000000000014c9c       0x2c zephyr/libzephyr.a(onoff.c.obj)
 .text.transition_complete
                0x0000000000014cc8       0x1a zephyr/libzephyr.a(onoff.c.obj)
 .text.onoff_manager_init
                0x0000000000014ce2       0x26 zephyr/libzephyr.a(onoff.c.obj)
                0x0000000000014ce2                onoff_manager_init
 .text.onoff_request
                0x0000000000014d08       0xae zephyr/libzephyr.a(onoff.c.obj)
                0x0000000000014d08                onoff_request
 .text.sys_notify_validate
                0x0000000000014db6       0x28 zephyr/libzephyr.a(notify.c.obj)
                0x0000000000014db6                sys_notify_validate
 .text.sys_notify_finalize
                0x0000000000014dde       0x32 zephyr/libzephyr.a(notify.c.obj)
                0x0000000000014dde                sys_notify_finalize
 .text.ring_buf_area_claim
                0x0000000000014e10       0x30 zephyr/libzephyr.a(ring_buffer.c.obj)
                0x0000000000014e10                ring_buf_area_claim
 .text.ring_buf_put_claim
                0x0000000000014e40       0x1e zephyr/libzephyr.a(ring_buffer.c.obj)
 .text.ring_buf_get_claim
                0x0000000000014e5e       0x1e zephyr/libzephyr.a(ring_buffer.c.obj)
 .text.ring_buf_area_finish
                0x0000000000014e7c       0x32 zephyr/libzephyr.a(ring_buffer.c.obj)
                0x0000000000014e7c                ring_buf_area_finish
 .text.ring_buf_put
                0x0000000000014eae       0x40 zephyr/libzephyr.a(ring_buffer.c.obj)
                0x0000000000014eae                ring_buf_put
 .text.ring_buf_get
                0x0000000000014eee       0x44 zephyr/libzephyr.a(ring_buffer.c.obj)
                0x0000000000014eee                ring_buf_get
 .text._ConfigAbsSyms
                0x0000000000014f32        0x2 zephyr/libzephyr.a(configs.c.obj)
                0x0000000000014f32                _ConfigAbsSyms
 .text.log_msg_generic_get_wlen
                0x0000000000014f34       0x20 zephyr/libzephyr.a(log_core.c.obj)
 .text.dummy_timestamp
                0x0000000000014f54        0x4 zephyr/libzephyr.a(log_core.c.obj)
 .text.default_get_timestamp
                0x0000000000014f58        0x4 zephyr/libzephyr.a(log_core.c.obj)
 .text.atomic_inc
                0x0000000000014f5c       0x12 zephyr/libzephyr.a(log_core.c.obj)
 .text.z_log_vprintk
                0x0000000000014f6e       0x1c zephyr/libzephyr.a(log_core.c.obj)
                0x0000000000014f6e                z_log_vprintk
 .text.z_log_notify_drop
                0x0000000000014f8a        0x6 zephyr/libzephyr.a(log_core.c.obj)
 .text.z_log_get_tag
                0x0000000000014f90        0x4 zephyr/libzephyr.a(log_core.c.obj)
                0x0000000000014f90                z_log_get_tag
 .text.z_impl_log_filter_set
                0x0000000000014f94       0x10 zephyr/libzephyr.a(log_mgmt.c.obj)
                0x0000000000014f94                z_impl_log_filter_set
 .text.log_backend_enable
                0x0000000000014fa4       0x22 zephyr/libzephyr.a(log_mgmt.c.obj)
                0x0000000000014fa4                log_backend_enable
 .text.log_backend_disable
                0x0000000000014fc6       0x18 zephyr/libzephyr.a(log_mgmt.c.obj)
                0x0000000000014fc6                log_backend_disable
 .text.z_cbprintf_cpy
                0x0000000000014fde       0x2c zephyr/libzephyr.a(log_msg.c.obj)
 .text.z_log_msg_finalize
                0x000000000001500a       0x32 zephyr/libzephyr.a(log_msg.c.obj)
                0x000000000001500a                z_log_msg_finalize
 .text.z_log_msg_simple_create
                0x000000000001503c       0x6e zephyr/libzephyr.a(log_msg.c.obj)
 .text.z_impl_z_log_msg_simple_create_0
                0x00000000000150aa       0x12 zephyr/libzephyr.a(log_msg.c.obj)
                0x00000000000150aa                z_impl_z_log_msg_simple_create_0
 .text.z_impl_z_log_msg_simple_create_1
                0x00000000000150bc       0x14 zephyr/libzephyr.a(log_msg.c.obj)
                0x00000000000150bc                z_impl_z_log_msg_simple_create_1
 .text.z_impl_z_log_msg_simple_create_2
                0x00000000000150d0       0x18 zephyr/libzephyr.a(log_msg.c.obj)
                0x00000000000150d0                z_impl_z_log_msg_simple_create_2
 .text.log_output_write
                0x00000000000150e8       0x1c zephyr/libzephyr.a(log_output.c.obj)
 .text.log_output_flush
                0x0000000000015104       0x1a zephyr/libzephyr.a(log_output.c.obj)
 .text.out_func
                0x000000000001511e       0x2e zephyr/libzephyr.a(log_output.c.obj)
 .text.cr_out_func
                0x000000000001514c       0x1c zephyr/libzephyr.a(log_output.c.obj)
 .text.log_output_msg_process
                0x0000000000015168       0x6a zephyr/libzephyr.a(log_output.c.obj)
                0x0000000000015168                log_output_msg_process
 .text.thread_valid_cb
                0x00000000000151d2        0xc zephyr/libzephyr.a(thread.c.obj)
 .text.log_msg_generic_get_wlen
                0x00000000000151de       0x20 zephyr/libzephyr.a(shell_uart.c.obj)
 .text.uart_irq_tx_disable
                0x00000000000151fe        0xa zephyr/libzephyr.a(shell_uart.c.obj)
 .text.enable   0x0000000000015208       0x12 zephyr/libzephyr.a(shell_uart.c.obj)
 .text.read_uart
                0x000000000001521a       0x12 zephyr/libzephyr.a(shell_uart.c.obj)
 .text.uninit   0x000000000001522c       0x20 zephyr/libzephyr.a(shell_uart.c.obj)
 .text.write_uart
                0x000000000001524c       0x64 zephyr/libzephyr.a(shell_uart.c.obj)
 .text.cmd_buffer_clear
                0x00000000000152b0       0x16 zephyr/libzephyr.a(shell.c.obj)
 .text.atomic_or
                0x00000000000152c6       0x16 zephyr/libzephyr.a(shell.c.obj)
 .text.atomic_and
                0x00000000000152dc       0x16 zephyr/libzephyr.a(shell.c.obj)
 .text.k_mutex_lock
                0x00000000000152f2        0x4 zephyr/libzephyr.a(shell.c.obj)
 .text.shell_signal_handle
                0x00000000000152f6       0x2c zephyr/libzephyr.a(shell.c.obj)
 .text.z_shell_raw_fprintf
                0x0000000000015322       0x1a zephyr/libzephyr.a(shell.c.obj)
 .text.z_shell_strlen
                0x000000000001533c        0xc zephyr/libzephyr.a(shell.c.obj)
 .text.transport_evt_handler
                0x0000000000015348       0x14 zephyr/libzephyr.a(shell.c.obj)
 .text.z_flag_cmd_ctx_set.isra.0
                0x000000000001535c       0x16 zephyr/libzephyr.a(shell.c.obj)
 .text.z_flag_history_exit_set.isra.0
                0x0000000000015372       0x14 zephyr/libzephyr.a(shell.c.obj)
 .text.z_flag_insert_mode_set.isra.0
                0x0000000000015386       0x1e zephyr/libzephyr.a(shell.c.obj)
 .text.k_mutex_unlock.isra.0
                0x00000000000153a4        0x4 zephyr/libzephyr.a(shell.c.obj)
 .text.shell_log_process
                0x00000000000153a8       0x4a zephyr/libzephyr.a(shell.c.obj)
 .text.shell_start
                0x00000000000153f2       0x6e zephyr/libzephyr.a(shell.c.obj)
                0x00000000000153f2                shell_start
 .text.shell_vfprintf
                0x0000000000015460       0x8c zephyr/libzephyr.a(shell.c.obj)
                0x0000000000015460                shell_vfprintf
 .text.shell_fprintf_impl
                0x00000000000154ec       0x1a zephyr/libzephyr.a(shell.c.obj)
                0x00000000000154ec                shell_fprintf_impl
 .text.shell_fprintf_normal
                0x0000000000015506       0x1c zephyr/libzephyr.a(shell.c.obj)
                0x0000000000015506                shell_fprintf_normal
 .text.shell_fprintf_warn
                0x0000000000015522       0x1c zephyr/libzephyr.a(shell.c.obj)
                0x0000000000015522                shell_fprintf_warn
 .text.shell_fprintf_error
                0x000000000001553e       0x1c zephyr/libzephyr.a(shell.c.obj)
                0x000000000001553e                shell_fprintf_error
 .text.shell_prompt_change
                0x000000000001555a       0x5c zephyr/libzephyr.a(shell.c.obj)
                0x000000000001555a                shell_prompt_change
 .text.shell_help
                0x00000000000155b6       0x2c zephyr/libzephyr.a(shell.c.obj)
                0x00000000000155b6                shell_help
 .text.shell_get_return_value
                0x00000000000155e2       0x10 zephyr/libzephyr.a(shell.c.obj)
                0x00000000000155e2                shell_get_return_value
 .text.shell_set_bypass
                0x00000000000155f2        0xc zephyr/libzephyr.a(shell.c.obj)
                0x00000000000155f2                shell_set_bypass
 .text.z_shell_fprintf_buffer_flush