Archive member included to satisfy reference by file (symbol)

app/libapp.a(shmem.c.obj)     (--whole-archive)
app/libapp.a(main.c.obj)      (--whole-archive)
app/libapp.a(hello.c.obj)     (--whole-archive)
app/libapp.a(ping.c.obj)      (--whole-archive)
app/libapp.a(scheduller.c.obj)
                              (--whole-archive)
app/libapp.a(core.c.obj)      (--whole-archive)
app/libapp.a(utils.c.obj)     (--whole-archive)
app/libapp.a(hs_shell.c.obj)  (--whole-archive)
app/libapp.a(perf.c.obj)      (--whole-archive)
app/libapp.a(perf_shell.c.obj)
                              (--whole-archive)
zephyr/libzephyr.a(heap.c.obj)
                              (--whole-archive)
zephyr/libzephyr.a(cbprintf_packaged.c.obj)
                              (--whole-archive)
zephyr/libzephyr.a(printk.c.obj)
                              (--whole-archive)
zephyr/libzephyr.a(sem.c.obj)
                              (--whole-archive)
zephyr/libzephyr.a(thread_entry.c.obj)
                              (--whole-archive)
zephyr/libzephyr.a(cbprintf_complete.c.obj)
                              (--whole-archive)
zephyr/libzephyr.a(assert.c.obj)
                              (--whole-archive)
zephyr/libzephyr.a(mpsc_pbuf.c.obj)
                              (--whole-archive)
zephyr/libzephyr.a(dec.c.obj)
                              (--whole-archive)
zephyr/libzephyr.a(hex.c.obj)
                              (--whole-archive)
zephyr/libzephyr.a(rb.c.obj)  (--whole-archive)
zephyr/libzephyr.a(timeutil.c.obj)
                              (--whole-archive)
zephyr/libzephyr.a(bitarray.c.obj)
                              (--whole-archive)
zephyr/libzephyr.a(onoff.c.obj)
                              (--whole-archive)
zephyr/libzephyr.a(notify.c.obj)
                              (--whole-archive)
zephyr/libzephyr.a(ring_buffer.c.obj)
                              (--whole-archive)
zephyr/libzephyr.a(last_section_id.c.obj)
                              (--whole-archive)
zephyr/libzephyr.a(configs.c.obj)
                              (--whole-archive)
zephyr/libzephyr.a(thread_info.c.obj)
                              (--whole-archive)
zephyr/libzephyr.a(log_core.c.obj)
                              (--whole-archive)
zephyr/libzephyr.a(log_mgmt.c.obj)
                              (--whole-archive)
zephyr/libzephyr.a(log_cache.c.obj)
                              (--whole-archive)
zephyr/libzephyr.a(log_msg.c.obj)
                              (--whole-archive)
zephyr/libzephyr.a(log_output.c.obj)
                              (--whole-archive)
zephyr/libzephyr.a(mem_attr.c.obj)
                              (--whole-archive)
zephyr/libzephyr.a(tracing_none.c.obj)
                              (--whole-archive)
zephyr/libzephyr.a(kernel_shell.c.obj)
                              (--whole-archive)
zephyr/libzephyr.a(cycles.c.obj)
                              (--whole-archive)
zephyr/libzephyr.a(sleep.c.obj)
                              (--whole-archive)
zephyr/libzephyr.a(uptime.c.obj)
                              (--whole-archive)
zephyr/libzephyr.a(version.c.obj)
                              (--whole-archive)
zephyr/libzephyr.a(log-level.c.obj)
                              (--whole-archive)
zephyr/libzephyr.a(thread.c.obj)
                              (--whole-archive)
zephyr/libzephyr.a(list.c.obj)
                              (--whole-archive)
zephyr/libzephyr.a(stacks.c.obj)
                              (--whole-archive)
zephyr/libzephyr.a(suspend.c.obj)
                              (--whole-archive)
zephyr/libzephyr.a(resume.c.obj)
                              (--whole-archive)
zephyr/libzephyr.a(kill.c.obj)
                              (--whole-archive)
zephyr/libzephyr.a(device_service.c.obj)
                              (--whole-archive)
zephyr/libzephyr.a(devmem_service.c.obj)
                              (--whole-archive)
zephyr/libzephyr.a(shell_uart.c.obj)
                              (--whole-archive)
zephyr/libzephyr.a(shell.c.obj)
                              (--whole-archive)
zephyr/libzephyr.a(shell_fprintf.c.obj)
                              (--whole-archive)
zephyr/libzephyr.a(shell_utils.c.obj)
                              (--whole-archive)
zephyr/libzephyr.a(shell_ops.c.obj)
                              (--whole-archive)
zephyr/libzephyr.a(shell_log_backend.c.obj)
                              (--whole-archive)
zephyr/libzephyr.a(shell_help.c.obj)
                              (--whole-archive)
zephyr/libzephyr.a(shell_cmds.c.obj)
                              (--whole-archive)
zephyr/libzephyr.a(shell_history.c.obj)
                              (--whole-archive)
zephyr/libzephyr.a(shell_wildcard.c.obj)
                              (--whole-archive)
zephyr/libzephyr.a(banner.c.obj)
                              (--whole-archive)
zephyr/libzephyr.a(flash_map_partition_manager.c.obj)
                              (--whole-archive)
zephyr/arch/common/libarch__common.a(sw_isr_common.c.obj)
[...]
Memory Configuration

Name             Origin             Length             Attributes
FLASH            0x0000000000008000 0x00000000000f8000 xr
RAM              0x000000002000c7a8 0x0000000000033858 xw
IDT_LIST         0x00000000ffff7fff 0x0000000000008000 xw
*default*        0x0000000000000000 0xffffffffffffffff

Linker script and memory map

                0x00000000000134e8                vfprintf = __l_vfprintf
                0x000000000001399c                vfscanf = __l_vfscanf
LOAD zephyr/CMakeFiles/zephyr_pre0.dir/misc/empty_file.c.obj
LOAD zephyr/CMakeFiles/offsets.dir/./arch/arm/core/offsets/offsets.c.obj
LOAD tfm/api_ns/interface/lib/s_veneers.o
LOAD app/libapp.a
LOAD zephyr/libzephyr.a
LOAD zephyr/arch/common/libarch__common.a
LOAD zephyr/arch/arch/arm/core/libarch__arm__core.a
LOAD zephyr/arch/arch/arm/core/cortex_m/libarch__arm__core__cortex_m.a
LOAD zephyr/arch/arch/arm/core/cortex_m/cmse/libarch__arm__core__cortex_m__cmse.a
LOAD zephyr/arch/arch/arm/core/mpu/libarch__arm__core__mpu.a
LOAD zephyr/lib/libc/picolibc/liblib__libc__picolibc.a
LOAD zephyr/lib/libc/common/liblib__libc__common.a
LOAD zephyr/lib/posix/options/liblib__posix__options.a
LOAD zephyr/soc/soc/nrf9161/libsoc__nordic.a
LOAD zephyr/drivers/clock_control/libdrivers__clock_control.a
LOAD zephyr/drivers/console/libdrivers__console.a
LOAD zephyr/drivers/gpio/libdrivers__gpio.a
LOAD zephyr/drivers/hwinfo/libdrivers__hwinfo.a
LOAD zephyr/drivers/pinctrl/libdrivers__pinctrl.a
LOAD zephyr/drivers/serial/libdrivers__serial.a
LOAD zephyr/drivers/timer/libdrivers__timer.a
LOAD modules/nrf/lib/nrf_modem_lib/lib..__nrf__lib__nrf_modem_lib.a
LOAD modules/nrf/subsys/nrf_security/src/zephyr/libmbedtls_zephyr.a
LOAD modules/nrf/modules/trusted-firmware-m/lib..__nrf__modules__trusted-firmware-m.a
LOAD modules/nrf/modules/trusted-firmware-m/libtfm_api_nrf.a
LOAD modules/trusted-firmware-m/libtfm_api.a
LOAD modules/hal_nordic/modules/hal_nordic/nrfx/libmodules__hal_nordic__nrfx.a
LOAD /home/ashuqullah-alizai/ncs/v3.1.1/nrfxlib/nrf_modem/lib/dect_phy/nrf9120/soft-float/libmodem.a
LOAD zephyr/kernel/libkernel.a
LOAD modules/nrf/subsys/nrf_security/src/libmbedcrypto.a
LOAD modules/nrf/subsys/nrf_security/src/libmbedcrypto_base.a
LOAD modules/nrf/subsys/nrf_security/src/libnrf_security_utils.a
LOAD zephyr/kernel/libkernel.a
LOAD /home/ashuqullah-alizai/ncs/v3.1.1/nrfxlib/crypto/nrf_oberon/lib/cortex-m33/soft-float/liboberon_mbedtls_3.0.17.a
LOAD /home/ashuqullah-alizai/ncs/v3.1.1/nrfxlib/crypto/nrf_oberon/lib/cortex-m33/soft-float/liboberon_3.0.17.a
LOAD zephyr/arch/common/libisr_tables.a
LOAD /home/ashuqullah-alizai/ncs/toolchains/b2ecd2435d/opt/zephyr-sdk/arm-zephyr-eabi/bin/../lib/gcc/../../picolibc/arm-zephyr-eabi/lib/thumb/v8-m.main/nofp/libc.a
LOAD /home/ashuqullah-alizai/ncs/toolchains/b2ecd2435d/opt/zephyr-sdk/arm-zephyr-eabi/bin/../lib/gcc/arm-zephyr-eabi/12.2.0/thumb/v8-m.main/nofp/libgcc.a
                0x0000000000000020                _region_min_align = 0x20

.rel.plt        0x0000000000008000        0x0
 *(SORT_BY_ALIGNMENT(.rel.plt))
                [!provide]                        PROVIDE (__rel_iplt_start = .)
 *(SORT_BY_ALIGNMENT(.rel.iplt))
 .rel.iplt      0x0000000000008000        0x0 app/libapp.a(main.c.obj)
                [!provide]                        PROVIDE (__rel_iplt_end = .)

.rela.plt       0x0000000000000000        0x0
 *(SORT_BY_ALIGNMENT(.rela.plt))
                [!provide]                        PROVIDE (__rela_iplt_start = .)
 *(SORT_BY_ALIGNMENT(.rela.iplt))
                [!provide]                        PROVIDE (__rela_iplt_end = .)

.rel.dyn
 *(SORT_BY_ALIGNMENT(.rel.*))

.rela.dyn
 *(SORT_BY_ALIGNMENT(.rela.*))

/DISCARD/
 *(SORT_BY_ALIGNMENT(.plt))

/DISCARD/
 *(SORT_BY_ALIGNMENT(.iplt))
                0x0000000000008000                __rom_region_start = 0x8000

rom_start       0x0000000000008000      0x144
                0x0000000000008000                __rom_start_address = .
 FILL mask 0x00
                0x0000000000008000                . = (. + (0x0 - (. - __rom_start_address)))
                0x0000000000008000                . = ALIGN (0x4)
                0x0000000000008000                . = ALIGN (0x80)
                0x0000000000008000                . = ALIGN (0x200)
                0x0000000000008000                _vector_start = .
 *(SORT_BY_ALIGNMENT(.exc_vector_table))
 *(SORT_BY_ALIGNMENT(.exc_vector_table.*))
 .exc_vector_table._vector_table_section
                0x0000000000008000       0x40 zephyr/arch/arch/arm/core/cortex_m/libarch__arm__core__cortex_m.a(vector_table.S.obj)
                0x0000000000008000                _vector_table
 *(SORT_BY_ALIGNMENT(.vectors))
                0x0000000000008144                _vector_end = .
                0x0000000000008040                . = ALIGN (0x4)
 *(SORT_BY_ALIGNMENT(.gnu.linkonce.irq_vector_table*))
 .gnu.linkonce.irq_vector_table
                0x0000000000008040      0x104 zephyr/arch/common/libisr_tables.a(isr_tables.c.obj)
                0x0000000000008040                _irq_vector_table
                0x0000000000008144                _vector_end = .

text            0x0000000000008148     0xf5c8
                0x0000000000008148                __text_region_start = .
 *(SORT_BY_ALIGNMENT(.text))
 .text          0x0000000000008148       0xa0 /home/ashuqullah-alizai/ncs/toolchains/b2ecd2435d/opt/zephyr-sdk/arm-zephyr-eabi/bin/../lib/gcc/arm-zephyr-eabi/12.2.0/thumb/v8-m.main/nofp/libgcc.a(_aeabi_ldivmod.o)
                0x0000000000008148                __aeabi_ldivmod
 .text          0x00000000000081e8       0x30 /home/ashuqullah-alizai/ncs/toolchains/b2ecd2435d/opt/zephyr-sdk/arm-zephyr-eabi/bin/../lib/gcc/arm-zephyr-eabi/12.2.0/thumb/v8-m.main/nofp/libgcc.a(_aeabi_uldivmod.o)
                0x00000000000081e8                __aeabi_uldivmod
 .text          0x0000000000008218        0x4 /home/ashuqullah-alizai/ncs/toolchains/b2ecd2435d/opt/zephyr-sdk/arm-zephyr-eabi/bin/../lib/gcc/arm-zephyr-eabi/12.2.0/thumb/v8-m.main/nofp/libgcc.a(_dvmd_tls.o)
                0x0000000000008218                __aeabi_ldiv0
                0x0000000000008218                __aeabi_idiv0
 .text          0x000000000000821c       0x14 /home/ashuqullah-alizai/ncs/toolchains/b2ecd2435d/opt/zephyr-sdk/arm-zephyr-eabi/bin/../lib/gcc/../../picolibc/arm-zephyr-eabi/lib/thumb/v8-m.main/nofp/libc.a(strcmp.S.o)
                0x000000000000821c                strcmp
 .text          0x0000000000008230       0x10 /home/ashuqullah-alizai/ncs/toolchains/b2ecd2435d/opt/zephyr-sdk/arm-zephyr-eabi/bin/../lib/gcc/../../picolibc/arm-zephyr-eabi/lib/thumb/v8-m.main/nofp/libc.a(strcpy.S.o)
                0x0000000000008230                strcpy
 .text          0x0000000000008240       0x10 /home/ashuqullah-alizai/ncs/toolchains/b2ecd2435d/opt/zephyr-sdk/arm-zephyr-eabi/bin/../lib/gcc/../../picolibc/arm-zephyr-eabi/lib/thumb/v8-m.main/nofp/libc.a(strlen.S.o)
                0x0000000000008240                strlen
 .text          0x0000000000008250      0x29c /home/ashuqullah-alizai/ncs/toolchains/b2ecd2435d/opt/zephyr-sdk/arm-zephyr-eabi/bin/../lib/gcc/arm-zephyr-eabi/12.2.0/thumb/v8-m.main/nofp/libgcc.a(_udivmoddi4.o)
                0x0000000000008250                __udivmoddi4
 *(SORT_BY_ALIGNMENT(.text.*))
 *fill*         0x00000000000084ec        0x4 
 .text.cmd_kernel_uptime
                0x00000000000084f0       0xe8 zephyr/libzephyr.a(uptime.c.obj)
 .text.main     0x00000000000085d8       0x1c app/libapp.a(main.c.obj)
                0x00000000000085d8                main
 .text.hello_start_tx
                0x00000000000085f4       0xe0 app/libapp.a(hello.c.obj)
                0x00000000000085f4                hello_start_tx
 .text.hello_start_rx
                0x00000000000086d4       0x78 app/libapp.a(hello.c.obj)
                0x00000000000086d4                hello_start_rx
 .text.mac_send_text
                0x000000000000874c       0xc8 app/libapp.a(hello.c.obj)
                0x000000000000874c                mac_send_text
 .text.atomic_set.constprop.0.isra.0
                0x0000000000008814       0x14 app/libapp.a(ping.c.obj)
 .text.ping_client_thread
                0x0000000000008828      0x17c app/libapp.a(ping.c.obj)
 .text.ping_server_thread
                0x00000000000089a4       0xe4 app/libapp.a(ping.c.obj)
 .text.ping_start_server
                0x0000000000008a88       0x78 app/libapp.a(ping.c.obj)
                0x0000000000008a88                ping_start_server
 .text.ping_start_client
                0x0000000000008b00       0x78 app/libapp.a(ping.c.obj)
                0x0000000000008b00                ping_start_client
 .text.ping_stop
                0x0000000000008b78       0x38 app/libapp.a(ping.c.obj)
                0x0000000000008b78                ping_stop
 .text.dect_phy_event_handler
                0x0000000000008bb0      0x29c app/libapp.a(core.c.obj)
 .text.mac_rtt_set_enabled
                0x0000000000008e4c       0x14 app/libapp.a(core.c.obj)
                0x0000000000008e4c                mac_rtt_set_enabled
 .text.mac_rtt_mark_tx
                0x0000000000008e60       0x18 app/libapp.a(core.c.obj)
                0x0000000000008e60                mac_rtt_mark_tx
 .text.transmit
                0x0000000000008e78       0x64 app/libapp.a(core.c.obj)
                0x0000000000008e78                transmit
 .text.receive  0x0000000000008edc       0x44 app/libapp.a(core.c.obj)
                0x0000000000008edc                receive
 .text.dect_session_open
                0x0000000000008f20      0x130 app/libapp.a(core.c.obj)
                0x0000000000008f20                dect_session_open
 .text.dect_session_close
                0x0000000000009050       0xac app/libapp.a(core.c.obj)
                0x0000000000009050                dect_session_close
 .text.hs_core_get_config
                0x00000000000090fc       0x34 app/libapp.a(core.c.obj)
                0x00000000000090fc                hs_core_get_config
 .text.hs_core_apply_radio
                0x0000000000009130       0xe0 app/libapp.a(core.c.obj)
                0x0000000000009130                hs_core_apply_radio
 .text.led_set  0x0000000000009210       0x40 app/libapp.a(hs_shell.c.obj)
 .text.cmd_cfg_show
                0x0000000000009250       0x90 app/libapp.a(hs_shell.c.obj)
 .text.cmd_cfg_set
                0x00000000000092e0      0x154 app/libapp.a(hs_shell.c.obj)
 .text.cmd_ping_stop
                0x0000000000009434       0x18 app/libapp.a(hs_shell.c.obj)
 .text.cmd_ping_start
                0x000000000000944c       0x70 app/libapp.a(hs_shell.c.obj)
 .text.cmd_mac_mes
                0x00000000000094bc       0x48 app/libapp.a(hs_shell.c.obj)
 .text.cmd_led_off
                0x0000000000009504       0x58 app/libapp.a(hs_shell.c.obj)
 .text.cmd_led_on
                0x000000000000955c       0x58 app/libapp.a(hs_shell.c.obj)
 .text.hello_worker
                0x00000000000095b4       0x78 app/libapp.a(hs_shell.c.obj)
                0x00000000000095b4                hello_worker
 .text.hs_shell_init
                0x000000000000962c       0xb0 app/libapp.a(hs_shell.c.obj)
 .text.cmd_hello_start
                0x00000000000096dc       0xf0 app/libapp.a(hs_shell.c.obj)
 .text.cmd_hello_stop
                0x00000000000097cc       0x34 app/libapp.a(hs_shell.c.obj)
 .text.hs_perf_update_time
                0x0000000000009800       0x34 app/libapp.a(perf.c.obj)
 .text.hs_perf_reset
                0x0000000000009834       0x1c app/libapp.a(perf.c.obj)
                0x0000000000009834                hs_perf_reset
 .text.hs_perf_start
                0x0000000000009850       0x30 app/libapp.a(perf.c.obj)
                0x0000000000009850                hs_perf_start
 .text.hs_perf_stop
                0x0000000000009880       0x38 app/libapp.a(perf.c.obj)
                0x0000000000009880                hs_perf_stop
 .text.hs_perf_is_running
                0x00000000000098b8        0xc app/libapp.a(perf.c.obj)
                0x00000000000098b8                hs_perf_is_running
 .text.hs_perf_on_tx
                0x00000000000098c4       0x24 app/libapp.a(perf.c.obj)
                0x00000000000098c4                hs_perf_on_tx
 .text.hs_perf_on_rx
                0x00000000000098e8       0x24 app/libapp.a(perf.c.obj)
                0x00000000000098e8                hs_perf_on_rx
 .text.hs_perf_get
                0x000000000000990c       0x20 app/libapp.a(perf.c.obj)
                0x000000000000990c                hs_perf_get
 .text.cmd_hdect_perf_start
                0x000000000000992c       0x18 app/libapp.a(perf_shell.c.obj)
                0x000000000000992c                cmd_hdect_perf_start
 .text.cmd_hdect_perf_stop
                0x0000000000009944       0x18 app/libapp.a(perf_shell.c.obj)
                0x0000000000009944                cmd_hdect_perf_stop
 .text.cmd_hdect_perf_reset
                0x000000000000995c       0x18 app/libapp.a(perf_shell.c.obj)
                0x000000000000995c                cmd_hdect_perf_reset
 .text.cmd_hdect_perf_show
                0x0000000000009974       0x84 app/libapp.a(perf_shell.c.obj)
                0x0000000000009974                cmd_hdect_perf_show
 .text.cbvprintf_package
                0x00000000000099f8      0x3a4 zephyr/libzephyr.a(cbprintf_packaged.c.obj)
                0x00000000000099f8                cbvprintf_package
 .text.cbprintf_package_convert
                0x0000000000009d9c      0x3d4 zephyr/libzephyr.a(cbprintf_packaged.c.obj)
                0x0000000000009d9c                cbprintf_package_convert
 .text.__printk_hook_install
                0x000000000000a170        0xc zephyr/libzephyr.a(printk.c.obj)
                0x000000000000a170                __printk_hook_install
 .text.z_thread_entry
                0x000000000000a17c       0x34 zephyr/libzephyr.a(thread_entry.c.obj)
                0x000000000000a17c                z_thread_entry
 .text.process_event
                0x000000000000a1b0      0x21c zephyr/libzephyr.a(onoff.c.obj)
 .text.activate_foreach_backend
                0x000000000000a3cc       0x64 zephyr/libzephyr.a(log_core.c.obj)
 .text.enable_logger
                0x000000000000a430       0x5c zephyr/libzephyr.a(log_core.c.obj)
 .text.log_process_thread_timer_expiry_fn
                0x000000000000a48c        0xc zephyr/libzephyr.a(log_core.c.obj)
 .text.z_log_init
                0x000000000000a498       0x98 zephyr/libzephyr.a(log_core.c.obj)
 .text.log_set_timestamp_func
                0x000000000000a530       0x20 zephyr/libzephyr.a(log_core.c.obj)
                0x000000000000a530                log_set_timestamp_func
 .text.z_log_notify_backend_enabled
                0x000000000000a550       0x1c zephyr/libzephyr.a(log_core.c.obj)
                0x000000000000a550                z_log_notify_backend_enabled
 .text.z_log_dropped
                0x000000000000a56c       0x3c zephyr/libzephyr.a(log_core.c.obj)
                0x000000000000a56c                z_log_dropped
 .text.z_log_dropped_read_and_clear
                0x000000000000a5a8       0x18 zephyr/libzephyr.a(log_core.c.obj)
                0x000000000000a5a8                z_log_dropped_read_and_clear
 .text.dropped_notify
                0x000000000000a5c0       0x30 zephyr/libzephyr.a(log_core.c.obj)
                0x000000000000a5c0                dropped_notify
 .text.z_log_msg_init
                0x000000000000a5f0       0x20 zephyr/libzephyr.a(log_core.c.obj)
                0x000000000000a5f0                z_log_msg_init
 .text.log_core_init
                0x000000000000a610       0x54 zephyr/libzephyr.a(log_core.c.obj)
                0x000000000000a610                log_core_init
 .text.z_log_msg_alloc
                0x000000000000a664       0x10 zephyr/libzephyr.a(log_core.c.obj)
                0x000000000000a664                z_log_msg_alloc
 .text.z_log_msg_local_claim
                0x000000000000a674        0xc zephyr/libzephyr.a(log_core.c.obj)
                0x000000000000a674                z_log_msg_local_claim
 .text.z_log_msg_free
                0x000000000000a680       0x10 zephyr/libzephyr.a(log_core.c.obj)
                0x000000000000a680                z_log_msg_free
 .text.z_log_msg_pending
                0x000000000000a690        0xc zephyr/libzephyr.a(log_core.c.obj)
                0x000000000000a690                z_log_msg_pending
 .text.z_impl_log_process
                0x000000000000a69c       0xf0 zephyr/libzephyr.a(log_core.c.obj)
                0x000000000000a69c                z_impl_log_process
 .text.z_impl_log_panic
                0x000000000000a78c       0x44 zephyr/libzephyr.a(log_core.c.obj)
                0x000000000000a78c                z_impl_log_panic
 .text.log_process_thread_func
                0x000000000000a7d0       0xa4 zephyr/libzephyr.a(log_core.c.obj)
 .text.z_log_msg_post_finalize
                0x000000000000a874       0x78 zephyr/libzephyr.a(log_core.c.obj)
 .text.z_log_msg_commit
                0x000000000000a8ec       0x24 zephyr/libzephyr.a(log_core.c.obj)
                0x000000000000a8ec                z_log_msg_commit
 .text.log_source_name_get
                0x000000000000a910       0x1c zephyr/libzephyr.a(log_mgmt.c.obj)
                0x000000000000a910                log_source_name_get
 .text.z_log_runtime_filters_init
                0x000000000000a92c       0x3c zephyr/libzephyr.a(log_mgmt.c.obj)
                0x000000000000a92c                z_log_runtime_filters_init
 .text.log_source_id_get
                0x000000000000a968       0x38 zephyr/libzephyr.a(log_mgmt.c.obj)
                0x000000000000a968                log_source_id_get
 .text.filter_set
                0x000000000000a9a0       0xbc zephyr/libzephyr.a(log_mgmt.c.obj)
                0x000000000000a9a0                filter_set
 .text.backend_filter_set
                0x000000000000aa5c       0x30 zephyr/libzephyr.a(log_mgmt.c.obj)
 .text.log_filter_get
                0x000000000000aa8c       0x4c zephyr/libzephyr.a(log_mgmt.c.obj)
                0x000000000000aa8c                log_filter_get
 .text.z_impl_z_log_msg_static_create
                0x000000000000aad8      0x110 zephyr/libzephyr.a(log_msg.c.obj)
                0x000000000000aad8                z_impl_z_log_msg_static_create
 .text.z_log_msg_runtime_vcreate
                0x000000000000abe8       0xb0 zephyr/libzephyr.a(log_msg.c.obj)
                0x000000000000abe8                z_log_msg_runtime_vcreate
 .text.log_msg_get_source_id
                0x000000000000ac98       0x18 zephyr/libzephyr.a(log_msg.c.obj)
                0x000000000000ac98                log_msg_get_source_id
 .text.print_formatted
                0x000000000000acb0       0x24 zephyr/libzephyr.a(log_output.c.obj)
 .text.newline_print
                0x000000000000acd4       0x1c zephyr/libzephyr.a(log_output.c.obj)
 .text.log_output_process
                0x000000000000acf0      0x2d4 zephyr/libzephyr.a(log_output.c.obj)
                0x000000000000acf0                log_output_process
 .text.log_output_dropped_process
                0x000000000000afc4       0x58 zephyr/libzephyr.a(log_output.c.obj)
                0x000000000000afc4                log_output_dropped_process
 .text.log_output_timestamp_freq_set
                0x000000000000b01c       0x2c zephyr/libzephyr.a(log_output.c.obj)
                0x000000000000b01c                log_output_timestamp_freq_set
 .text.mem_attr_get_regions
                0x000000000000b048        0xc zephyr/libzephyr.a(mem_attr.c.obj)
                0x000000000000b048                mem_attr_get_regions
 .text.cmd_kernel_cycles
                0x000000000000b054       0x1c zephyr/libzephyr.a(cycles.c.obj)
 .text.cmd_kernel_sleep
                0x000000000000b070       0x50 zephyr/libzephyr.a(sleep.c.obj)
 .text.cmd_kernel_version
                0x000000000000b0c0       0x18 zephyr/libzephyr.a(version.c.obj)
 .text.cmd_kernel_log_level_set
                0x000000000000b0d8       0x84 zephyr/libzephyr.a(log-level.c.obj)
 .text.z_thread_is_valid
                0x000000000000b15c       0x20 zephyr/libzephyr.a(thread.c.obj)
                0x000000000000b15c                z_thread_is_valid
 .text.cmd_kernel_thread_list
                0x000000000000b17c       0x34 zephyr/libzephyr.a(list.c.obj)
 .text.shell_tdata_dump
                0x000000000000b1b0       0xc0 zephyr/libzephyr.a(list.c.obj)
 .text.cmd_kernel_thread_stacks
                0x000000000000b270       0x70 zephyr/libzephyr.a(stacks.c.obj)
 .text.shell_stack_dump
                0x000000000000b2e0       0x60 zephyr/libzephyr.a(stacks.c.obj)
 .text.cmd_kernel_thread_suspend
                0x000000000000b340       0x64 zephyr/libzephyr.a(suspend.c.obj)
 .text.cmd_kernel_thread_resume
                0x000000000000b3a4       0x64 zephyr/libzephyr.a(resume.c.obj)
 .text.cmd_kernel_thread_kill
                0x000000000000b408       0x64 zephyr/libzephyr.a(kill.c.obj)
 .text.cmd_device_list
                0x000000000000b46c       0xd8 zephyr/libzephyr.a(device_service.c.obj)
 .text.cmd_devmem
                0x000000000000b544       0xc4 zephyr/libzephyr.a(devmem_service.c.obj)
 .text.cmd_dump
                0x000000000000b608      0x178 zephyr/libzephyr.a(devmem_service.c.obj)
 .text.set_bypass.isra.0
                0x000000000000b780       0x4c zephyr/libzephyr.a(devmem_service.c.obj)
 .text.bypass_cb
                0x000000000000b7cc      0x114 zephyr/libzephyr.a(devmem_service.c.obj)
 .text.cmd_load
                0x000000000000b8e0       0xd8 zephyr/libzephyr.a(devmem_service.c.obj)
 .text.enable_shell_uart
                0x000000000000b9b8       0x38 zephyr/libzephyr.a(shell_uart.c.obj)
 .text.init     0x000000000000b9f0       0x54 zephyr/libzephyr.a(shell_uart.c.obj)
 .text.uart_callback
                0x000000000000ba44      0x134 zephyr/libzephyr.a(shell_uart.c.obj)
 .text.shell_internal_help_print
                0x000000000000bb78       0x20 zephyr/libzephyr.a(shell.c.obj)
 .text.kill_handler
                0x000000000000bb98       0x54 zephyr/libzephyr.a(shell.c.obj)
 .text.z_cursor_next_line_move.isra.0
                0x000000000000bbec        0xc zephyr/libzephyr.a(shell.c.obj)
 .text.history_handle
                0x000000000000bbf8       0xac zephyr/libzephyr.a(shell.c.obj)
 .text.execute  0x000000000000bca4      0x2c8 zephyr/libzephyr.a(shell.c.obj)
 .text.state_set.constprop.0
                0x000000000000bf6c       0x4c zephyr/libzephyr.a(shell.c.obj)
 .text.shell_process
                0x000000000000bfb8      0x69c zephyr/libzephyr.a(shell.c.obj)
                0x000000000000bfb8                shell_process
 .text.shell_thread
                0x000000000000c654       0xe4 zephyr/libzephyr.a(shell.c.obj)
                0x000000000000c654                shell_thread
 .text.cmd_help
                0x000000000000c738       0x44 zephyr/libzephyr.a(shell.c.obj)
 .text.shell_hexdump_line
                0x000000000000c77c       0xcc zephyr/libzephyr.a(shell.c.obj)
                0x000000000000c77c                shell_hexdump_line
 .text.shell_init
                0x000000000000c848       0xe8 zephyr/libzephyr.a(shell.c.obj)
                0x000000000000c848                shell_init
 .text.z_shell_fprintf_fmt
                0x000000000000c930       0x28 zephyr/libzephyr.a(shell_fprintf.c.obj)
                0x000000000000c930                z_shell_fprintf_fmt
 .text.z_shell_cmd_get
                0x000000000000c958       0x74 zephyr/libzephyr.a(shell_utils.c.obj)
                0x000000000000c958                z_shell_cmd_get
 .text.shell_strtoul
                0x000000000000c9cc       0x50 zephyr/libzephyr.a(shell_utils.c.obj)
                0x000000000000c9cc                shell_strtoul
 .text.z_clear_eos
                0x000000000000ca1c       0x18 zephyr/libzephyr.a(shell_ops.c.obj)
 .text.z_cursor_next_line_move.isra.0
                0x000000000000ca34        0xc zephyr/libzephyr.a(shell_ops.c.obj)
 .text.z_shell_op_cursor_vert_move
                0x000000000000ca40       0x2c zephyr/libzephyr.a(shell_ops.c.obj)
                0x000000000000ca40                z_shell_op_cursor_vert_move
 .text.z_shell_op_cursor_horiz_move
                0x000000000000ca6c       0x2c zephyr/libzephyr.a(shell_ops.c.obj)
                0x000000000000ca6c                z_shell_op_cursor_horiz_move
 .text.z_shell_print_cmd
                0x000000000000ca98       0x78 zephyr/libzephyr.a(shell_ops.c.obj)
                0x000000000000ca98                z_shell_print_cmd
 .text.z_shell_vt100_color_set
                0x000000000000cb10       0x40 zephyr/libzephyr.a(shell_ops.c.obj)
                0x000000000000cb10                z_shell_vt100_color_set
 .text.z_shell_vt100_colors_restore
                0x000000000000cb50       0x3c zephyr/libzephyr.a(shell_ops.c.obj)
                0x000000000000cb50                z_shell_vt100_colors_restore
 .text.z_shell_op_word_remove
                0x000000000000cb8c       0xc8 zephyr/libzephyr.a(shell_ops.c.obj)
                0x000000000000cb8c                z_shell_op_word_remove
 .text.reprint_from_cursor
                0x000000000000cc54       0xe0 zephyr/libzephyr.a(shell_ops.c.obj)
 .text.z_shell_op_char_insert
                0x000000000000cd34       0x70 zephyr/libzephyr.a(shell_ops.c.obj)
                0x000000000000cd34                z_shell_op_char_insert
 .text.z_shell_print_prompt_and_cmd
                0x000000000000cda4       0x30 zephyr/libzephyr.a(shell_ops.c.obj)
                0x000000000000cda4                z_shell_print_prompt_and_cmd
 .text.z_cursor_next_line_move.isra.0
                0x000000000000cdd4        0xc zephyr/libzephyr.a(shell_help.c.obj)
 .text.z_shell_help_subcmd_print
                0x000000000000cde0       0xb4 zephyr/libzephyr.a(shell_help.c.obj)
                0x000000000000cde0                z_shell_help_subcmd_print
 .text.z_shell_help_cmd_print
                0x000000000000ce94       0x40 zephyr/libzephyr.a(shell_help.c.obj)
                0x000000000000ce94                z_shell_help_cmd_print
 .text.z_shell_help_request
                0x000000000000ced4       0x28 zephyr/libzephyr.a(shell_help.c.obj)
                0x000000000000ced4                z_shell_help_request
 .text.cmd_resize_default
                0x000000000000cefc       0x2c zephyr/libzephyr.a(shell_cmds.c.obj)
 .text.cmd_shell_stats_show
                0x000000000000cf28       0x14 zephyr/libzephyr.a(shell_cmds.c.obj)
 .text.cmd_backends
                0x000000000000cf3c       0x4c zephyr/libzephyr.a(shell_cmds.c.obj)
 .text.cmd_prompt_off
                0x000000000000cf88       0x10 zephyr/libzephyr.a(shell_cmds.c.obj)
 .text.cmd_history
                0x000000000000cf98       0x40 zephyr/libzephyr.a(shell_cmds.c.obj)
 .text.cmd_get_retval
                0x000000000000cfd8       0x1c zephyr/libzephyr.a(shell_cmds.c.obj)
 .text.cmd_echo
                0x000000000000cff4       0x50 zephyr/libzephyr.a(shell_cmds.c.obj)
 .text.cmd_clear
                0x000000000000d044       0x34 zephyr/libzephyr.a(shell_cmds.c.obj)
 .text.cmd_resize
                0x000000000000d078      0x1a0 zephyr/libzephyr.a(shell_cmds.c.obj)
 .text.z_shell_wildcard_process
                0x000000000000d218       0xe4 zephyr/libzephyr.a(shell_wildcard.c.obj)
                0x000000000000d218                z_shell_wildcard_process
 .text.boot_banner
                0x000000000000d2fc       0x1c zephyr/libzephyr.a(banner.c.obj)
                0x000000000000d2fc                boot_banner
 .text.z_arm_fatal_error
                0x000000000000d318       0xe0 zephyr/arch/arch/arm/core/libarch__arm__core.a(fatal.c.obj)
                0x000000000000d318                z_arm_fatal_error
 .text.z_SysNmiOnReset
                0x000000000000d3f8        0x8 zephyr/arch/arch/arm/core/libarch__arm__core.a(nmi_on_reset.S.obj)
                0x000000000000d3f8                z_SysNmiOnReset
 .text.arch_tls_stack_setup
                0x000000000000d400       0x40 zephyr/arch/arch/arm/core/libarch__arm__core.a(tls.c.obj)
                0x000000000000d400                arch_tls_stack_setup
 .text._HandlerModeExit
                0x000000000000d440       0x20 zephyr/arch/arch/arm/core/cortex_m/libarch__arm__core__cortex_m.a(exc_exit.c.obj)
                0x000000000000d440                z_arm_exc_exit
                0x000000000000d440                z_arm_int_exit
 .text.mem_manage_fault.constprop.0
                0x000000000000d460      0x100 zephyr/arch/arch/arm/core/cortex_m/libarch__arm__core__cortex_m.a(fault.c.obj)
 .text.usage_fault.constprop.0
                0x000000000000d560       0xf8 zephyr/arch/arch/arm/core/cortex_m/libarch__arm__core__cortex_m.a(fault.c.obj)
 .text.bus_fault.constprop.0
                0x000000000000d658      0x108 zephyr/arch/arch/arm/core/cortex_m/libarch__arm__core__cortex_m.a(fault.c.obj)
 .text.z_arm_fault
                0x000000000000d760      0x218 zephyr/arch/arch/arm/core/cortex_m/libarch__arm__core__cortex_m.a(fault.c.obj)
                0x000000000000d760                z_arm_fault
 .text.z_arm_fault_init
                0x000000000000d978       0x20 zephyr/arch/arch/arm/core/cortex_m/libarch__arm__core__cortex_m.a(fault.c.obj)
                0x000000000000d978                z_arm_fault_init
 .text.__fault  0x000000000000d998       0x14 zephyr/arch/arch/arm/core/cortex_m/libarch__arm__core__cortex_m.a(fault_s.S.obj)
                0x000000000000d998                z_arm_bus_fault
                0x000000000000d998                z_arm_usage_fault
                0x000000000000d998                z_arm_mpu_fault
                0x000000000000d998                z_arm_exc_spurious
                0x000000000000d998                z_arm_debug_monitor
                0x000000000000d998                z_arm_hard_fault
 .text._reset_section
                0x000000000000d9ac       0x78 zephyr/arch/arch/arm/core/cortex_m/libarch__arm__core__cortex_m.a(reset.S.obj)
                0x000000000000d9ac                z_arm_reset
                0x000000000000d9ac                __start
 .text.z_arm_clear_arm_mpu_config
                0x000000000000da24       0x24 zephyr/arch/arch/arm/core/cortex_m/libarch__arm__core__cortex_m.a(scb.c.obj)
                0x000000000000da24                z_arm_clear_arm_mpu_config
 .text.z_arm_init_arch_hw_at_boot
                0x000000000000da48       0x4c zephyr/arch/arch/arm/core/cortex_m/libarch__arm__core__cortex_m.a(scb.c.obj)
                0x000000000000da48                z_arm_init_arch_hw_at_boot
 .text.z_impl_k_thread_abort
                0x000000000000da94       0x2c zephyr/arch/arch/arm/core/cortex_m/libarch__arm__core__cortex_m.a(thread_abort.c.obj)
                0x000000000000da94                z_impl_k_thread_abort
 .text.z_arm_pendsv
                0x000000000000dac0       0x70 zephyr/arch/arch/arm/core/cortex_m/libarch__arm__core__cortex_m.a(swap_helper.S.obj)
                0x000000000000dac0                z_arm_pendsv
 .text.z_arm_svc
                0x000000000000db30       0x24 zephyr/arch/arch/arm/core/cortex_m/libarch__arm__core__cortex_m.a(swap_helper.S.obj)
                0x000000000000db30                z_arm_svc
 .text.arm_irq_enable
                0x000000000000db54       0x1c zephyr/arch/arch/arm/core/cortex_m/libarch__arm__core__cortex_m.a(irq_manage.c.obj)
                0x000000000000db54                arm_irq_enable
 .text.arm_irq_disable
                0x000000000000db70       0x28 zephyr/arch/arch/arm/core/cortex_m/libarch__arm__core__cortex_m.a(irq_manage.c.obj)
                0x000000000000db70                arm_irq_disable
 .text.arm_irq_is_enabled
                0x000000000000db98       0x1c zephyr/arch/arch/arm/core/cortex_m/libarch__arm__core__cortex_m.a(irq_manage.c.obj)
                0x000000000000db98                arm_irq_is_enabled
 .text.arm_irq_priority_set
                0x000000000000dbb4       0x2c zephyr/arch/arch/arm/core/cortex_m/libarch__arm__core__cortex_m.a(irq_manage.c.obj)
                0x000000000000dbb4                arm_irq_priority_set
 .text.relocate_vector_table
                0x000000000000dbe0       0x1c zephyr/arch/arch/arm/core/cortex_m/libarch__arm__core__cortex_m.a(prep_c.c.obj)
                0x000000000000dbe0                relocate_vector_table
 .text.z_prep_c
                0x000000000000dbfc       0x28 zephyr/arch/arch/arm/core/cortex_m/libarch__arm__core__cortex_m.a(prep_c.c.obj)
                0x000000000000dbfc                z_prep_c
 .text.arch_new_thread
                0x000000000000dc24       0x40 zephyr/arch/arch/arm/core/cortex_m/libarch__arm__core__cortex_m.a(thread.c.obj)
                0x000000000000dc24                arch_new_thread
 .text.arch_switch_to_main_thread
                0x000000000000dc64       0x44 zephyr/arch/arch/arm/core/cortex_m/libarch__arm__core__cortex_m.a(thread.c.obj)
                0x000000000000dc64                arch_switch_to_main_thread
 .text.z_arm_cpu_idle_init
                0x000000000000dca8        0xc zephyr/arch/arch/arm/core/cortex_m/libarch__arm__core__cortex_m.a(cpu_idle.c.obj)
                0x000000000000dca8                z_arm_cpu_idle_init
 .text.z_arm_interrupt_init
                0x000000000000dcb4       0x18 zephyr/arch/arch/arm/core/cortex_m/libarch__arm__core__cortex_m.a(irq_init.c.obj)
                0x000000000000dcb4                z_arm_interrupt_init
 .text._isr_wrapper
                0x000000000000dccc       0x24 zephyr/arch/arch/arm/core/cortex_m/libarch__arm__core__cortex_m.a(isr_wrapper.c.obj)
                0x000000000000dccc                _isr_wrapper
 .text.z_arm_configure_static_mpu_regions
                0x000000000000dcf0       0x38 zephyr/arch/arch/arm/core/mpu/libarch__arm__core__mpu.a(arm_core_mpu.c.obj)
                0x000000000000dcf0                z_arm_configure_static_mpu_regions
 .text.region_init
                0x000000000000dd28       0x34 zephyr/arch/arch/arm/core/mpu/libarch__arm__core__mpu.a(arm_mpu.c.obj)
 .text.region_allocate_and_init
                0x000000000000dd5c       0x40 zephyr/arch/arch/arm/core/mpu/libarch__arm__core__mpu.a(arm_mpu.c.obj)
 .text.mpu_configure_regions_and_partition.constprop.0
                0x000000000000dd9c      0x170 zephyr/arch/arch/arm/core/mpu/libarch__arm__core__mpu.a(arm_mpu.c.obj)
 .text.arm_core_mpu_enable
                0x000000000000df0c       0x18 zephyr/arch/arch/arm/core/mpu/libarch__arm__core__mpu.a(arm_mpu.c.obj)
                0x000000000000df0c                arm_core_mpu_enable
 .text.arm_core_mpu_disable
                0x000000000000df24       0x14 zephyr/arch/arch/arm/core/mpu/libarch__arm__core__mpu.a(arm_mpu.c.obj)
                0x000000000000df24                arm_core_mpu_disable
 .text.arm_core_mpu_configure_static_mpu_regions
                0x000000000000df38       0x14 zephyr/arch/arch/arm/core/mpu/libarch__arm__core__mpu.a(arm_mpu.c.obj)
                0x000000000000df38                arm_core_mpu_configure_static_mpu_regions
 .text.arm_core_mpu_mark_areas_for_dynamic_regions
                0x000000000000df4c       0xb8 zephyr/arch/arch/arm/core/mpu/libarch__arm__core__mpu.a(arm_mpu.c.obj)
                0x000000000000df4c                arm_core_mpu_mark_areas_for_dynamic_regions
 .text.z_arm_mpu_init
                0x000000000000e004      0x11c zephyr/arch/arch/arm/core/mpu/libarch__arm__core__mpu.a(arm_mpu.c.obj)
                0x000000000000e004                z_arm_mpu_init
 .text.cbvprintf
                0x000000000000e120       0x38 zephyr/lib/libc/picolibc/liblib__libc__picolibc.a(cbprintf.c.obj)
                0x000000000000e120                cbvprintf
 .text.z_impl_zephyr_fputc
                0x000000000000e158       0x10 zephyr/lib/libc/picolibc/liblib__libc__picolibc.a(stdio.c.obj)
                0x000000000000e158                z_impl_zephyr_fputc
 .text.__stdout_hook_install
                0x000000000000e168       0x18 zephyr/lib/libc/picolibc/liblib__libc__picolibc.a(stdio.c.obj)
                0x000000000000e168                __stdout_hook_install
 .text.malloc_prepare
                0x000000000000e180       0x24 zephyr/lib/libc/common/liblib__libc__common.a(malloc.c.obj)
 .text.getopt_init
                0x000000000000e1a4       0x48 zephyr/lib/posix/options/liblib__posix__options.a(getopt.c.obj)
                0x000000000000e1a4                getopt_init
 .text.getopt   0x000000000000e1ec       0xf8 zephyr/lib/posix/options/liblib__posix__options.a(getopt.c.obj)
                0x000000000000e1ec                getopt
 .text.z_getopt_global_state_update
                0x000000000000e2e4       0x34 zephyr/lib/posix/options/liblib__posix__options.a(getopt_common.c.obj)
                0x000000000000e2e4                z_getopt_global_state_update
 .text.getopt_state_get
                0x000000000000e318        0x8 zephyr/lib/posix/options/liblib__posix__options.a(getopt_common.c.obj)
                0x000000000000e318                getopt_state_get
 .text.nordicsemi_nrf91_init
                0x000000000000e320       0x10 zephyr/soc/soc/nrf9161/libsoc__nordic.a(soc.c.obj)
 .text.arch_busy_wait
                0x000000000000e330       0x14 zephyr/soc/soc/nrf9161/libsoc__nordic.a(soc.c.obj)
                0x000000000000e330                arch_busy_wait
 .text.onoff_stop
                0x000000000000e344       0x30 zephyr/drivers/clock_control/libdrivers__clock_control.a(clock_control_nrf.c.obj)
 .text.onoff_start
                0x000000000000e374       0x44 zephyr/drivers/clock_control/libdrivers__clock_control.a(clock_control_nrf.c.obj)
 .text.generic_hfclk_stop
                0x000000000000e3b8       0x34 zephyr/drivers/clock_control/libdrivers__clock_control.a(clock_control_nrf.c.obj)
 .text.clk_init
                0x000000000000e3ec       0x58 zephyr/drivers/clock_control/libdrivers__clock_control.a(clock_control_nrf.c.obj)
 .text.api_blocking_start
                0x000000000000e444       0x3c zephyr/drivers/clock_control/libdrivers__clock_control.a(clock_control_nrf.c.obj)
 .text.clkstarted_handle.constprop.0
                0x000000000000e480       0x4c zephyr/drivers/clock_control/libdrivers__clock_control.a(clock_control_nrf.c.obj)
 .text.generic_hfclk_start
                0x000000000000e4cc       0x7c zephyr/drivers/clock_control/libdrivers__clock_control.a(clock_control_nrf.c.obj)
 .text.clock_event_handler
                0x000000000000e548       0x1c zephyr/drivers/clock_control/libdrivers__clock_control.a(clock_control_nrf.c.obj)
 .text.z_nrf_clock_control_lf_on
                0x000000000000e564       0xf4 zephyr/drivers/clock_control/libdrivers__clock_control.a(clock_control_nrf.c.obj)
                0x000000000000e564                z_nrf_clock_control_lf_on
 .text.uart_console_init
                0x000000000000e658       0x28 zephyr/drivers/console/libdrivers__console.a(uart_console.c.obj)
 .text.console_out
                0x000000000000e680       0x28 zephyr/drivers/console/libdrivers__console.a(uart_console.c.obj)
 .text.nrfx_gpio_handler
                0x000000000000e6a8       0x3c zephyr/drivers/gpio/libdrivers__gpio.a(gpio_nrfx.c.obj)
 .text.gpio_nrfx_pin_configure
                0x000000000000e6e4      0x180 zephyr/drivers/gpio/libdrivers__gpio.a(gpio_nrfx.c.obj)
 .text.gpio_nrfx_init
                0x000000000000e864       0x48 zephyr/drivers/gpio/libdrivers__gpio.a(gpio_nrfx.c.obj)
 .text.gpio_nrfx_pin_interrupt_configure
                0x000000000000e8ac      0x114 zephyr/drivers/gpio/libdrivers__gpio.a(gpio_nrfx.c.obj)
 .text.z_impl_hwinfo_get_device_id
                0x000000000000e9c0       0x3c zephyr/drivers/hwinfo/libdrivers__hwinfo.a(hwinfo_nrf.c.obj)
                0x000000000000e9c0                z_impl_hwinfo_get_device_id
 .text.pinctrl_configure_pins
                0x000000000000e9fc      0x17c zephyr/drivers/pinctrl/libdrivers__pinctrl.a(pinctrl_nrf.c.obj)
                0x000000000000e9fc                pinctrl_configure_pins
 .text.uarte_nrfx_poll_out
                0x000000000000eb78       0xb4 zephyr/drivers/serial/libdrivers__serial.a(uart_nrfx_uarte.c.obj)
 .text.uarte_0_init
                0x000000000000ec2c      0x120 zephyr/drivers/serial/libdrivers__serial.a(uart_nrfx_uarte.c.obj)
 .text.compare_int_lock
                0x000000000000ed4c       0x40 zephyr/drivers/timer/libdrivers__timer.a(nrf_rtc_timer.c.obj)
 .text.sys_clock_timeout_handler
                0x000000000000ed8c       0x48 zephyr/drivers/timer/libdrivers__timer.a(nrf_rtc_timer.c.obj)
 .text.compare_int_unlock
                0x000000000000edd4       0x4c zephyr/drivers/timer/libdrivers__timer.a(nrf_rtc_timer.c.obj)
 .text.z_nrf_rtc_timer_read
                0x000000000000ee20       0x44 zephyr/drivers/timer/libdrivers__timer.a(nrf_rtc_timer.c.obj)
                0x000000000000ee20                z_nrf_rtc_timer_read
 .text.compare_set
                0x000000000000ee64      0x124 zephyr/drivers/timer/libdrivers__timer.a(nrf_rtc_timer.c.obj)
 .text.sys_clock_driver_init
                0x000000000000ef88       0x90 zephyr/drivers/timer/libdrivers__timer.a(nrf_rtc_timer.c.obj)
 .text.rtc_nrf_isr
                0x000000000000f018       0xd0 zephyr/drivers/timer/libdrivers__timer.a(nrf_rtc_timer.c.obj)
                0x000000000000f018                rtc_nrf_isr
 .text.sys_clock_set_timeout
                0x000000000000f0e8       0x5c zephyr/drivers/timer/libdrivers__timer.a(nrf_rtc_timer.c.obj)
                0x000000000000f0e8                sys_clock_set_timeout
 .text.sys_clock_elapsed
                0x000000000000f144       0x14 zephyr/drivers/timer/libdrivers__timer.a(nrf_rtc_timer.c.obj)
                0x000000000000f144                sys_clock_elapsed
 .text.nrf_modem_lib_dfu_handler
                0x000000000000f158       0x24 modules/nrf/lib/nrf_modem_lib/lib..__nrf__lib__nrf_modem_lib.a(nrf_modem_lib.c.obj)
 .text.nrf_modem_lib_init
                0x000000000000f17c       0x54 modules/nrf/lib/nrf_modem_lib/lib..__nrf__lib__nrf_modem_lib.a(nrf_modem_lib.c.obj)
                0x000000000000f17c                nrf_modem_lib_init
 .text.nrf_modem_lib_shutdown
                0x000000000000f1d0       0x70 modules/nrf/lib/nrf_modem_lib/lib..__nrf__lib__nrf_modem_lib.a(nrf_modem_lib.c.obj)
                0x000000000000f1d0                nrf_modem_lib_shutdown
 .text.thread_monitor_entry_get
                0x000000000000f240       0x48 modules/nrf/lib/nrf_modem_lib/lib..__nrf__lib__nrf_modem_lib.a(nrf_modem_os.c.obj)
 .text.on_init  0x000000000000f288       0x20 modules/nrf/lib/nrf_modem_lib/lib..__nrf__lib__nrf_modem_lib.a(nrf_modem_os.c.obj)
 .text.nrf_modem_os_timedwait
                0x000000000000f2a8      0x190 modules/nrf/lib/nrf_modem_lib/lib..__nrf__lib__nrf_modem_lib.a(nrf_modem_os.c.obj)
                0x000000000000f2a8                nrf_modem_os_timedwait
 .text.nrf_modem_os_sem_init
                0x000000000000f438       0x44 modules/nrf/lib/nrf_modem_lib/lib..__nrf__lib__nrf_modem_lib.a(nrf_modem_os.c.obj)
                0x000000000000f438                nrf_modem_os_sem_init
 .text.nrf_modem_os_mutex_init
                0x000000000000f47c       0x34 modules/nrf/lib/nrf_modem_lib/lib..__nrf__lib__nrf_modem_lib.a(nrf_modem_os.c.obj)
                0x000000000000f47c                nrf_modem_os_mutex_init
 .text.nrf_modem_os_event_notify
                0x000000000000f4b0       0x38 modules/nrf/lib/nrf_modem_lib/lib..__nrf__lib__nrf_modem_lib.a(nrf_modem_os.c.obj)
                0x000000000000f4b0                nrf_modem_os_event_notify
 .text.nrf_modem_os_shm_tx_alloc
                0x000000000000f4e8       0x10 modules/nrf/lib/nrf_modem_lib/lib..__nrf__lib__nrf_modem_lib.a(nrf_modem_os.c.obj)
                0x000000000000f4e8                nrf_modem_os_shm_tx_alloc
 .text.nrf_modem_os_shm_tx_free
                0x000000000000f4f8        0xc modules/nrf/lib/nrf_modem_lib/lib..__nrf__lib__nrf_modem_lib.a(nrf_modem_os.c.obj)
                0x000000000000f4f8                nrf_modem_os_shm_tx_free
 .text.nrf_modem_os_init
                0x000000000000f504       0x30 modules/nrf/lib/nrf_modem_lib/lib..__nrf__lib__nrf_modem_lib.a(nrf_modem_os.c.obj)
                0x000000000000f504                nrf_modem_os_init
 .text.nrf_modem_os_shutdown
                0x000000000000f534       0x18 modules/nrf/lib/nrf_modem_lib/lib..__nrf__lib__nrf_modem_lib.a(nrf_modem_os.c.obj)
                0x000000000000f534                nrf_modem_os_shutdown
 .text.cfun_callback
                0x000000000000f54c       0x24 modules/nrf/lib/nrf_modem_lib/lib..__nrf__lib__nrf_modem_lib.a(cfun_hooks.c.obj)
 .text.on_modem_init.part.0
                0x000000000000f570        0xc modules/nrf/lib/nrf_modem_lib/lib..__nrf__lib__nrf_modem_lib.a(cfun_hooks.c.obj)
 .text.on_modem_init
                0x000000000000f57c       0x24 modules/nrf/lib/nrf_modem_lib/lib..__nrf__lib__nrf_modem_lib.a(cfun_hooks.c.obj)
 .text.nrf_modem_fault_handler
                0x000000000000f5a0       0x28 modules/nrf/lib/nrf_modem_lib/lib..__nrf__lib__nrf_modem_lib.a(fault.c.obj)
                0x000000000000f5a0                nrf_modem_fault_handler
 .text.ns_fault_init
                0x000000000000f5c8       0x34 modules/nrf/modules/trusted-firmware-m/lib..__nrf__modules__trusted-firmware-m.a(fault.c.obj)
 .text.arm_fault
                0x000000000000f5fc      0x2d0 modules/nrf/modules/trusted-firmware-m/lib..__nrf__modules__trusted-firmware-m.a(fault.c.obj)
                0x000000000000f5fc                arm_fault
 .text.tfm_ns_fault_handler_callback
                0x000000000000f8cc       0x48 modules/nrf/modules/trusted-firmware-m/lib..__nrf__modules__trusted-firmware-m.a(fault.c.obj)
                0x000000000000f8cc                tfm_ns_fault_handler_callback
 .text.tfm_ns_interface_dispatch
                0x000000000000f914       0x64 modules/trusted-firmware-m/libtfm_api.a(interface.c.obj)
                0x000000000000f914                tfm_ns_interface_dispatch
 .text.tfm_platform_ioctl
                0x000000000000f978       0x4c modules/trusted-firmware-m/libtfm_api.a(tfm_platform_api.c.obj)
                0x000000000000f978                tfm_platform_ioctl
 .text.psa_call
                0x000000000000f9c4       0x34 modules/trusted-firmware-m/libtfm_api.a(tfm_tz_psa_ns_api.c.obj)
                0x000000000000f9c4                psa_call
 .text.nrfx_flag32_alloc
                0x000000000000f9f8       0x40 modules/hal_nordic/modules/hal_nordic/nrfx/libmodules__hal_nordic__nrfx.a(nrfx_flag32_allocator.c.obj)
                0x000000000000f9f8                nrfx_flag32_alloc
 .text.nrfx_flag32_free
                0x000000000000fa38       0x38 modules/hal_nordic/modules/hal_nordic/nrfx/libmodules__hal_nordic__nrfx.a(nrfx_flag32_allocator.c.obj)
                0x000000000000fa38                nrfx_flag32_free
 .text.nrfx_gppi_channels_enable
                0x000000000000fa70        0xc modules/hal_nordic/modules/hal_nordic/nrfx/libmodules__hal_nordic__nrfx.a(nrfx_gppi_dppi.c.obj)
                0x000000000000fa70                nrfx_gppi_channels_enable
 .text.nrfx_gppi_channel_alloc
                0x000000000000fa7c        0xc modules/hal_nordic/modules/hal_nordic/nrfx/libmodules__hal_nordic__nrfx.a(nrfx_gppi_dppi.c.obj)
                0x000000000000fa7c                nrfx_gppi_channel_alloc
 .text.clock_stop
                0x000000000000fa88       0xbc modules/hal_nordic/modules/hal_nordic/nrfx/libmodules__hal_nordic__nrfx.a(nrfx_clock.c.obj)
 .text.nrfx_clock_init
                0x000000000000fb44       0x20 modules/hal_nordic/modules/hal_nordic/nrfx/libmodules__hal_nordic__nrfx.a(nrfx_clock.c.obj)
                0x000000000000fb44                nrfx_clock_init
 .text.nrfx_clock_enable
                0x000000000000fb64       0x28 modules/hal_nordic/modules/hal_nordic/nrfx/libmodules__hal_nordic__nrfx.a(nrfx_clock.c.obj)
                0x000000000000fb64                nrfx_clock_enable
 .text.nrfx_clock_start
                0x000000000000fb8c       0xb8 modules/hal_nordic/modules/hal_nordic/nrfx/libmodules__hal_nordic__nrfx.a(nrfx_clock.c.obj)
                0x000000000000fb8c                nrfx_clock_start
 .text.nrfx_power_clock_irq_handler
                0x000000000000fc44       0x74 modules/hal_nordic/modules/hal_nordic/nrfx/libmodules__hal_nordic__nrfx.a(nrfx_clock.c.obj)
                0x000000000000fc44                nrfx_power_clock_irq_handler
 .text.nrfx_dppi_channel_alloc
                0x000000000000fcb8       0x10 modules/hal_nordic/modules/hal_nordic/nrfx/libmodules__hal_nordic__nrfx.a(nrfx_dppi.c.obj)
                0x000000000000fcb8                nrfx_dppi_channel_alloc
 .text.nrf_gpio_pin_port_decode
                0x000000000000fcc8       0x18 modules/hal_nordic/modules/hal_nordic/nrfx/libmodules__hal_nordic__nrfx.a(nrfx_gpiote.c.obj)
 .text.call_handler.constprop.0
                0x000000000000fce0       0x3c modules/hal_nordic/modules/hal_nordic/nrfx/libmodules__hal_nordic__nrfx.a(nrfx_gpiote.c.obj)
 .text.latch_pending_read_and_check
                0x000000000000fd1c       0x1c modules/hal_nordic/modules/hal_nordic/nrfx/libmodules__hal_nordic__nrfx.a(nrfx_gpiote.c.obj)
 .text.release_handler.isra.0
                0x000000000000fd38       0x54 modules/hal_nordic/modules/hal_nordic/nrfx/libmodules__hal_nordic__nrfx.a(nrfx_gpiote.c.obj)
 .text.__nrfy_internal_gpiote_events_process.constprop.0
                0x000000000000fd8c       0x64 modules/hal_nordic/modules/hal_nordic/nrfx/libmodules__hal_nordic__nrfx.a(nrfx_gpiote.c.obj)
 .text.pin_trigger_disable
                0x000000000000fdf0       0x40 modules/hal_nordic/modules/hal_nordic/nrfx/libmodules__hal_nordic__nrfx.a(nrfx_gpiote.c.obj)
 .text.pin_uninit
                0x000000000000fe30       0x78 modules/hal_nordic/modules/hal_nordic/nrfx/libmodules__hal_nordic__nrfx.a(nrfx_gpiote.c.obj)
 .text.nrfx_gpiote_input_configure
                0x000000000000fea8      0x168 modules/hal_nordic/modules/hal_nordic/nrfx/libmodules__hal_nordic__nrfx.a(nrfx_gpiote.c.obj)
                0x000000000000fea8                nrfx_gpiote_input_configure
 .text.nrfx_gpiote_output_configure
                0x0000000000010010       0xf0 modules/hal_nordic/modules/hal_nordic/nrfx/libmodules__hal_nordic__nrfx.a(nrfx_gpiote.c.obj)
                0x0000000000010010                nrfx_gpiote_output_configure
 .text.nrfx_gpiote_global_callback_set
                0x0000000000010100        0xc modules/hal_nordic/modules/hal_nordic/nrfx/libmodules__hal_nordic__nrfx.a(nrfx_gpiote.c.obj)
                0x0000000000010100                nrfx_gpiote_global_callback_set
 .text.nrfx_gpiote_channel_get
                0x000000000001010c       0x24 modules/hal_nordic/modules/hal_nordic/nrfx/libmodules__hal_nordic__nrfx.a(nrfx_gpiote.c.obj)
                0x000000000001010c                nrfx_gpiote_channel_get
 .text.nrfx_gpiote_init
                0x0000000000010130       0x48 modules/hal_nordic/modules/hal_nordic/nrfx/libmodules__hal_nordic__nrfx.a(nrfx_gpiote.c.obj)
                0x0000000000010130                nrfx_gpiote_init
 .text.nrfx_gpiote_init_check
                0x0000000000010178       0x14 modules/hal_nordic/modules/hal_nordic/nrfx/libmodules__hal_nordic__nrfx.a(nrfx_gpiote.c.obj)
                0x0000000000010178                nrfx_gpiote_init_check
 .text.nrfx_gpiote_channel_free
                0x000000000001018c       0x10 modules/hal_nordic/modules/hal_nordic/nrfx/libmodules__hal_nordic__nrfx.a(nrfx_gpiote.c.obj)
                0x000000000001018c                nrfx_gpiote_channel_free
 .text.nrfx_gpiote_channel_alloc
                0x000000000001019c       0x10 modules/hal_nordic/modules/hal_nordic/nrfx/libmodules__hal_nordic__nrfx.a(nrfx_gpiote.c.obj)
                0x000000000001019c                nrfx_gpiote_channel_alloc
 .text.nrfx_gpiote_trigger_enable
                0x00000000000101ac       0x90 modules/hal_nordic/modules/hal_nordic/nrfx/libmodules__hal_nordic__nrfx.a(nrfx_gpiote.c.obj)
                0x00000000000101ac                nrfx_gpiote_trigger_enable
 .text.nrfx_gpiote_1_irq_handler
                0x000000000001023c      0x14c modules/hal_nordic/modules/hal_nordic/nrfx/libmodules__hal_nordic__nrfx.a(nrfx_gpiote.c.obj)
                0x000000000001023c                nrfx_gpiote_1_irq_handler
 .text.nrfx_ipc_init
                0x0000000000010388       0x30 modules/hal_nordic/modules/hal_nordic/nrfx/libmodules__hal_nordic__nrfx.a(nrfx_ipc.c.obj)
                0x0000000000010388                nrfx_ipc_init
 .text.nrfx_ipc_config_load
                0x00000000000103b8       0x40 modules/hal_nordic/modules/hal_nordic/nrfx/libmodules__hal_nordic__nrfx.a(nrfx_ipc.c.obj)
                0x00000000000103b8                nrfx_ipc_config_load
 .text.nrfx_ipc_uninit
                0x00000000000103f8       0x64 modules/hal_nordic/modules/hal_nordic/nrfx/libmodules__hal_nordic__nrfx.a(nrfx_ipc.c.obj)
                0x00000000000103f8                nrfx_ipc_uninit
 .text.nrfx_ipc_receive_event_enable
                0x000000000001045c       0x10 modules/hal_nordic/modules/hal_nordic/nrfx/libmodules__hal_nordic__nrfx.a(nrfx_ipc.c.obj)
                0x000000000001045c                nrfx_ipc_receive_event_enable
 .text.nrfx_ipc_receive_event_disable
                0x000000000001046c       0x10 modules/hal_nordic/modules/hal_nordic/nrfx/libmodules__hal_nordic__nrfx.a(nrfx_ipc.c.obj)
                0x000000000001046c                nrfx_ipc_receive_event_disable
 .text.nrfx_ipc_irq_handler
                0x000000000001047c       0x40 modules/hal_nordic/modules/hal_nordic/nrfx/libmodules__hal_nordic__nrfx.a(nrfx_ipc.c.obj)
                0x000000000001047c                nrfx_ipc_irq_handler
 .text.modem_off
                0x00000000000104bc       0x28 /home/ashuqullah-alizai/ncs/v3.1.1/nrfxlib/nrf_modem/lib/dect_phy/nrf9120/soft-float/libmodem.a(nrf_modem.c.obj)
 .text.nrf_modem_platform_init
                0x00000000000104e4       0x38 /home/ashuqullah-alizai/ncs/v3.1.1/nrfxlib/nrf_modem/lib/dect_phy/nrf9120/soft-float/libmodem.a(nrf_modem.c.obj)
 .text.atomic_set.constprop.0.isra.0
                0x000000000001051c       0x14 /home/ashuqullah-alizai/ncs/v3.1.1/nrfxlib/nrf_modem/lib/dect_phy/nrf9120/soft-float/libmodem.a(nrf_modem.c.obj)
 .text.nrf_modem_init
                0x0000000000010530       0xcc /home/ashuqullah-alizai/ncs/v3.1.1/nrfxlib/nrf_modem/lib/dect_phy/nrf9120/soft-float/libmodem.a(nrf_modem.c.obj)
                0x0000000000010530                nrf_modem_init
 .text.nrf_modem_shutdown
                0x00000000000105fc       0xa8 /home/ashuqullah-alizai/ncs/v3.1.1/nrfxlib/nrf_modem/lib/dect_phy/nrf9120/soft-float/libmodem.a(nrf_modem.c.obj)
                0x00000000000105fc                nrf_modem_shutdown
 .text.nrf_modem_fault_handler_set
                0x00000000000106a4        0xc /home/ashuqullah-alizai/ncs/v3.1.1/nrfxlib/nrf_modem/lib/dect_phy/nrf9120/soft-float/libmodem.a(nrf_modem_fault.c.obj)
                0x00000000000106a4                nrf_modem_fault_handler_set
 .text.nrf_modem_fault_handler_internal
                0x00000000000106b0       0x18 /home/ashuqullah-alizai/ncs/v3.1.1/nrfxlib/nrf_modem/lib/dect_phy/nrf9120/soft-float/libmodem.a(nrf_modem_fault.c.obj)
                0x00000000000106b0                nrf_modem_fault_handler_internal
 .text.nrf_modem_state_set
                0x00000000000106c8        0xc /home/ashuqullah-alizai/ncs/v3.1.1/nrfxlib/nrf_modem/lib/dect_phy/nrf9120/soft-float/libmodem.a(nrf_modem_state.c.obj)
                0x00000000000106c8                nrf_modem_state_set
 .text.nrf_modem_state_is_initialized
                0x00000000000106d4       0x10 /home/ashuqullah-alizai/ncs/v3.1.1/nrfxlib/nrf_modem/lib/dect_phy/nrf9120/soft-float/libmodem.a(nrf_modem_state.c.obj)
                0x00000000000106d4                nrf_modem_state_is_initialized
 .text.nrf_modem_state_is_fault
                0x00000000000106e4       0x10 /home/ashuqullah-alizai/ncs/v3.1.1/nrfxlib/nrf_modem/lib/dect_phy/nrf9120/soft-float/libmodem.a(nrf_modem_state.c.obj)
                0x00000000000106e4                nrf_modem_state_is_fault
 .text.rpc_handle_data_message
                0x00000000000106f4       0x38 /home/ashuqullah-alizai/ncs/v3.1.1/nrfxlib/nrf_modem/lib/dect_phy/nrf9120/soft-float/libmodem.a(rpc_framework.c.obj)
                0x00000000000106f4                rpc_handle_data_message
 .text.rpc_transport_init
                0x000000000001072c        0xc /home/ashuqullah-alizai/ncs/v3.1.1/nrfxlib/nrf_modem/lib/dect_phy/nrf9120/soft-float/libmodem.a(rpc_transport.c.obj)
                0x000000000001072c                rpc_transport_init
 .text.rpc_transport_msg_alloc
                0x0000000000010738        0xc /home/ashuqullah-alizai/ncs/v3.1.1/nrfxlib/nrf_modem/lib/dect_phy/nrf9120/soft-float/libmodem.a(rpc_transport.c.obj)
                0x0000000000010738                rpc_transport_msg_alloc
 .text.rpc_transport_msg_tx_free
                0x0000000000010744        0xc /home/ashuqullah-alizai/ncs/v3.1.1/nrfxlib/nrf_modem/lib/dect_phy/nrf9120/soft-float/libmodem.a(rpc_transport.c.obj)
                0x0000000000010744                rpc_transport_msg_tx_free
 .text.rpc_transport_msg_data_rx_free
                0x0000000000010750        0xc /home/ashuqullah-alizai/ncs/v3.1.1/nrfxlib/nrf_modem/lib/dect_phy/nrf9120/soft-float/libmodem.a(rpc_transport.c.obj)
                0x0000000000010750                rpc_transport_msg_data_rx_free
 .text.rpc_transport_msg_send
                0x000000000001075c        0xc /home/ashuqullah-alizai/ncs/v3.1.1/nrfxlib/nrf_modem/lib/dect_phy/nrf9120/soft-float/libmodem.a(rpc_transport.c.obj)
                0x000000000001075c                rpc_transport_msg_send
 .text.rpc_transport_request_shutdown
                0x0000000000010768        0xc /home/ashuqullah-alizai/ncs/v3.1.1/nrfxlib/nrf_modem/lib/dect_phy/nrf9120/soft-float/libmodem.a(rpc_transport.c.obj)
                0x0000000000010768                rpc_transport_request_shutdown
 .text.rpc_transport_shutdown
                0x0000000000010774        0xc /home/ashuqullah-alizai/ncs/v3.1.1/nrfxlib/nrf_modem/lib/dect_phy/nrf9120/soft-float/libmodem.a(rpc_transport.c.obj)
                0x0000000000010774                rpc_transport_shutdown
 .text.rpc_transport_ipc_msg_data_tx_size
                0x0000000000010780        0xc /home/ashuqullah-alizai/ncs/v3.1.1/nrfxlib/nrf_modem/lib/dect_phy/nrf9120/soft-float/libmodem.a(rpc_transport_ipc.c.obj)
 .text.rpc_transport_ipc_msg_tx_free
                0x000000000001078c       0x38 /home/ashuqullah-alizai/ncs/v3.1.1/nrfxlib/nrf_modem/lib/dect_phy/nrf9120/soft-float/libmodem.a(rpc_transport_ipc.c.obj)
 .text.handle_modem_rpc_msg
                0x00000000000107c4       0x68 /home/ashuqullah-alizai/ncs/v3.1.1/nrfxlib/nrf_modem/lib/dect_phy/nrf9120/soft-float/libmodem.a(rpc_transport_ipc.c.obj)
 .text.rpc_message_handler
                0x000000000001082c       0x24 /home/ashuqullah-alizai/ncs/v3.1.1/nrfxlib/nrf_modem/lib/dect_phy/nrf9120/soft-float/libmodem.a(rpc_transport_ipc.c.obj)
 .text.ipc_irq_handler
                0x0000000000010850       0xec /home/ashuqullah-alizai/ncs/v3.1.1/nrfxlib/nrf_modem/lib/dect_phy/nrf9120/soft-float/libmodem.a(rpc_transport_ipc.c.obj)
                0x0000000000010850                ipc_irq_handler
 .text.rpc_transport_ipc_ctrl_msg_alloc
                0x000000000001093c       0x44 /home/ashuqullah-alizai/ncs/v3.1.1/nrfxlib/nrf_modem/lib/dect_phy/nrf9120/soft-float/libmodem.a(rpc_transport_ipc.c.obj)
 .text.rpc_transport_ipc_data_msg_alloc
                0x0000000000010980       0x24 /home/ashuqullah-alizai/ncs/v3.1.1/nrfxlib/nrf_modem/lib/dect_phy/nrf9120/soft-float/libmodem.a(rpc_transport_ipc.c.obj)
 .text.rpc_transport_ipc_data_msg_send
                0x00000000000109a4       0x70 /home/ashuqullah-alizai/ncs/v3.1.1/nrfxlib/nrf_modem/lib/dect_phy/nrf9120/soft-float/libmodem.a(rpc_transport_ipc.c.obj)
 .text.rpc_transport_ipc_init
                0x0000000000010a14      0x1dc /home/ashuqullah-alizai/ncs/v3.1.1/nrfxlib/nrf_modem/lib/dect_phy/nrf9120/soft-float/libmodem.a(rpc_transport_ipc.c.obj)
 .text.rpc_transport_ipc_ctrl_msg_send
                0x0000000000010bf0       0x70 /home/ashuqullah-alizai/ncs/v3.1.1/nrfxlib/nrf_modem/lib/dect_phy/nrf9120/soft-float/libmodem.a(rpc_transport_ipc.c.obj)
 .text.rpc_transport_ipc_request_shutdown
                0x0000000000010c60       0x38 /home/ashuqullah-alizai/ncs/v3.1.1/nrfxlib/nrf_modem/lib/dect_phy/nrf9120/soft-float/libmodem.a(rpc_transport_ipc.c.obj)
 .text.rpc_transport_ipc_msg_data_rx_free
                0x0000000000010c98       0x30 /home/ashuqullah-alizai/ncs/v3.1.1/nrfxlib/nrf_modem/lib/dect_phy/nrf9120/soft-float/libmodem.a(rpc_transport_ipc.c.obj)
 .text.cfun_post_modem
                0x0000000000010cc8       0x14 /home/ashuqullah-alizai/ncs/v3.1.1/nrfxlib/nrf_modem/lib/dect_phy/nrf9120/soft-float/libmodem.a(nrf_modem_at.c.obj)
 .text.at_cmd_vsprintf
                0x0000000000010cdc       0x50 /home/ashuqullah-alizai/ncs/v3.1.1/nrfxlib/nrf_modem/lib/dect_phy/nrf9120/soft-float/libmodem.a(nrf_modem_at.c.obj)
 .text.cfun_pre_modem
                0x0000000000010d2c       0x44 /home/ashuqullah-alizai/ncs/v3.1.1/nrfxlib/nrf_modem/lib/dect_phy/nrf9120/soft-float/libmodem.a(nrf_modem_at.c.obj)
 .text.at_cmd_send
                0x0000000000010d70       0x68 /home/ashuqullah-alizai/ncs/v3.1.1/nrfxlib/nrf_modem/lib/dect_phy/nrf9120/soft-float/libmodem.a(nrf_modem_at.c.obj)
 .text.at_response_match
                0x0000000000010dd8       0x48 /home/ashuqullah-alizai/ncs/v3.1.1/nrfxlib/nrf_modem/lib/dect_phy/nrf9120/soft-float/libmodem.a(nrf_modem_at.c.obj)
 .text.nrf_modem_at_cfun_handler_set
                0x0000000000010e20        0xc /home/ashuqullah-alizai/ncs/v3.1.1/nrfxlib/nrf_modem/lib/dect_phy/nrf9120/soft-float/libmodem.a(nrf_modem_at.c.obj)
                0x0000000000010e20                nrf_modem_at_cfun_handler_set
 .text.nrf_modem_at_printf
                0x0000000000010e2c       0xc8 /home/ashuqullah-alizai/ncs/v3.1.1/nrfxlib/nrf_modem/lib/dect_phy/nrf9120/soft-float/libmodem.a(nrf_modem_at.c.obj)
                0x0000000000010e2c                nrf_modem_at_printf
 .text.nrf_modem_at_scanf
                0x0000000000010ef4       0xf8 /home/ashuqullah-alizai/ncs/v3.1.1/nrfxlib/nrf_modem/lib/dect_phy/nrf9120/soft-float/libmodem.a(nrf_modem_at.c.obj)
                0x0000000000010ef4                nrf_modem_at_scanf
 .text.rpc_at_event_handler
                0x0000000000010fec       0x88 /home/ashuqullah-alizai/ncs/v3.1.1/nrfxlib/nrf_modem/lib/dect_phy/nrf9120/soft-float/libmodem.a(nrf_modem_at.c.obj)
                0x0000000000010fec                rpc_at_event_handler
 .text.rpc_at_init
                0x0000000000011074       0x40 /home/ashuqullah-alizai/ncs/v3.1.1/nrfxlib/nrf_modem/lib/dect_phy/nrf9120/soft-float/libmodem.a(nrf_modem_at.c.obj)
                0x0000000000011074                rpc_at_init
 .text.nrf_modem_dect_phy_event_handler_set
                0x00000000000110b4       0x14 /home/ashuqullah-alizai/ncs/v3.1.1/nrfxlib/nrf_modem/lib/dect_phy/nrf9120/soft-float/libmodem.a(nrf_modem_dect_phy.c.obj)
                0x00000000000110b4                nrf_modem_dect_phy_event_handler_set
 .text.nrf_modem_dect_phy_init
                0x00000000000110c8       0x40 /home/ashuqullah-alizai/ncs/v3.1.1/nrfxlib/nrf_modem/lib/dect_phy/nrf9120/soft-float/libmodem.a(nrf_modem_dect_phy.c.obj)
                0x00000000000110c8                nrf_modem_dect_phy_init
 .text.nrf_modem_dect_phy_deinit
                0x0000000000011108       0x40 /home/ashuqullah-alizai/ncs/v3.1.1/nrfxlib/nrf_modem/lib/dect_phy/nrf9120/soft-float/libmodem.a(nrf_modem_dect_phy.c.obj)
                0x0000000000011108                nrf_modem_dect_phy_deinit
 .text.nrf_modem_dect_phy_activate
                0x0000000000011148       0x44 /home/ashuqullah-alizai/ncs/v3.1.1/nrfxlib/nrf_modem/lib/dect_phy/nrf9120/soft-float/libmodem.a(nrf_modem_dect_phy.c.obj)
                0x0000000000011148                nrf_modem_dect_phy_activate
 .text.nrf_modem_dect_phy_deactivate
                0x000000000001118c       0x40 /home/ashuqullah-alizai/ncs/v3.1.1/nrfxlib/nrf_modem/lib/dect_phy/nrf9120/soft-float/libmodem.a(nrf_modem_dect_phy.c.obj)
                0x000000000001118c                nrf_modem_dect_phy_deactivate
 .text.nrf_modem_dect_phy_capability_get
                0x00000000000111cc       0x40 /home/ashuqullah-alizai/ncs/v3.1.1/nrfxlib/nrf_modem/lib/dect_phy/nrf9120/soft-float/libmodem.a(nrf_modem_dect_phy.c.obj)
                0x00000000000111cc                nrf_modem_dect_phy_capability_get
 .text.nrf_modem_dect_phy_rx
                0x000000000001120c       0x88 /home/ashuqullah-alizai/ncs/v3.1.1/nrfxlib/nrf_modem/lib/dect_phy/nrf9120/soft-float/libmodem.a(nrf_modem_dect_phy.c.obj)
                0x000000000001120c                nrf_modem_dect_phy_rx
 .text.nrf_modem_dect_phy_tx
                0x0000000000011294       0x88 /home/ashuqullah-alizai/ncs/v3.1.1/nrfxlib/nrf_modem/lib/dect_phy/nrf9120/soft-float/libmodem.a(nrf_modem_dect_phy.c.obj)
                0x0000000000011294                nrf_modem_dect_phy_tx
 .text.nrf_modem_dect_phy_configure
                0x000000000001131c       0x50 /home/ashuqullah-alizai/ncs/v3.1.1/nrfxlib/nrf_modem/lib/dect_phy/nrf9120/soft-float/libmodem.a(nrf_modem_dect_phy.c.obj)
                0x000000000001131c                nrf_modem_dect_phy_configure
 .text.rpc_dect_phy_event_handler
                0x000000000001136c      0x434 /home/ashuqullah-alizai/ncs/v3.1.1/nrfxlib/nrf_modem/lib/dect_phy/nrf9120/soft-float/libmodem.a(nrf_modem_dect_phy.c.obj)
                0x000000000001136c                rpc_dect_phy_event_handler
 .text.rpc_dect_phy_init
                0x00000000000117a0       0x20 /home/ashuqullah-alizai/ncs/v3.1.1/nrfxlib/nrf_modem/lib/dect_phy/nrf9120/soft-float/libmodem.a(nrf_modem_dect_phy.c.obj)
                0x00000000000117a0                rpc_dect_phy_init
 .text.rpc_dect_phy_deinit
                0x00000000000117c0       0x20 /home/ashuqullah-alizai/ncs/v3.1.1/nrfxlib/nrf_modem/lib/dect_phy/nrf9120/soft-float/libmodem.a(nrf_modem_dect_phy.c.obj)
                0x00000000000117c0                rpc_dect_phy_deinit
 .text.ipc_trace_init
                0x00000000000117e0       0x40 /home/ashuqullah-alizai/ncs/v3.1.1/nrfxlib/nrf_modem/lib/dect_phy/nrf9120/soft-float/libmodem.a(ipc_trace.c.obj)
                0x00000000000117e0                ipc_trace_init
 .text.ipc_trace_uninit
                0x0000000000011820       0x10 /home/ashuqullah-alizai/ncs/v3.1.1/nrfxlib/nrf_modem/lib/dect_phy/nrf9120/soft-float/libmodem.a(ipc_trace.c.obj)
                0x0000000000011820                ipc_trace_uninit
 .text.ipc_trace_handler
                0x0000000000011830       0xb4 /home/ashuqullah-alizai/ncs/v3.1.1/nrfxlib/nrf_modem/lib/dect_phy/nrf9120/soft-float/libmodem.a(ipc_trace.c.obj)
                0x0000000000011830                ipc_trace_handler
 .text.z_device_get_all_static
                0x00000000000118e4       0x18 zephyr/kernel/libkernel.a(device.c.obj)
                0x00000000000118e4                z_device_get_all_static
 .text.k_sys_fatal_error_handler
                0x00000000000118fc       0x28 zephyr/kernel/libkernel.a(fatal.c.obj)
                0x00000000000118fc                k_sys_fatal_error_handler
 .text.z_fatal_error
                0x0000000000011924      0x110 zephyr/kernel/libkernel.a(fatal.c.obj)
                0x0000000000011924                z_fatal_error
 .text.z_sys_init_run_level
                0x0000000000011a34       0x30 zephyr/kernel/libkernel.a(init.c.obj)
 .text.bg_thread_main
                0x0000000000011a64       0xc0 zephyr/kernel/libkernel.a(init.c.obj)
 .text.z_bss_zero
                0x0000000000011b24       0x18 zephyr/kernel/libkernel.a(init.c.obj)
                0x0000000000011b24                z_bss_zero
 .text.z_init_cpu
                0x0000000000011b3c       0x70 zephyr/kernel/libkernel.a(init.c.obj)
                0x0000000000011b3c                z_init_cpu
 .text.z_cstart
                0x0000000000011bac       0xd4 zephyr/kernel/libkernel.a(init.c.obj)
                0x0000000000011bac                z_cstart
 .text.statics_init
                0x0000000000011c80       0x24 zephyr/kernel/libkernel.a(kheap.c.obj)
 .text.k_heap_alloc
                0x0000000000011ca4       0x1c zephyr/kernel/libkernel.a(kheap.c.obj)
                0x0000000000011ca4                k_heap_alloc
 .text.z_impl_k_mutex_lock
                0x0000000000011cc0       0xf0 zephyr/kernel/libkernel.a(mutex.c.obj)
                0x0000000000011cc0                z_impl_k_mutex_lock
 .text.z_impl_k_mutex_unlock
                0x0000000000011db0       0xa0 zephyr/kernel/libkernel.a(mutex.c.obj)
                0x0000000000011db0                z_impl_k_mutex_unlock
 .text.z_impl_k_sem_give
                0x0000000000011e50       0x74 zephyr/kernel/libkernel.a(sem.c.obj)
                0x0000000000011e50                z_impl_k_sem_give
 .text.z_impl_k_sem_take
                0x0000000000011ec4       0x4c zephyr/kernel/libkernel.a(sem.c.obj)
                0x0000000000011ec4                z_impl_k_sem_take
 .text.z_impl_k_thread_name_set
                0x0000000000011f10       0x20 zephyr/kernel/libkernel.a(thread.c.obj)
                0x0000000000011f10                z_impl_k_thread_name_set
 .text.k_thread_state_str
                0x0000000000011f30       0x84 zephyr/kernel/libkernel.a(thread.c.obj)
                0x0000000000011f30                k_thread_state_str
 .text.z_setup_new_thread
                0x0000000000011fb4       0xd4 zephyr/kernel/libkernel.a(thread.c.obj)
                0x0000000000011fb4                z_setup_new_thread
 .text.z_impl_k_thread_create
                0x0000000000012088       0x58 zephyr/kernel/libkernel.a(thread.c.obj)
                0x0000000000012088                z_impl_k_thread_create
 .text.z_dummy_thread_init
                0x00000000000120e0       0x20 zephyr/kernel/libkernel.a(thread.c.obj)
                0x00000000000120e0                z_dummy_thread_init
 .text.z_swap_irqlock
                0x0000000000012100       0x34 zephyr/kernel/libkernel.a(sched.c.obj)
 .text.ready_thread
                0x0000000000012134       0x84 zephyr/kernel/libkernel.a(sched.c.obj)
 .text.unready_thread
                0x00000000000121b8       0x54 zephyr/kernel/libkernel.a(sched.c.obj)
 .text.add_thread_timeout
                0x000000000001220c       0x1c zephyr/kernel/libkernel.a(sched.c.obj)
 .text.move_thread_to_end_of_prio_q
                0x0000000000012228       0x90 zephyr/kernel/libkernel.a(sched.c.obj)
                0x0000000000012228                move_thread_to_end_of_prio_q
 .text.z_impl_k_thread_suspend
                0x00000000000122b8       0xf0 zephyr/kernel/libkernel.a(sched.c.obj)
                0x00000000000122b8                z_impl_k_thread_suspend
 .text.z_pend_curr
                0x00000000000123a8       0x44 zephyr/kernel/libkernel.a(sched.c.obj)
                0x00000000000123a8                z_pend_curr
 .text.z_thread_prio_set
                0x00000000000123ec       0xe4 zephyr/kernel/libkernel.a(sched.c.obj)
                0x00000000000123ec                z_thread_prio_set
 .text.z_reschedule
                0x00000000000124d0       0x24 zephyr/kernel/libkernel.a(sched.c.obj)
                0x00000000000124d0                z_reschedule
 .text.z_impl_k_thread_resume
                0x00000000000124f4       0x3c zephyr/kernel/libkernel.a(sched.c.obj)
                0x00000000000124f4                z_impl_k_thread_resume
 .text.z_reschedule_irqlock
                0x0000000000012530       0x28 zephyr/kernel/libkernel.a(sched.c.obj)
                0x0000000000012530                z_reschedule_irqlock
 .text.k_sched_lock
                0x0000000000012558       0x28 zephyr/kernel/libkernel.a(sched.c.obj)
                0x0000000000012558                k_sched_lock
 .text.k_sched_unlock
                0x0000000000012580       0x68 zephyr/kernel/libkernel.a(sched.c.obj)
                0x0000000000012580                k_sched_unlock
 .text.z_sched_init
                0x00000000000125e8       0x10 zephyr/kernel/libkernel.a(sched.c.obj)
                0x00000000000125e8                z_sched_init
 .text.z_impl_k_yield
                0x00000000000125f8       0x88 zephyr/kernel/libkernel.a(sched.c.obj)
                0x00000000000125f8                z_impl_k_yield
 .text.z_tick_sleep
                0x0000000000012680       0x78 zephyr/kernel/libkernel.a(sched.c.obj)
 .text.z_impl_k_wakeup
                0x00000000000126f8       0x48 zephyr/kernel/libkernel.a(sched.c.obj)
                0x00000000000126f8                z_impl_k_wakeup
 .text.z_impl_k_sched_current_thread_query
                0x0000000000012740        0xc zephyr/kernel/libkernel.a(sched.c.obj)
                0x0000000000012740                z_impl_k_sched_current_thread_query
 .text.z_thread_abort
                0x000000000001274c      0x140 zephyr/kernel/libkernel.a(sched.c.obj)
                0x000000000001274c                z_thread_abort
 .text.z_sched_wait
                0x000000000001288c       0x24 zephyr/kernel/libkernel.a(sched.c.obj)
                0x000000000001288c                z_sched_wait
 .text.slice_timeout
                0x00000000000128b0       0x20 zephyr/kernel/libkernel.a(timeslicing.c.obj)
 .text.thread_is_sliceable
                0x00000000000128d0       0x3c zephyr/kernel/libkernel.a(timeslicing.c.obj)
                0x00000000000128d0                thread_is_sliceable
 .text.z_reset_time_slice
                0x000000000001290c       0x50 zephyr/kernel/libkernel.a(timeslicing.c.obj)
                0x000000000001290c                z_reset_time_slice
 .text.z_time_slice
                0x000000000001295c       0x60 zephyr/kernel/libkernel.a(timeslicing.c.obj)
                0x000000000001295c                z_time_slice
 .text.z_thread_monitor_exit
                0x00000000000129bc       0x3c zephyr/kernel/libkernel.a(thread_monitor.c.obj)
                0x00000000000129bc                z_thread_monitor_exit
 .text.k_thread_foreach
                0x00000000000129f8       0x34 zephyr/kernel/libkernel.a(thread_monitor.c.obj)
                0x00000000000129f8                k_thread_foreach
 .text.k_thread_foreach_unlocked
                0x0000000000012a2c       0x48 zephyr/kernel/libkernel.a(thread_monitor.c.obj)
                0x0000000000012a2c                k_thread_foreach_unlocked
 .text.z_data_copy
                0x0000000000012a74       0x38 zephyr/kernel/libkernel.a(xip.c.obj)
                0x0000000000012a74                z_data_copy
 .text.first    0x0000000000012aac       0x10 zephyr/kernel/libkernel.a(timeout.c.obj)
 .text.elapsed  0x0000000000012abc       0x14 zephyr/kernel/libkernel.a(timeout.c.obj)
 .text.remove_timeout
                0x0000000000012ad0       0x38 zephyr/kernel/libkernel.a(timeout.c.obj)
 .text.z_add_timeout
                0x0000000000012b08      0x124 zephyr/kernel/libkernel.a(timeout.c.obj)
                0x0000000000012b08                z_add_timeout
 .text.sys_clock_announce
                0x0000000000012c2c       0xbc zephyr/kernel/libkernel.a(timeout.c.obj)
                0x0000000000012c2c                sys_clock_announce
 .text.sys_clock_tick_get
                0x0000000000012ce8       0x30 zephyr/kernel/libkernel.a(timeout.c.obj)
                0x0000000000012ce8                sys_clock_tick_get
 .text.z_timer_expiration_handler
                0x0000000000012d18       0xe0 zephyr/kernel/libkernel.a(timer.c.obj)
                0x0000000000012d18                z_timer_expiration_handler
 .text.z_impl_k_timer_start
                0x0000000000012df8       0x74 zephyr/kernel/libkernel.a(timer.c.obj)
                0x0000000000012df8                z_impl_k_timer_start
 .text.clear_event_registrations
                0x0000000000012e6c       0x60 zephyr/kernel/libkernel.a(poll.c.obj)
 .text.z_impl_k_poll
                0x0000000000012ecc       0xb0 zephyr/kernel/libkernel.a(poll.c.obj)
                0x0000000000012ecc                z_impl_k_poll
 .text.z_impl_k_poll_signal_raise
                0x0000000000012f7c       0x50 zephyr/kernel/libkernel.a(poll.c.obj)
                0x0000000000012f7c                z_impl_k_poll_signal_raise
 .text.k_thread_system_pool_assign
                0x0000000000012fcc        0xc zephyr/kernel/libkernel.a(mempool.c.obj)
                0x0000000000012fcc                k_thread_system_pool_assign
 .text.k_sys_work_q_init
                0x0000000000012fd8       0x2c zephyr/kernel/libkernel.a(system_work_q.c.obj)
 .text.work_queue_main
                0x0000000000013004      0x14c zephyr/kernel/libkernel.a(work.c.obj)
 .text.submit_to_queue_locked
                0x0000000000013150       0xb8 zephyr/kernel/libkernel.a(work.c.obj)
 .text.k_work_queue_start
                0x0000000000013208       0x80 zephyr/kernel/libkernel.a(work.c.obj)
                0x0000000000013208                k_work_queue_start
 .text.snprintf
                0x0000000000013288       0x58 /home/ashuqullah-alizai/ncs/toolchains/b2ecd2435d/opt/zephyr-sdk/arm-zephyr-eabi/bin/../lib/gcc/../../picolibc/arm-zephyr-eabi/lib/thumb/v8-m.main/nofp/libc.a(libc_tinystdio_snprintf.c.o)
                0x0000000000013288                snprintf
 .text.sprintf  0x00000000000132e0       0x50 /home/ashuqullah-alizai/ncs/toolchains/b2ecd2435d/opt/zephyr-sdk/arm-zephyr-eabi/bin/../lib/gcc/../../picolibc/arm-zephyr-eabi/lib/thumb/v8-m.main/nofp/libc.a(libc_tinystdio_sprintf.c.o)
                0x00000000000132e0                sprintf
 .text.strtol   0x0000000000013330       0xec /home/ashuqullah-alizai/ncs/toolchains/b2ecd2435d/opt/zephyr-sdk/arm-zephyr-eabi/bin/../lib/gcc/../../picolibc/arm-zephyr-eabi/lib/thumb/v8-m.main/nofp/libc.a(libc_tinystdio_strtol.c.o)
                0x0000000000013330                strtol
 .text.strtoul  0x000000000001341c       0xcc /home/ashuqullah-alizai/ncs/toolchains/b2ecd2435d/opt/zephyr-sdk/arm-zephyr-eabi/bin/../lib/gcc/../../picolibc/arm-zephyr-eabi/lib/thumb/v8-m.main/nofp/libc.a(libc_tinystdio_strtoul.c.o)
                0x000000000001341c                strtoul
 .text.__l_vfprintf
                0x00000000000134e8      0x4b4 /home/ashuqullah-alizai/ncs/toolchains/b2ecd2435d/opt/zephyr-sdk/arm-zephyr-eabi/bin/../lib/gcc/../../picolibc/arm-zephyr-eabi/lib/thumb/v8-m.main/nofp/libc.a(libc_tinystdio_vflprintf.c.o)
                0x00000000000134e8                __l_vfprintf
 .text.__l_vfscanf
                0x000000000001399c      0x360 /home/ashuqullah-alizai/ncs/toolchains/b2ecd2435d/opt/zephyr-sdk/arm-zephyr-eabi/bin/../lib/gcc/../../picolibc/arm-zephyr-eabi/lib/thumb/v8-m.main/nofp/libc.a(libc_tinystdio_vflscanf.c.o)
                0x000000000001399c                __l_vfscanf
 .text.vsnprintf
                0x0000000000013cfc       0x50 /home/ashuqullah-alizai/ncs/toolchains/b2ecd2435d/opt/zephyr-sdk/arm-zephyr-eabi/bin/../lib/gcc/../../picolibc/arm-zephyr-eabi/lib/thumb/v8-m.main/nofp/libc.a(libc_tinystdio_vsnprintf.c.o)
                0x0000000000013cfc                vsnprintf
 .text.vsscanf  0x0000000000013d4c       0x34 /home/ashuqullah-alizai/ncs/toolchains/b2ecd2435d/opt/zephyr-sdk/arm-zephyr-eabi/bin/../lib/gcc/../../picolibc/arm-zephyr-eabi/lib/thumb/v8-m.main/nofp/libc.a(libc_tinystdio_vsscanf.c.o)
                0x0000000000013d4c                vsscanf
 .text._OffsetAbsSyms
                0x0000000000013d80        0x2 zephyr/CMakeFiles/offsets.dir/./arch/arm/core/offsets/offsets.c.obj
                0x0000000000013d80                _OffsetAbsSyms
 .text.k_sem_give
                0x0000000000013d82        0x4 app/libapp.a(core.c.obj)
 .text.z_log_msg_simple_create_1
                0x0000000000013d86        0x4 app/libapp.a(core.c.obj)
 .text.k_sem_take.constprop.0.isra.0
                0x0000000000013d8a        0x4 app/libapp.a(core.c.obj)
 .text.chunk_field
                0x0000000000013d8e       0x16 zephyr/libzephyr.a(heap.c.obj)
 .text.chunk_set
                0x0000000000013da4       0x16 zephyr/libzephyr.a(heap.c.obj)
 .text.chunk_size
                0x0000000000013dba        0xc zephyr/libzephyr.a(heap.c.obj)
 .text.set_chunk_used
                0x0000000000013dc6       0x30 zephyr/libzephyr.a(heap.c.obj)
 .text.set_chunk_size
                0x0000000000013df6        0x8 zephyr/libzephyr.a(heap.c.obj)
 .text.mem_to_chunkid
                0x0000000000013dfe       0x14 zephyr/libzephyr.a(heap.c.obj)
 .text.bucket_idx.isra.0
                0x0000000000013e12       0x1c zephyr/libzephyr.a(heap.c.obj)
 .text.free_list_remove_bidx
                0x0000000000013e2e       0x5c zephyr/libzephyr.a(heap.c.obj)
 .text.free_list_remove
                0x0000000000013e8a       0x2e zephyr/libzephyr.a(heap.c.obj)
 .text.alloc_chunk
                0x0000000000013eb8       0x74 zephyr/libzephyr.a(heap.c.obj)
 .text.split_chunks
                0x0000000000013f2c       0x4e zephyr/libzephyr.a(heap.c.obj)
 .text.merge_chunks
                0x0000000000013f7a       0x3c zephyr/libzephyr.a(heap.c.obj)
 .text.free_list_add
                0x0000000000013fb6       0x84 zephyr/libzephyr.a(heap.c.obj)
 .text.free_chunk
                0x000000000001403a       0x84 zephyr/libzephyr.a(heap.c.obj)
 .text.sys_heap_free
                0x00000000000140be       0x24 zephyr/libzephyr.a(heap.c.obj)
                0x00000000000140be                sys_heap_free
 .text.sys_heap_alloc
                0x00000000000140e2       0x6e zephyr/libzephyr.a(heap.c.obj)
                0x00000000000140e2                sys_heap_alloc
 .text.sys_heap_noalign_alloc
                0x0000000000014150        0x6 zephyr/libzephyr.a(heap.c.obj)
                0x0000000000014150                sys_heap_noalign_alloc
 .text.sys_heap_init
                0x0000000000014156       0xb0 zephyr/libzephyr.a(heap.c.obj)
                0x0000000000014156                sys_heap_init
 .text.cbpprintf_external
                0x0000000000014206       0x62 zephyr/libzephyr.a(cbprintf_packaged.c.obj)
                0x0000000000014206                cbpprintf_external
 .text.is_ptr   0x0000000000014268       0x4a zephyr/libzephyr.a(cbprintf_packaged.c.obj)
                0x0000000000014268                is_ptr
 .text.arch_printk_char_out
                0x00000000000142b2        0x4 zephyr/libzephyr.a(printk.c.obj)
                0x00000000000142b2                arch_printk_char_out
 .text.printk   0x00000000000142b6       0x1a zephyr/libzephyr.a(printk.c.obj)
                0x00000000000142b6                printk
 .text.free_space
                0x00000000000142d0       0x26 zephyr/libzephyr.a(mpsc_pbuf.c.obj)
 .text.get_usage
                0x00000000000142f6       0x22 zephyr/libzephyr.a(mpsc_pbuf.c.obj)
 .text.idx_inc  0x0000000000014318       0x1c zephyr/libzephyr.a(mpsc_pbuf.c.obj)
 .text.rd_idx_inc
                0x0000000000014334       0x18 zephyr/libzephyr.a(mpsc_pbuf.c.obj)
 .text.add_skip_item
                0x000000000001434c       0x3e zephyr/libzephyr.a(mpsc_pbuf.c.obj)
 .text.drop_item_locked
                0x000000000001438a      0x100 zephyr/libzephyr.a(mpsc_pbuf.c.obj)
 .text.post_drop_action
                0x000000000001448a       0x36 zephyr/libzephyr.a(mpsc_pbuf.c.obj)
 .text.max_utilization_update
                0x00000000000144c0       0x1a zephyr/libzephyr.a(mpsc_pbuf.c.obj)
 .text.mpsc_pbuf_init
                0x00000000000144da       0x42 zephyr/libzephyr.a(mpsc_pbuf.c.obj)
                0x00000000000144da                mpsc_pbuf_init
 .text.mpsc_pbuf_alloc
                0x000000000001451c       0xfe zephyr/libzephyr.a(mpsc_pbuf.c.obj)
                0x000000000001451c                mpsc_pbuf_alloc
 .text.mpsc_pbuf_commit
                0x000000000001461a       0x3e zephyr/libzephyr.a(mpsc_pbuf.c.obj)
                0x000000000001461a                mpsc_pbuf_commit
 .text.mpsc_pbuf_claim
                0x0000000000014658       0xa8 zephyr/libzephyr.a(mpsc_pbuf.c.obj)
                0x0000000000014658                mpsc_pbuf_claim
 .text.mpsc_pbuf_free
                0x0000000000014700       0x76 zephyr/libzephyr.a(mpsc_pbuf.c.obj)
                0x0000000000014700                mpsc_pbuf_free
 .text.mpsc_pbuf_is_pending
                0x0000000000014776       0x32 zephyr/libzephyr.a(mpsc_pbuf.c.obj)
                0x0000000000014776                mpsc_pbuf_is_pending
 .text.process_recheck
                0x00000000000147a8       0x38 zephyr/libzephyr.a(onoff.c.obj)
 .text.validate_args
                0x00000000000147e0       0x20 zephyr/libzephyr.a(onoff.c.obj)
 .text.notify_one
                0x0000000000014800       0x2c zephyr/libzephyr.a(onoff.c.obj)
 .text.transition_complete
                0x000000000001482c       0x1a zephyr/libzephyr.a(onoff.c.obj)
 .text.onoff_manager_init
                0x0000000000014846       0x26 zephyr/libzephyr.a(onoff.c.obj)
                0x0000000000014846                onoff_manager_init
 .text.onoff_request
                0x000000000001486c       0xae zephyr/libzephyr.a(onoff.c.obj)
                0x000000000001486c                onoff_request
 .text.sys_notify_validate
                0x000000000001491a       0x28 zephyr/libzephyr.a(notify.c.obj)
                0x000000000001491a                sys_notify_validate
 .text.sys_notify_finalize
                0x0000000000014942       0x32 zephyr/libzephyr.a(notify.c.obj)
                0x0000000000014942                sys_notify_finalize
 .text.ring_buf_area_claim
                0x0000000000014974       0x30 zephyr/libzephyr.a(ring_buffer.c.obj)
                0x0000000000014974                ring_buf_area_claim
 .text.ring_buf_put_claim
                0x00000000000149a4       0x1e zephyr/libzephyr.a(ring_buffer.c.obj)
 .text.ring_buf_get_claim
                0x00000000000149c2       0x1e zephyr/libzephyr.a(ring_buffer.c.obj)
 .text.ring_buf_area_finish
                0x00000000000149e0       0x32 zephyr/libzephyr.a(ring_buffer.c.obj)
                0x00000000000149e0                ring_buf_area_finish
 .text.ring_buf_put
                0x0000000000014a12       0x40 zephyr/libzephyr.a(ring_buffer.c.obj)
                0x0000000000014a12                ring_buf_put
 .text.ring_buf_get
                0x0000000000014a52       0x44 zephyr/libzephyr.a(ring_buffer.c.obj)
                0x0000000000014a52                ring_buf_get
 .text._ConfigAbsSyms
                0x0000000000014a96        0x2 zephyr/libzephyr.a(configs.c.obj)
                0x0000000000014a96                _ConfigAbsSyms
 .text.log_msg_generic_get_wlen
                0x0000000000014a98       0x20 zephyr/libzephyr.a(log_core.c.obj)
 .text.dummy_timestamp
                0x0000000000014ab8        0x4 zephyr/libzephyr.a(log_core.c.obj)
 .text.default_get_timestamp
                0x0000000000014abc        0x4 zephyr/libzephyr.a(log_core.c.obj)
 .text.atomic_inc
                0x0000000000014ac0       0x12 zephyr/libzephyr.a(log_core.c.obj)
 .text.z_log_vprintk
                0x0000000000014ad2       0x1c zephyr/libzephyr.a(log_core.c.obj)
                0x0000000000014ad2                z_log_vprintk
 .text.z_log_notify_drop
                0x0000000000014aee        0x6 zephyr/libzephyr.a(log_core.c.obj)
 .text.z_log_get_tag
                0x0000000000014af4        0x4 zephyr/libzephyr.a(log_core.c.obj)
                0x0000000000014af4                z_log_get_tag
 .text.z_impl_log_filter_set
                0x0000000000014af8       0x10 zephyr/libzephyr.a(log_mgmt.c.obj)
                0x0000000000014af8                z_impl_log_filter_set
 .text.log_backend_enable
                0x0000000000014b08       0x22 zephyr/libzephyr.a(log_mgmt.c.obj)
                0x0000000000014b08                log_backend_enable
 .text.log_backend_disable
                0x0000000000014b2a       0x18 zephyr/libzephyr.a(log_mgmt.c.obj)
                0x0000000000014b2a                log_backend_disable
 .text.z_cbprintf_cpy
                0x0000000000014b42       0x2c zephyr/libzephyr.a(log_msg.c.obj)
 .text.z_log_msg_finalize
                0x0000000000014b6e       0x32 zephyr/libzephyr.a(log_msg.c.obj)
                0x0000000000014b6e                z_log_msg_finalize
 .text.z_log_msg_simple_create
                0x0000000000014ba0       0x6e zephyr/libzephyr.a(log_msg.c.obj)
 .text.z_impl_z_log_msg_simple_create_0
                0x0000000000014c0e       0x12 zephyr/libzephyr.a(log_msg.c.obj)
                0x0000000000014c0e                z_impl_z_log_msg_simple_create_0
 .text.z_impl_z_log_msg_simple_create_1
                0x0000000000014c20       0x14 zephyr/libzephyr.a(log_msg.c.obj)
                0x0000000000014c20                z_impl_z_log_msg_simple_create_1
 .text.z_impl_z_log_msg_simple_create_2
                0x0000000000014c34       0x18 zephyr/libzephyr.a(log_msg.c.obj)
                0x0000000000014c34                z_impl_z_log_msg_simple_create_2
 .text.log_output_write
                0x0000000000014c4c       0x1c zephyr/libzephyr.a(log_output.c.obj)
 .text.log_output_flush
                0x0000000000014c68       0x1a zephyr/libzephyr.a(log_output.c.obj)
 .text.out_func
                0x0000000000014c82       0x2e zephyr/libzephyr.a(log_output.c.obj)
 .text.cr_out_func
                0x0000000000014cb0       0x1c zephyr/libzephyr.a(log_output.c.obj)
 .text.log_output_msg_process
                0x0000000000014ccc       0x6a zephyr/libzephyr.a(log_output.c.obj)
                0x0000000000014ccc                log_output_msg_process
 .text.thread_valid_cb
                0x0000000000014d36        0xc zephyr/libzephyr.a(thread.c.obj)
 .text.log_msg_generic_get_wlen
                0x0000000000014d42       0x20 zephyr/libzephyr.a(shell_uart.c.obj)
 .text.uart_irq_tx_disable
                0x0000000000014d62        0xa zephyr/libzephyr.a(shell_uart.c.obj)
 .text.enable   0x0000000000014d6c       0x12 zephyr/libzephyr.a(shell_uart.c.obj)
 .text.read_uart
                0x0000000000014d7e       0x12 zephyr/libzephyr.a(shell_uart.c.obj)
 .text.uninit   0x0000000000014d90       0x20 zephyr/libzephyr.a(shell_uart.c.obj)
 .text.write_uart
                0x0000000000014db0       0x64 zephyr/libzephyr.a(shell_uart.c.obj)
 .text.cmd_buffer_clear
                0x0000000000014e14       0x16 zephyr/libzephyr.a(shell.c.obj)
 .text.atomic_or
                0x0000000000014e2a       0x16 zephyr/libzephyr.a(shell.c.obj)
 .text.atomic_and
                0x0000000000014e40       0x16 zephyr/libzephyr.a(shell.c.obj)
 .text.k_mutex_lock
                0x0000000000014e56        0x4 zephyr/libzephyr.a(shell.c.obj)
 .text.shell_signal_handle
                0x0000000000014e5a       0x2c zephyr/libzephyr.a(shell.c.obj)
 .text.z_shell_raw_fprintf
                0x0000000000014e86       0x1a zephyr/libzephyr.a(shell.c.obj)
 .text.z_shell_strlen
                0x0000000000014ea0        0xc zephyr/libzephyr.a(shell.c.obj)
 .text.transport_evt_handler
                0x0000000000014eac       0x14 zephyr/libzephyr.a(shell.c.obj)
 .text.z_flag_cmd_ctx_set.isra.0
                0x0000000000014ec0       0x16 zephyr/libzephyr.a(shell.c.obj)
 .text.z_flag_history_exit_set.isra.0
                0x0000000000014ed6       0x14 zephyr/libzephyr.a(shell.c.obj)
 .text.z_flag_insert_mode_set.isra.0
                0x0000000000014eea       0x1e zephyr/libzephyr.a(shell.c.obj)
 .text.k_mutex_unlock.isra.0
                0x0000000000014f08        0x4 zephyr/libzephyr.a(shell.c.obj)
 .text.shell_log_process
                0x0000000000014f0c       0x4a zephyr/libzephyr.a(shell.c.obj)
 .text.shell_start
                0x0000000000014f56       0x6e zephyr/libzephyr.a(shell.c.obj)
                0x0000000000014f56                shell_start
 .text.shell_vfprintf
                0x0000000000014fc4       0x8c zephyr/libzephyr.a(shell.c.obj)
                0x0000000000014fc4                shell_vfprintf
 .text.shell_fprintf_impl
                0x0000000000015050       0x1a zephyr/libzephyr.a(shell.c.obj)
                0x0000000000015050                shell_fprintf_impl
 .text.shell_fprintf_normal
                0x000000000001506a       0x1c zephyr/libzephyr.a(shell.c.obj)
                0x000000000001506a                shell_fprintf_normal
 .text.shell_fprintf_warn
                0x0000000000015086       0x1c zephyr/libzephyr.a(shell.c.obj)
                0x0000000000015086                shell_fprintf_warn
 .text.shell_fprintf_error
                0x00000000000150a2       0x1c zephyr/libzephyr.a(shell.c.obj)
                0x00000000000150a2                shell_fprintf_error
 .text.shell_prompt_change
                0x00000000000150be       0x5c zephyr/libzephyr.a(shell.c.obj)
                0x00000000000150be                shell_prompt_change
 .text.shell_help
                0x000000000001511a       0x2c zephyr/libzephyr.a(shell.c.obj)
                0x000000000001511a                shell_help
 .text.shell_get_return_value
                0x0000000000015146       0x10 zephyr/libzephyr.a(shell.c.obj)
                0x0000000000015146                shell_get_return_value
 .text.shell_set_bypass
                0x0000000000015156        0xc zephyr/libzephyr.a(shell.c.obj)
                0x0000000000015156                shell_set_bypass
 .text.z_shell_fprintf_buffer_flush
                0x0000000000015162       0x18 zephyr/libzephyr.a(shell_fprintf.c.obj)
                0x0000000000015162                z_shell_fprintf_buffer_flush
 .text.out_func
                0x000000000001517a       0x3c zephyr/libzephyr.a(shell_fprintf.c.obj)
 .text.z_shell_strlen
                0x00000000000151b6        0xc zephyr/libzephyr.a(shell_utils.c.obj)
 .text.z_column_span_with_buffer_offsets_get
                0x00000000000151c2       0x1e zephyr/libzephyr.a(shell_utils.c.obj)
                0x00000000000151c2                z_column_span_with_buffer_offsets_get
 .text.z_row_span_with_buffer_offsets_get
                0x00000000000151e0       0x16 zephyr/libzephyr.a(shell_utils.c.obj)
                0x00000000000151e0                z_row_span_with_buffer_offsets_get
 .text.z_shell_multiline_data_calc